[2019-08-03T18:05:17.469-0530][gc,heap] Heap region size: 1M
[2019-08-03T18:05:17.477-0530][gc     ] Using G1
[2019-08-03T18:05:17.477-0530][gc,heap,coops] Heap address: 0x00000007c0000000, size: 1024 MB, Compressed Oops mode: Zero based, Oop shift amount: 3
[2019-08-03T18:05:18.460-0530][gc,start     ] GC(0) Pause Young (Concurrent Start) (Metadata GC Threshold)
[2019-08-03T18:05:18.461-0530][gc,task      ] GC(0) Using 10 workers of 10 for evacuation
[2019-08-03T18:05:18.467-0530][gc,phases    ] GC(0)   Pre Evacuate Collection Set: 0.0ms
[2019-08-03T18:05:18.467-0530][gc,phases    ] GC(0)   Evacuate Collection Set: 4.9ms
[2019-08-03T18:05:18.467-0530][gc,phases    ] GC(0)   Post Evacuate Collection Set: 0.3ms
[2019-08-03T18:05:18.467-0530][gc,phases    ] GC(0)   Other: 1.3ms
[2019-08-03T18:05:18.467-0530][gc,heap      ] GC(0) Eden regions: 37->0(45)
[2019-08-03T18:05:18.467-0530][gc,heap      ] GC(0) Survivor regions: 0->6(7)
[2019-08-03T18:05:18.467-0530][gc,heap      ] GC(0) Old regions: 0->0
[2019-08-03T18:05:18.467-0530][gc,heap      ] GC(0) Humongous regions: 0->0
[2019-08-03T18:05:18.467-0530][gc,metaspace ] GC(0) Metaspace: 20769K->20769K(1069056K)
[2019-08-03T18:05:18.467-0530][gc           ] GC(0) Pause Young (Concurrent Start) (Metadata GC Threshold) 36M->5M(1024M) 6.580ms
[2019-08-03T18:05:18.467-0530][gc,cpu       ] GC(0) User=0.01s Sys=0.01s Real=0.00s
[2019-08-03T18:05:18.467-0530][gc           ] GC(1) Concurrent Cycle
[2019-08-03T18:05:18.467-0530][gc,marking   ] GC(1) Concurrent Clear Claimed Marks
[2019-08-03T18:05:18.467-0530][gc,marking   ] GC(1) Concurrent Clear Claimed Marks 0.014ms
[2019-08-03T18:05:18.467-0530][gc,marking   ] GC(1) Concurrent Scan Root Regions
[2019-08-03T18:05:18.468-0530][gc,marking   ] GC(1) Concurrent Scan Root Regions 1.248ms
[2019-08-03T18:05:18.468-0530][gc,marking   ] GC(1) Concurrent Mark (1.005s)
[2019-08-03T18:05:18.468-0530][gc,marking   ] GC(1) Concurrent Mark From Roots
[2019-08-03T18:05:18.468-0530][gc,task      ] GC(1) Using 3 workers of 3 for marking
[2019-08-03T18:05:18.468-0530][gc,marking   ] GC(1) Concurrent Mark From Roots 0.144ms
[2019-08-03T18:05:18.468-0530][gc,marking   ] GC(1) Concurrent Preclean
[2019-08-03T18:05:18.468-0530][gc,marking   ] GC(1) Concurrent Preclean 0.025ms
[2019-08-03T18:05:18.468-0530][gc,marking   ] GC(1) Concurrent Mark (1.005s, 1.006s) 0.199ms
[2019-08-03T18:05:18.468-0530][gc,start     ] GC(1) Pause Remark
[2019-08-03T18:05:18.470-0530][gc,stringtable] GC(1) Cleaned string and symbol table, strings: 7303 processed, 0 removed, symbols: 63657 processed, 42 removed
[2019-08-03T18:05:18.470-0530][gc            ] GC(1) Pause Remark 6M->6M(1024M) 1.855ms
[2019-08-03T18:05:18.470-0530][gc,cpu        ] GC(1) User=0.01s Sys=0.00s Real=0.01s
[2019-08-03T18:05:18.470-0530][gc,marking    ] GC(1) Concurrent Rebuild Remembered Sets
[2019-08-03T18:05:18.471-0530][gc,marking    ] GC(1) Concurrent Rebuild Remembered Sets 0.099ms
[2019-08-03T18:05:18.471-0530][gc,start      ] GC(1) Pause Cleanup
[2019-08-03T18:05:18.471-0530][gc            ] GC(1) Pause Cleanup 6M->6M(1024M) 0.184ms
[2019-08-03T18:05:18.471-0530][gc,cpu        ] GC(1) User=0.00s Sys=0.00s Real=0.00s
[2019-08-03T18:05:18.471-0530][gc,marking    ] GC(1) Concurrent Cleanup for Next Mark
[2019-08-03T18:05:18.476-0530][gc,marking    ] GC(1) Concurrent Cleanup for Next Mark 4.936ms
[2019-08-03T18:05:18.476-0530][gc            ] GC(1) Concurrent Cycle 9.112ms
[2019-08-03T18:05:19.335-0530][gc,start      ] GC(2) Pause Young (Normal) (G1 Evacuation Pause)
[2019-08-03T18:05:19.335-0530][gc,task       ] GC(2) Using 10 workers of 10 for evacuation
[2019-08-03T18:05:19.342-0530][gc,phases     ] GC(2)   Pre Evacuate Collection Set: 0.0ms
[2019-08-03T18:05:19.342-0530][gc,phases     ] GC(2)   Evacuate Collection Set: 6.0ms
[2019-08-03T18:05:19.342-0530][gc,phases     ] GC(2)   Post Evacuate Collection Set: 0.7ms
[2019-08-03T18:05:19.342-0530][gc,phases     ] GC(2)   Other: 0.2ms
[2019-08-03T18:05:19.342-0530][gc,heap       ] GC(2) Eden regions: 45->0(47)
[2019-08-03T18:05:19.342-0530][gc,heap       ] GC(2) Survivor regions: 6->4(7)
[2019-08-03T18:05:19.342-0530][gc,heap       ] GC(2) Old regions: 0->6
[2019-08-03T18:05:19.342-0530][gc,heap       ] GC(2) Humongous regions: 129->129
[2019-08-03T18:05:19.342-0530][gc,metaspace  ] GC(2) Metaspace: 30609K->30609K(1077248K)
[2019-08-03T18:05:19.342-0530][gc            ] GC(2) Pause Young (Normal) (G1 Evacuation Pause) 179M->138M(1024M) 7.061ms
[2019-08-03T18:05:19.342-0530][gc,cpu        ] GC(2) User=0.04s Sys=0.01s Real=0.01s
[2019-08-03T18:05:19.678-0530][gc,start      ] GC(3) Pause Young (Concurrent Start) (Metadata GC Threshold)
[2019-08-03T18:05:19.678-0530][gc,task       ] GC(3) Using 10 workers of 10 for evacuation
[2019-08-03T18:05:19.682-0530][gc,phases     ] GC(3)   Pre Evacuate Collection Set: 0.1ms
[2019-08-03T18:05:19.682-0530][gc,phases     ] GC(3)   Evacuate Collection Set: 3.4ms
[2019-08-03T18:05:19.682-0530][gc,phases     ] GC(3)   Post Evacuate Collection Set: 0.3ms
[2019-08-03T18:05:19.682-0530][gc,phases     ] GC(3)   Other: 0.3ms
[2019-08-03T18:05:19.682-0530][gc,heap       ] GC(3) Eden regions: 21->0(46)
[2019-08-03T18:05:19.682-0530][gc,heap       ] GC(3) Survivor regions: 4->5(7)
[2019-08-03T18:05:19.682-0530][gc,heap       ] GC(3) Old regions: 6->6
[2019-08-03T18:05:19.682-0530][gc,heap       ] GC(3) Humongous regions: 129->129
[2019-08-03T18:05:19.682-0530][gc,metaspace  ] GC(3) Metaspace: 34982K->34982K(1081344K)
[2019-08-03T18:05:19.682-0530][gc            ] GC(3) Pause Young (Concurrent Start) (Metadata GC Threshold) 158M->139M(1024M) 4.156ms
[2019-08-03T18:05:19.682-0530][gc,cpu        ] GC(3) User=0.03s Sys=0.00s Real=0.01s
[2019-08-03T18:05:19.682-0530][gc            ] GC(4) Concurrent Cycle
[2019-08-03T18:05:19.682-0530][gc,marking    ] GC(4) Concurrent Clear Claimed Marks
[2019-08-03T18:05:19.682-0530][gc,marking    ] GC(4) Concurrent Clear Claimed Marks 0.049ms
[2019-08-03T18:05:19.682-0530][gc,marking    ] GC(4) Concurrent Scan Root Regions
[2019-08-03T18:05:19.684-0530][gc,marking    ] GC(4) Concurrent Scan Root Regions 1.836ms
[2019-08-03T18:05:19.684-0530][gc,marking    ] GC(4) Concurrent Mark (2.221s)
[2019-08-03T18:05:19.684-0530][gc,marking    ] GC(4) Concurrent Mark From Roots
[2019-08-03T18:05:19.684-0530][gc,task       ] GC(4) Using 3 workers of 3 for marking
[2019-08-03T18:05:19.688-0530][gc,marking    ] GC(4) Concurrent Mark From Roots 4.504ms
[2019-08-03T18:05:19.688-0530][gc,marking    ] GC(4) Concurrent Preclean
[2019-08-03T18:05:19.688-0530][gc,marking    ] GC(4) Concurrent Preclean 0.097ms
[2019-08-03T18:05:19.689-0530][gc,marking    ] GC(4) Concurrent Mark (2.221s, 2.226s) 4.681ms
[2019-08-03T18:05:19.689-0530][gc,start      ] GC(4) Pause Remark
[2019-08-03T18:05:19.691-0530][gc,stringtable] GC(4) Cleaned string and symbol table, strings: 12984 processed, 8 removed, symbols: 101218 processed, 28 removed
[2019-08-03T18:05:19.691-0530][gc            ] GC(4) Pause Remark 139M->139M(1024M) 2.300ms
[2019-08-03T18:05:19.691-0530][gc,cpu        ] GC(4) User=0.02s Sys=0.00s Real=0.01s
[2019-08-03T18:05:19.691-0530][gc,marking    ] GC(4) Concurrent Rebuild Remembered Sets
[2019-08-03T18:05:19.694-0530][gc,marking    ] GC(4) Concurrent Rebuild Remembered Sets 2.724ms
[2019-08-03T18:05:19.694-0530][gc,start      ] GC(4) Pause Cleanup
[2019-08-03T18:05:19.694-0530][gc            ] GC(4) Pause Cleanup 139M->139M(1024M) 0.240ms
[2019-08-03T18:05:19.694-0530][gc,cpu        ] GC(4) User=0.00s Sys=0.00s Real=0.00s
[2019-08-03T18:05:19.694-0530][gc,marking    ] GC(4) Concurrent Cleanup for Next Mark
[2019-08-03T18:05:19.701-0530][gc,marking    ] GC(4) Concurrent Cleanup for Next Mark 6.884ms
[2019-08-03T18:05:19.701-0530][gc            ] GC(4) Concurrent Cycle 19.374ms
[2019-08-03T18:08:31.454-0530][gc,start      ] GC(5) Pause Young (Normal) (G1 Evacuation Pause)
[2019-08-03T18:08:31.455-0530][gc,task       ] GC(5) Using 10 workers of 10 for evacuation
[2019-08-03T18:08:31.462-0530][gc,phases     ] GC(5)   Pre Evacuate Collection Set: 0.0ms
[2019-08-03T18:08:31.462-0530][gc,phases     ] GC(5)   Evacuate Collection Set: 5.9ms
[2019-08-03T18:08:31.462-0530][gc,phases     ] GC(5)   Post Evacuate Collection Set: 0.5ms
[2019-08-03T18:08:31.462-0530][gc,phases     ] GC(5)   Other: 1.3ms
[2019-08-03T18:08:31.462-0530][gc,heap       ] GC(5) Eden regions: 46->0(46)
[2019-08-03T18:08:31.462-0530][gc,heap       ] GC(5) Survivor regions: 5->5(7)
[2019-08-03T18:08:31.462-0530][gc,heap       ] GC(5) Old regions: 6->9
[2019-08-03T18:08:31.462-0530][gc,heap       ] GC(5) Humongous regions: 129->129
[2019-08-03T18:08:31.462-0530][gc,metaspace  ] GC(5) Metaspace: 39772K->39772K(1085440K)
[2019-08-03T18:08:31.462-0530][gc            ] GC(5) Pause Young (Normal) (G1 Evacuation Pause) 185M->142M(1024M) 7.904ms
[2019-08-03T18:08:31.462-0530][gc,cpu        ] GC(5) User=0.05s Sys=0.00s Real=0.01s
[2019-08-03T18:10:01.396-0530][gc,start      ] GC(6) Pause Young (Normal) (G1 Evacuation Pause)
[2019-08-03T18:10:01.396-0530][gc,task       ] GC(6) Using 10 workers of 10 for evacuation
[2019-08-03T18:10:01.401-0530][gc,phases     ] GC(6)   Pre Evacuate Collection Set: 0.0ms
[2019-08-03T18:10:01.401-0530][gc,phases     ] GC(6)   Evacuate Collection Set: 4.2ms
[2019-08-03T18:10:01.401-0530][gc,phases     ] GC(6)   Post Evacuate Collection Set: 0.5ms
[2019-08-03T18:10:01.401-0530][gc,phases     ] GC(6)   Other: 0.3ms
[2019-08-03T18:10:01.401-0530][gc,heap       ] GC(6) Eden regions: 46->0(47)
[2019-08-03T18:10:01.401-0530][gc,heap       ] GC(6) Survivor regions: 5->4(7)
[2019-08-03T18:10:01.401-0530][gc,heap       ] GC(6) Old regions: 9->11
[2019-08-03T18:10:01.401-0530][gc,heap       ] GC(6) Humongous regions: 129->129
[2019-08-03T18:10:01.401-0530][gc,metaspace  ] GC(6) Metaspace: 39962K->39962K(1085440K)
[2019-08-03T18:10:01.401-0530][gc            ] GC(6) Pause Young (Normal) (G1 Evacuation Pause) 188M->142M(1024M) 5.142ms
[2019-08-03T18:10:01.401-0530][gc,cpu        ] GC(6) User=0.04s Sys=0.00s Real=0.01s
[2019-08-03T18:11:43.359-0530][gc,start      ] GC(7) Pause Young (Normal) (G1 Evacuation Pause)
[2019-08-03T18:11:43.359-0530][gc,task       ] GC(7) Using 10 workers of 10 for evacuation
[2019-08-03T18:11:43.362-0530][gc,phases     ] GC(7)   Pre Evacuate Collection Set: 0.0ms
[2019-08-03T18:11:43.362-0530][gc,phases     ] GC(7)   Evacuate Collection Set: 2.5ms
[2019-08-03T18:11:43.362-0530][gc,phases     ] GC(7)   Post Evacuate Collection Set: 0.3ms
[2019-08-03T18:11:43.362-0530][gc,phases     ] GC(7)   Other: 0.2ms
[2019-08-03T18:11:43.362-0530][gc,heap       ] GC(7) Eden regions: 47->0(47)
[2019-08-03T18:11:43.362-0530][gc,heap       ] GC(7) Survivor regions: 4->4(7)
[2019-08-03T18:11:43.362-0530][gc,heap       ] GC(7) Old regions: 11->11
[2019-08-03T18:11:43.362-0530][gc,heap       ] GC(7) Humongous regions: 129->129
[2019-08-03T18:11:43.362-0530][gc,metaspace  ] GC(7) Metaspace: 40110K->40110K(1085440K)
[2019-08-03T18:11:43.362-0530][gc            ] GC(7) Pause Young (Normal) (G1 Evacuation Pause) 189M->142M(1024M) 3.085ms
[2019-08-03T18:11:43.362-0530][gc,cpu        ] GC(7) User=0.03s Sys=0.00s Real=0.01s
[2019-08-03T18:13:28.653-0530][gc,start      ] GC(8) Pause Young (Normal) (G1 Evacuation Pause)
[2019-08-03T18:13:28.654-0530][gc,task       ] GC(8) Using 10 workers of 10 for evacuation
[2019-08-03T18:13:28.658-0530][gc,phases     ] GC(8)   Pre Evacuate Collection Set: 0.0ms
[2019-08-03T18:13:28.659-0530][gc,phases     ] GC(8)   Evacuate Collection Set: 4.2ms
[2019-08-03T18:13:28.659-0530][gc,phases     ] GC(8)   Post Evacuate Collection Set: 0.4ms
[2019-08-03T18:13:28.659-0530][gc,phases     ] GC(8)   Other: 1.2ms
[2019-08-03T18:13:28.659-0530][gc,heap       ] GC(8) Eden regions: 47->0(47)
[2019-08-03T18:13:28.659-0530][gc,heap       ] GC(8) Survivor regions: 4->4(7)
[2019-08-03T18:13:28.659-0530][gc,heap       ] GC(8) Old regions: 11->11
[2019-08-03T18:13:28.659-0530][gc,heap       ] GC(8) Humongous regions: 129->129
[2019-08-03T18:13:28.659-0530][gc,metaspace  ] GC(8) Metaspace: 40190K->40190K(1085440K)
[2019-08-03T18:13:28.659-0530][gc            ] GC(8) Pause Young (Normal) (G1 Evacuation Pause) 189M->143M(1024M) 5.931ms
[2019-08-03T18:13:28.659-0530][gc,cpu        ] GC(8) User=0.04s Sys=0.01s Real=0.00s
[2019-08-03T18:15:14.903-0530][gc,start      ] GC(9) Pause Young (Normal) (G1 Evacuation Pause)
[2019-08-03T18:15:14.903-0530][gc,task       ] GC(9) Using 10 workers of 10 for evacuation
[2019-08-03T18:15:14.907-0530][gc,phases     ] GC(9)   Pre Evacuate Collection Set: 0.0ms
[2019-08-03T18:15:14.907-0530][gc,phases     ] GC(9)   Evacuate Collection Set: 4.0ms
[2019-08-03T18:15:14.907-0530][gc,phases     ] GC(9)   Post Evacuate Collection Set: 0.3ms
[2019-08-03T18:15:14.907-0530][gc,phases     ] GC(9)   Other: 0.3ms
[2019-08-03T18:15:14.907-0530][gc,heap       ] GC(9) Eden regions: 47->0(99)
[2019-08-03T18:15:14.907-0530][gc,heap       ] GC(9) Survivor regions: 4->3(7)
[2019-08-03T18:15:14.907-0530][gc,heap       ] GC(9) Old regions: 11->12
[2019-08-03T18:15:14.907-0530][gc,heap       ] GC(9) Humongous regions: 129->129
[2019-08-03T18:15:14.907-0530][gc,metaspace  ] GC(9) Metaspace: 40215K->40215K(1085440K)
[2019-08-03T18:15:14.907-0530][gc            ] GC(9) Pause Young (Normal) (G1 Evacuation Pause) 190M->142M(1024M) 4.845ms
[2019-08-03T18:15:14.907-0530][gc,cpu        ] GC(9) User=0.03s Sys=0.01s Real=0.00s
[2019-08-03T18:18:58.804-0530][gc,start      ] GC(10) Pause Young (Normal) (G1 Evacuation Pause)
[2019-08-03T18:18:58.804-0530][gc,task       ] GC(10) Using 10 workers of 10 for evacuation
[2019-08-03T18:18:58.811-0530][gc,phases     ] GC(10)   Pre Evacuate Collection Set: 0.0ms
[2019-08-03T18:18:58.811-0530][gc,phases     ] GC(10)   Evacuate Collection Set: 6.1ms
[2019-08-03T18:18:58.811-0530][gc,phases     ] GC(10)   Post Evacuate Collection Set: 0.3ms
[2019-08-03T18:18:58.811-0530][gc,phases     ] GC(10)   Other: 0.4ms
[2019-08-03T18:18:58.811-0530][gc,heap       ] GC(10) Eden regions: 99->0(100)
[2019-08-03T18:18:58.811-0530][gc,heap       ] GC(10) Survivor regions: 3->5(13)
[2019-08-03T18:18:58.811-0530][gc,heap       ] GC(10) Old regions: 12->12
[2019-08-03T18:18:58.811-0530][gc,heap       ] GC(10) Humongous regions: 129->129
[2019-08-03T18:18:58.811-0530][gc,metaspace  ] GC(10) Metaspace: 40337K->40337K(1085440K)
[2019-08-03T18:18:58.811-0530][gc            ] GC(10) Pause Young (Normal) (G1 Evacuation Pause) 241M->145M(1024M) 6.991ms
[2019-08-03T18:18:58.811-0530][gc,cpu        ] GC(10) User=0.05s Sys=0.01s Real=0.01s
[2019-08-03T18:22:45.199-0530][gc,start      ] GC(11) Pause Young (Normal) (G1 Evacuation Pause)
[2019-08-03T18:22:45.199-0530][gc,task       ] GC(11) Using 10 workers of 10 for evacuation
[2019-08-03T18:22:45.206-0530][gc,phases     ] GC(11)   Pre Evacuate Collection Set: 0.0ms
[2019-08-03T18:22:45.206-0530][gc,phases     ] GC(11)   Evacuate Collection Set: 6.8ms
[2019-08-03T18:22:45.206-0530][gc,phases     ] GC(11)   Post Evacuate Collection Set: 0.2ms
[2019-08-03T18:22:45.206-0530][gc,phases     ] GC(11)   Other: 0.2ms
[2019-08-03T18:22:45.206-0530][gc,heap       ] GC(11) Eden regions: 100->0(100)
[2019-08-03T18:22:45.206-0530][gc,heap       ] GC(11) Survivor regions: 5->9(14)
[2019-08-03T18:22:45.206-0530][gc,heap       ] GC(11) Old regions: 12->12
[2019-08-03T18:22:45.206-0530][gc,heap       ] GC(11) Humongous regions: 129->129
[2019-08-03T18:22:45.206-0530][gc,metaspace  ] GC(11) Metaspace: 40359K->40359K(1085440K)
[2019-08-03T18:22:45.206-0530][gc            ] GC(11) Pause Young (Normal) (G1 Evacuation Pause) 245M->149M(1024M) 7.359ms
[2019-08-03T18:22:45.206-0530][gc,cpu        ] GC(11) User=0.06s Sys=0.00s Real=0.01s
[2019-08-03T18:26:35.136-0530][gc,start      ] GC(12) Pause Young (Normal) (G1 Evacuation Pause)
[2019-08-03T18:26:35.136-0530][gc,task       ] GC(12) Using 10 workers of 10 for evacuation
[2019-08-03T18:26:35.145-0530][gc,phases     ] GC(12)   Pre Evacuate Collection Set: 0.0ms
[2019-08-03T18:26:35.146-0530][gc,phases     ] GC(12)   Evacuate Collection Set: 9.3ms
[2019-08-03T18:26:35.146-0530][gc,phases     ] GC(12)   Post Evacuate Collection Set: 0.3ms
[2019-08-03T18:26:35.146-0530][gc,phases     ] GC(12)   Other: 0.2ms
[2019-08-03T18:26:35.146-0530][gc,heap       ] GC(12) Eden regions: 100->0(99)
[2019-08-03T18:26:35.146-0530][gc,heap       ] GC(12) Survivor regions: 9->9(14)
[2019-08-03T18:26:35.146-0530][gc,heap       ] GC(12) Old regions: 12->16
[2019-08-03T18:26:35.146-0530][gc,heap       ] GC(12) Humongous regions: 129->129
[2019-08-03T18:26:35.146-0530][gc,metaspace  ] GC(12) Metaspace: 40418K->40418K(1085440K)
[2019-08-03T18:26:35.146-0530][gc            ] GC(12) Pause Young (Normal) (G1 Evacuation Pause) 249M->153M(1024M) 10.038ms
[2019-08-03T18:26:35.146-0530][gc,cpu        ] GC(12) User=0.08s Sys=0.00s Real=0.01s
[2019-08-03T18:30:23.165-0530][gc,start      ] GC(13) Pause Young (Normal) (G1 Evacuation Pause)
[2019-08-03T18:30:23.165-0530][gc,task       ] GC(13) Using 10 workers of 10 for evacuation
[2019-08-03T18:30:23.173-0530][gc,phases     ] GC(13)   Pre Evacuate Collection Set: 0.0ms
[2019-08-03T18:30:23.173-0530][gc,phases     ] GC(13)   Evacuate Collection Set: 7.3ms
[2019-08-03T18:30:23.173-0530][gc,phases     ] GC(13)   Post Evacuate Collection Set: 0.2ms
[2019-08-03T18:30:23.173-0530][gc,phases     ] GC(13)   Other: 0.2ms
[2019-08-03T18:30:23.173-0530][gc,heap       ] GC(13) Eden regions: 99->0(101)
[2019-08-03T18:30:23.173-0530][gc,heap       ] GC(13) Survivor regions: 9->10(14)
[2019-08-03T18:30:23.173-0530][gc,heap       ] GC(13) Old regions: 16->20
[2019-08-03T18:30:23.173-0530][gc,heap       ] GC(13) Humongous regions: 129->129
[2019-08-03T18:30:23.173-0530][gc,metaspace  ] GC(13) Metaspace: 40430K->40430K(1085440K)
[2019-08-03T18:30:23.173-0530][gc            ] GC(13) Pause Young (Normal) (G1 Evacuation Pause) 252M->158M(1024M) 7.887ms
[2019-08-03T18:30:23.173-0530][gc,cpu        ] GC(13) User=0.07s Sys=0.01s Real=0.01s
[2019-08-03T18:34:06.157-0530][gc,start      ] GC(14) Pause Young (Normal) (G1 Evacuation Pause)
[2019-08-03T18:34:06.157-0530][gc,task       ] GC(14) Using 10 workers of 10 for evacuation
[2019-08-03T18:34:06.165-0530][gc,phases     ] GC(14)   Pre Evacuate Collection Set: 0.0ms
[2019-08-03T18:34:06.165-0530][gc,phases     ] GC(14)   Evacuate Collection Set: 7.8ms
[2019-08-03T18:34:06.165-0530][gc,phases     ] GC(14)   Post Evacuate Collection Set: 0.2ms
[2019-08-03T18:34:06.165-0530][gc,phases     ] GC(14)   Other: 0.2ms
[2019-08-03T18:34:06.165-0530][gc,heap       ] GC(14) Eden regions: 101->0(104)
[2019-08-03T18:34:06.165-0530][gc,heap       ] GC(14) Survivor regions: 10->12(14)
[2019-08-03T18:34:06.165-0530][gc,heap       ] GC(14) Old regions: 20->24
[2019-08-03T18:34:06.165-0530][gc,heap       ] GC(14) Humongous regions: 129->129
[2019-08-03T18:34:06.165-0530][gc,metaspace  ] GC(14) Metaspace: 41115K->41115K(1087488K)
[2019-08-03T18:34:06.165-0530][gc            ] GC(14) Pause Young (Normal) (G1 Evacuation Pause) 259M->163M(1024M) 8.379ms
[2019-08-03T18:34:06.165-0530][gc,cpu        ] GC(14) User=0.08s Sys=0.01s Real=0.01s
[2019-08-03T18:38:02.100-0530][gc,start      ] GC(15) Pause Young (Normal) (G1 Evacuation Pause)
[2019-08-03T18:38:02.100-0530][gc,task       ] GC(15) Using 10 workers of 10 for evacuation
[2019-08-03T18:38:02.109-0530][gc,phases     ] GC(15)   Pre Evacuate Collection Set: 0.0ms
[2019-08-03T18:38:02.109-0530][gc,phases     ] GC(15)   Evacuate Collection Set: 8.7ms
[2019-08-03T18:38:02.109-0530][gc,phases     ] GC(15)   Post Evacuate Collection Set: 0.2ms
[2019-08-03T18:38:02.109-0530][gc,phases     ] GC(15)   Other: 0.2ms
[2019-08-03T18:38:02.109-0530][gc,heap       ] GC(15) Eden regions: 104->0(601)
[2019-08-03T18:38:02.109-0530][gc,heap       ] GC(15) Survivor regions: 12->13(15)
[2019-08-03T18:38:02.109-0530][gc,heap       ] GC(15) Old regions: 24->29
[2019-08-03T18:38:02.109-0530][gc,heap       ] GC(15) Humongous regions: 129->129
[2019-08-03T18:38:02.109-0530][gc,metaspace  ] GC(15) Metaspace: 41191K->41191K(1087488K)
[2019-08-03T18:38:02.109-0530][gc            ] GC(15) Pause Young (Normal) (G1 Evacuation Pause) 267M->169M(1024M) 9.262ms
[2019-08-03T18:38:02.109-0530][gc,cpu        ] GC(15) User=0.08s Sys=0.01s Real=0.00s
