[2019-08-03T21:26:54.195-0530][gc,heap] Heap region size: 1M
[2019-08-03T21:26:54.203-0530][gc     ] Using G1
[2019-08-03T21:26:54.203-0530][gc,heap,coops] Heap address: 0x00000007c0000000, size: 1024 MB, Compressed Oops mode: Zero based, Oop shift amount: 3
[2019-08-03T21:26:55.686-0530][gc,start     ] GC(0) Pause Young (Concurrent Start) (Metadata GC Threshold)
[2019-08-03T21:26:55.687-0530][gc,task      ] GC(0) Using 10 workers of 10 for evacuation
[2019-08-03T21:26:55.695-0530][gc,phases    ] GC(0)   Pre Evacuate Collection Set: 0.1ms
[2019-08-03T21:26:55.695-0530][gc,phases    ] GC(0)   Evacuate Collection Set: 7.1ms
[2019-08-03T21:26:55.695-0530][gc,phases    ] GC(0)   Post Evacuate Collection Set: 0.5ms
[2019-08-03T21:26:55.695-0530][gc,phases    ] GC(0)   Other: 0.9ms
[2019-08-03T21:26:55.695-0530][gc,heap      ] GC(0) Eden regions: 37->0(45)
[2019-08-03T21:26:55.695-0530][gc,heap      ] GC(0) Survivor regions: 0->6(7)
[2019-08-03T21:26:55.695-0530][gc,heap      ] GC(0) Old regions: 0->0
[2019-08-03T21:26:55.695-0530][gc,heap      ] GC(0) Humongous regions: 0->0
[2019-08-03T21:26:55.695-0530][gc,metaspace ] GC(0) Metaspace: 20746K->20746K(1069056K)
[2019-08-03T21:26:55.695-0530][gc           ] GC(0) Pause Young (Concurrent Start) (Metadata GC Threshold) 36M->5M(1024M) 8.710ms
[2019-08-03T21:26:55.695-0530][gc,cpu       ] GC(0) User=0.02s Sys=0.00s Real=0.01s
[2019-08-03T21:26:55.695-0530][gc           ] GC(1) Concurrent Cycle
[2019-08-03T21:26:55.695-0530][gc,marking   ] GC(1) Concurrent Clear Claimed Marks
[2019-08-03T21:26:55.695-0530][gc,marking   ] GC(1) Concurrent Clear Claimed Marks 0.042ms
[2019-08-03T21:26:55.695-0530][gc,marking   ] GC(1) Concurrent Scan Root Regions
[2019-08-03T21:26:55.697-0530][gc,marking   ] GC(1) Concurrent Scan Root Regions 1.847ms
[2019-08-03T21:26:55.697-0530][gc,marking   ] GC(1) Concurrent Mark (1.514s)
[2019-08-03T21:26:55.697-0530][gc,marking   ] GC(1) Concurrent Mark From Roots
[2019-08-03T21:26:55.697-0530][gc,task      ] GC(1) Using 3 workers of 3 for marking
[2019-08-03T21:26:55.697-0530][gc,marking   ] GC(1) Concurrent Mark From Roots 0.278ms
[2019-08-03T21:26:55.697-0530][gc,marking   ] GC(1) Concurrent Preclean
[2019-08-03T21:26:55.698-0530][gc,marking   ] GC(1) Concurrent Preclean 0.036ms
[2019-08-03T21:26:55.698-0530][gc,marking   ] GC(1) Concurrent Mark (1.514s, 1.514s) 0.368ms
[2019-08-03T21:26:55.698-0530][gc,start     ] GC(1) Pause Remark
[2019-08-03T21:26:55.699-0530][gc,stringtable] GC(1) Cleaned string and symbol table, strings: 7274 processed, 0 removed, symbols: 63541 processed, 43 removed
[2019-08-03T21:26:55.700-0530][gc            ] GC(1) Pause Remark 6M->6M(1024M) 1.851ms
[2019-08-03T21:26:55.700-0530][gc,cpu        ] GC(1) User=0.01s Sys=0.00s Real=0.01s
[2019-08-03T21:26:55.700-0530][gc,marking    ] GC(1) Concurrent Rebuild Remembered Sets
[2019-08-03T21:26:55.700-0530][gc,marking    ] GC(1) Concurrent Rebuild Remembered Sets 0.094ms
[2019-08-03T21:26:55.700-0530][gc,start      ] GC(1) Pause Cleanup
[2019-08-03T21:26:55.700-0530][gc            ] GC(1) Pause Cleanup 6M->6M(1024M) 0.178ms
[2019-08-03T21:26:55.700-0530][gc,cpu        ] GC(1) User=0.00s Sys=0.00s Real=0.00s
[2019-08-03T21:26:55.700-0530][gc,marking    ] GC(1) Concurrent Cleanup for Next Mark
[2019-08-03T21:26:55.705-0530][gc,marking    ] GC(1) Concurrent Cleanup for Next Mark 4.850ms
[2019-08-03T21:26:55.705-0530][gc            ] GC(1) Concurrent Cycle 9.879ms
[2019-08-03T21:27:02.461-0530][gc,heap,exit  ] Heap
[2019-08-03T21:27:02.461-0530][gc,heap,exit  ]  garbage-first heap   total 1048576K, used 10239K [0x00000007c0000000, 0x0000000800000000)
[2019-08-03T21:27:02.461-0530][gc,heap,exit  ]   region size 1024K, 11 young (11264K), 6 survivors (6144K)
[2019-08-03T21:27:02.461-0530][gc,heap,exit  ]  Metaspace       used 21496K, capacity 21980K, committed 22320K, reserved 1069056K
[2019-08-03T21:27:02.461-0530][gc,heap,exit  ]   class space    used 2648K, capacity 2851K, committed 2944K, reserved 1048576K
