[2019-08-03T21:27:09.170-0530][gc,heap] Heap region size: 1M
[2019-08-03T21:27:09.178-0530][gc     ] Using G1
[2019-08-03T21:27:09.178-0530][gc,heap,coops] Heap address: 0x00000007c0000000, size: 1024 MB, Compressed Oops mode: Zero based, Oop shift amount: 3
[2019-08-03T21:27:10.084-0530][gc,start     ] GC(0) Pause Young (Concurrent Start) (Metadata GC Threshold)
[2019-08-03T21:27:10.084-0530][gc,task      ] GC(0) Using 10 workers of 10 for evacuation
[2019-08-03T21:27:10.090-0530][gc,phases    ] GC(0)   Pre Evacuate Collection Set: 0.0ms
[2019-08-03T21:27:10.090-0530][gc,phases    ] GC(0)   Evacuate Collection Set: 4.9ms
[2019-08-03T21:27:10.090-0530][gc,phases    ] GC(0)   Post Evacuate Collection Set: 0.3ms
[2019-08-03T21:27:10.090-0530][gc,phases    ] GC(0)   Other: 0.7ms
[2019-08-03T21:27:10.090-0530][gc,heap      ] GC(0) Eden regions: 37->0(45)
[2019-08-03T21:27:10.090-0530][gc,heap      ] GC(0) Survivor regions: 0->6(7)
[2019-08-03T21:27:10.090-0530][gc,heap      ] GC(0) Old regions: 0->0
[2019-08-03T21:27:10.090-0530][gc,heap      ] GC(0) Humongous regions: 0->0
[2019-08-03T21:27:10.090-0530][gc,metaspace ] GC(0) Metaspace: 20763K->20763K(1069056K)
[2019-08-03T21:27:10.090-0530][gc           ] GC(0) Pause Young (Concurrent Start) (Metadata GC Threshold) 36M->5M(1024M) 6.038ms
[2019-08-03T21:27:10.090-0530][gc,cpu       ] GC(0) User=0.02s Sys=0.00s Real=0.01s
[2019-08-03T21:27:10.090-0530][gc           ] GC(1) Concurrent Cycle
[2019-08-03T21:27:10.090-0530][gc,marking   ] GC(1) Concurrent Clear Claimed Marks
[2019-08-03T21:27:10.090-0530][gc,marking   ] GC(1) Concurrent Clear Claimed Marks 0.015ms
[2019-08-03T21:27:10.090-0530][gc,marking   ] GC(1) Concurrent Scan Root Regions
[2019-08-03T21:27:10.091-0530][gc,marking   ] GC(1) Concurrent Scan Root Regions 1.276ms
[2019-08-03T21:27:10.091-0530][gc,marking   ] GC(1) Concurrent Mark (0.929s)
[2019-08-03T21:27:10.091-0530][gc,marking   ] GC(1) Concurrent Mark From Roots
[2019-08-03T21:27:10.091-0530][gc,task      ] GC(1) Using 3 workers of 3 for marking
[2019-08-03T21:27:10.092-0530][gc,marking   ] GC(1) Concurrent Mark From Roots 0.160ms
[2019-08-03T21:27:10.092-0530][gc,marking   ] GC(1) Concurrent Preclean
[2019-08-03T21:27:10.092-0530][gc,marking   ] GC(1) Concurrent Preclean 0.029ms
[2019-08-03T21:27:10.092-0530][gc,marking   ] GC(1) Concurrent Mark (0.929s, 0.929s) 0.234ms
[2019-08-03T21:27:10.092-0530][gc,start     ] GC(1) Pause Remark
[2019-08-03T21:27:10.093-0530][gc,stringtable] GC(1) Cleaned string and symbol table, strings: 7291 processed, 0 removed, symbols: 63705 processed, 42 removed
[2019-08-03T21:27:10.094-0530][gc            ] GC(1) Pause Remark 6M->6M(1024M) 1.805ms
[2019-08-03T21:27:10.094-0530][gc,cpu        ] GC(1) User=0.01s Sys=0.00s Real=0.00s
[2019-08-03T21:27:10.094-0530][gc,marking    ] GC(1) Concurrent Rebuild Remembered Sets
[2019-08-03T21:27:10.094-0530][gc,marking    ] GC(1) Concurrent Rebuild Remembered Sets 0.042ms
[2019-08-03T21:27:10.094-0530][gc,start      ] GC(1) Pause Cleanup
[2019-08-03T21:27:10.094-0530][gc            ] GC(1) Pause Cleanup 6M->6M(1024M) 0.145ms
[2019-08-03T21:27:10.094-0530][gc,cpu        ] GC(1) User=0.00s Sys=0.00s Real=0.00s
[2019-08-03T21:27:10.094-0530][gc,marking    ] GC(1) Concurrent Cleanup for Next Mark
[2019-08-03T21:27:10.099-0530][gc,marking    ] GC(1) Concurrent Cleanup for Next Mark 4.946ms
[2019-08-03T21:27:10.099-0530][gc            ] GC(1) Concurrent Cycle 9.043ms
[2019-08-03T21:27:10.988-0530][gc,start      ] GC(2) Pause Young (Normal) (G1 Evacuation Pause)
[2019-08-03T21:27:10.988-0530][gc,task       ] GC(2) Using 10 workers of 10 for evacuation
[2019-08-03T21:27:10.993-0530][gc,phases     ] GC(2)   Pre Evacuate Collection Set: 0.0ms
[2019-08-03T21:27:10.993-0530][gc,phases     ] GC(2)   Evacuate Collection Set: 4.8ms
[2019-08-03T21:27:10.993-0530][gc,phases     ] GC(2)   Post Evacuate Collection Set: 0.4ms
[2019-08-03T21:27:10.993-0530][gc,phases     ] GC(2)   Other: 0.1ms
[2019-08-03T21:27:10.993-0530][gc,heap       ] GC(2) Eden regions: 45->0(47)
[2019-08-03T21:27:10.993-0530][gc,heap       ] GC(2) Survivor regions: 6->4(7)
[2019-08-03T21:27:10.993-0530][gc,heap       ] GC(2) Old regions: 0->6
[2019-08-03T21:27:10.993-0530][gc,heap       ] GC(2) Humongous regions: 129->129
[2019-08-03T21:27:10.993-0530][gc,metaspace  ] GC(2) Metaspace: 30621K->30621K(1077248K)
[2019-08-03T21:27:10.993-0530][gc            ] GC(2) Pause Young (Normal) (G1 Evacuation Pause) 179M->138M(1024M) 5.511ms
[2019-08-03T21:27:10.993-0530][gc,cpu        ] GC(2) User=0.04s Sys=0.00s Real=0.01s
[2019-08-03T21:27:11.249-0530][gc,start      ] GC(3) Pause Young (Concurrent Start) (GCLocker Initiated GC)
[2019-08-03T21:27:11.249-0530][gc,task       ] GC(3) Using 10 workers of 10 for evacuation
[2019-08-03T21:27:11.253-0530][gc,phases     ] GC(3)   Pre Evacuate Collection Set: 0.1ms
[2019-08-03T21:27:11.253-0530][gc,phases     ] GC(3)   Evacuate Collection Set: 3.3ms
[2019-08-03T21:27:11.253-0530][gc,phases     ] GC(3)   Post Evacuate Collection Set: 0.3ms
[2019-08-03T21:27:11.253-0530][gc,phases     ] GC(3)   Other: 0.2ms
[2019-08-03T21:27:11.253-0530][gc,heap       ] GC(3) Eden regions: 20->0(46)
[2019-08-03T21:27:11.253-0530][gc,heap       ] GC(3) Survivor regions: 4->5(7)
[2019-08-03T21:27:11.253-0530][gc,heap       ] GC(3) Old regions: 6->6
[2019-08-03T21:27:11.253-0530][gc,heap       ] GC(3) Humongous regions: 129->129
[2019-08-03T21:27:11.253-0530][gc,metaspace  ] GC(3) Metaspace: 34693K->34693K(1081344K)
[2019-08-03T21:27:11.253-0530][gc            ] GC(3) Pause Young (Concurrent Start) (GCLocker Initiated GC) 157M->139M(1024M) 3.944ms
[2019-08-03T21:27:11.253-0530][gc,cpu        ] GC(3) User=0.03s Sys=0.00s Real=0.01s
[2019-08-03T21:27:11.253-0530][gc            ] GC(4) Concurrent Cycle
[2019-08-03T21:27:11.253-0530][gc,marking    ] GC(4) Concurrent Clear Claimed Marks
[2019-08-03T21:27:11.253-0530][gc,marking    ] GC(4) Concurrent Clear Claimed Marks 0.077ms
[2019-08-03T21:27:11.253-0530][gc,marking    ] GC(4) Concurrent Scan Root Regions
[2019-08-03T21:27:11.255-0530][gc,marking    ] GC(4) Concurrent Scan Root Regions 2.005ms
[2019-08-03T21:27:11.256-0530][gc,marking    ] GC(4) Concurrent Mark (2.093s)
[2019-08-03T21:27:11.256-0530][gc,marking    ] GC(4) Concurrent Mark From Roots
[2019-08-03T21:27:11.256-0530][gc,task       ] GC(4) Using 3 workers of 3 for marking
[2019-08-03T21:27:11.261-0530][gc,marking    ] GC(4) Concurrent Mark From Roots 5.147ms
[2019-08-03T21:27:11.261-0530][gc,marking    ] GC(4) Concurrent Preclean
[2019-08-03T21:27:11.261-0530][gc,marking    ] GC(4) Concurrent Preclean 0.100ms
[2019-08-03T21:27:11.261-0530][gc,marking    ] GC(4) Concurrent Mark (2.093s, 2.098s) 5.312ms
[2019-08-03T21:27:11.261-0530][gc,start      ] GC(4) Pause Remark
[2019-08-03T21:27:11.263-0530][gc,stringtable] GC(4) Cleaned string and symbol table, strings: 12959 processed, 7 removed, symbols: 100998 processed, 28 removed
[2019-08-03T21:27:11.263-0530][gc            ] GC(4) Pause Remark 141M->141M(1024M) 2.116ms
[2019-08-03T21:27:11.263-0530][gc,cpu        ] GC(4) User=0.02s Sys=0.00s Real=0.00s
[2019-08-03T21:27:11.263-0530][gc,marking    ] GC(4) Concurrent Rebuild Remembered Sets
[2019-08-03T21:27:11.266-0530][gc,marking    ] GC(4) Concurrent Rebuild Remembered Sets 2.932ms
[2019-08-03T21:27:11.267-0530][gc,start      ] GC(4) Pause Cleanup
[2019-08-03T21:27:11.267-0530][gc            ] GC(4) Pause Cleanup 141M->141M(1024M) 0.140ms
[2019-08-03T21:27:11.267-0530][gc,cpu        ] GC(4) User=0.00s Sys=0.00s Real=0.00s
[2019-08-03T21:27:11.267-0530][gc,marking    ] GC(4) Concurrent Cleanup for Next Mark
[2019-08-03T21:27:11.273-0530][gc,marking    ] GC(4) Concurrent Cleanup for Next Mark 6.276ms
[2019-08-03T21:27:11.273-0530][gc            ] GC(4) Concurrent Cycle 19.711ms
[2019-08-03T22:00:45.049-0530][gc,start      ] GC(5) Pause Young (Normal) (G1 Evacuation Pause)
[2019-08-03T22:00:45.049-0530][gc,task       ] GC(5) Using 10 workers of 10 for evacuation
[2019-08-03T22:00:45.054-0530][gc,phases     ] GC(5)   Pre Evacuate Collection Set: 0.0ms
[2019-08-03T22:00:45.054-0530][gc,phases     ] GC(5)   Evacuate Collection Set: 3.7ms
[2019-08-03T22:00:45.054-0530][gc,phases     ] GC(5)   Post Evacuate Collection Set: 0.5ms
[2019-08-03T22:00:45.054-0530][gc,phases     ] GC(5)   Other: 0.5ms
[2019-08-03T22:00:45.054-0530][gc,heap       ] GC(5) Eden regions: 46->0(47)
[2019-08-03T22:00:45.054-0530][gc,heap       ] GC(5) Survivor regions: 5->4(7)
[2019-08-03T22:00:45.054-0530][gc,heap       ] GC(5) Old regions: 6->9
[2019-08-03T22:00:45.054-0530][gc,heap       ] GC(5) Humongous regions: 129->129
[2019-08-03T22:00:45.054-0530][gc,metaspace  ] GC(5) Metaspace: 40438K->40438K(1085440K)
[2019-08-03T22:00:45.054-0530][gc            ] GC(5) Pause Young (Normal) (G1 Evacuation Pause) 185M->141M(1024M) 4.917ms
[2019-08-03T22:00:45.054-0530][gc,cpu        ] GC(5) User=0.04s Sys=0.01s Real=0.01s
[2019-08-03T22:02:13.104-0530][gc,start      ] GC(6) Pause Young (Normal) (G1 Evacuation Pause)
[2019-08-03T22:02:13.105-0530][gc,task       ] GC(6) Using 10 workers of 10 for evacuation
[2019-08-03T22:02:13.111-0530][gc,phases     ] GC(6)   Pre Evacuate Collection Set: 0.0ms
[2019-08-03T22:02:13.111-0530][gc,phases     ] GC(6)   Evacuate Collection Set: 5.0ms
[2019-08-03T22:02:13.111-0530][gc,phases     ] GC(6)   Post Evacuate Collection Set: 1.4ms
[2019-08-03T22:02:13.111-0530][gc,phases     ] GC(6)   Other: 1.4ms
[2019-08-03T22:02:13.111-0530][gc,heap       ] GC(6) Eden regions: 47->0(45)
[2019-08-03T22:02:13.111-0530][gc,heap       ] GC(6) Survivor regions: 4->6(7)
[2019-08-03T22:02:13.111-0530][gc,heap       ] GC(6) Old regions: 9->9
[2019-08-03T22:02:13.111-0530][gc,heap       ] GC(6) Humongous regions: 129->129
[2019-08-03T22:02:13.112-0530][gc,metaspace  ] GC(6) Metaspace: 41613K->41613K(1087488K)
[2019-08-03T22:02:13.112-0530][gc            ] GC(6) Pause Young (Normal) (G1 Evacuation Pause) 188M->143M(1024M) 7.951ms
[2019-08-03T22:02:13.112-0530][gc,cpu        ] GC(6) User=0.05s Sys=0.00s Real=0.01s
[2019-08-03T22:03:46.777-0530][gc,start      ] GC(7) Pause Young (Normal) (G1 Evacuation Pause)
[2019-08-03T22:03:46.778-0530][gc,task       ] GC(7) Using 10 workers of 10 for evacuation
[2019-08-03T22:03:46.782-0530][gc,phases     ] GC(7)   Pre Evacuate Collection Set: 0.0ms
[2019-08-03T22:03:46.782-0530][gc,phases     ] GC(7)   Evacuate Collection Set: 3.4ms
[2019-08-03T22:03:46.782-0530][gc,phases     ] GC(7)   Post Evacuate Collection Set: 0.4ms
[2019-08-03T22:03:46.782-0530][gc,phases     ] GC(7)   Other: 1.0ms
[2019-08-03T22:03:46.782-0530][gc,heap       ] GC(7) Eden regions: 45->0(48)
[2019-08-03T22:03:46.782-0530][gc,heap       ] GC(7) Survivor regions: 6->3(7)
[2019-08-03T22:03:46.782-0530][gc,heap       ] GC(7) Old regions: 9->12
[2019-08-03T22:03:46.782-0530][gc,heap       ] GC(7) Humongous regions: 129->129
[2019-08-03T22:03:46.782-0530][gc,metaspace  ] GC(7) Metaspace: 41840K->41840K(1087488K)
[2019-08-03T22:03:46.782-0530][gc            ] GC(7) Pause Young (Normal) (G1 Evacuation Pause) 188M->143M(1024M) 4.918ms
[2019-08-03T22:03:46.782-0530][gc,cpu        ] GC(7) User=0.03s Sys=0.01s Real=0.01s
[2019-08-03T22:05:33.197-0530][gc,start      ] GC(8) Pause Young (Normal) (G1 Evacuation Pause)
[2019-08-03T22:05:33.198-0530][gc,task       ] GC(8) Using 10 workers of 10 for evacuation
[2019-08-03T22:05:33.201-0530][gc,phases     ] GC(8)   Pre Evacuate Collection Set: 0.0ms
[2019-08-03T22:05:33.201-0530][gc,phases     ] GC(8)   Evacuate Collection Set: 3.2ms
[2019-08-03T22:05:33.201-0530][gc,phases     ] GC(8)   Post Evacuate Collection Set: 0.3ms
[2019-08-03T22:05:33.201-0530][gc,phases     ] GC(8)   Other: 1.1ms
[2019-08-03T22:05:33.201-0530][gc,heap       ] GC(8) Eden regions: 48->0(47)
[2019-08-03T22:05:33.201-0530][gc,heap       ] GC(8) Survivor regions: 3->4(7)
[2019-08-03T22:05:33.201-0530][gc,heap       ] GC(8) Old regions: 12->12
[2019-08-03T22:05:33.201-0530][gc,heap       ] GC(8) Humongous regions: 129->129
[2019-08-03T22:05:33.201-0530][gc,metaspace  ] GC(8) Metaspace: 41939K->41939K(1087488K)
[2019-08-03T22:05:33.201-0530][gc            ] GC(8) Pause Young (Normal) (G1 Evacuation Pause) 191M->143M(1024M) 4.784ms
[2019-08-03T22:05:33.201-0530][gc,cpu        ] GC(8) User=0.03s Sys=0.01s Real=0.01s
[2019-08-03T22:07:19.955-0530][gc,start      ] GC(9) Pause Young (Normal) (G1 Evacuation Pause)
[2019-08-03T22:07:19.955-0530][gc,task       ] GC(9) Using 10 workers of 10 for evacuation
[2019-08-03T22:07:19.960-0530][gc,phases     ] GC(9)   Pre Evacuate Collection Set: 0.0ms
[2019-08-03T22:07:19.960-0530][gc,phases     ] GC(9)   Evacuate Collection Set: 4.9ms
[2019-08-03T22:07:19.960-0530][gc,phases     ] GC(9)   Post Evacuate Collection Set: 0.3ms
[2019-08-03T22:07:19.960-0530][gc,phases     ] GC(9)   Other: 0.3ms
[2019-08-03T22:07:19.960-0530][gc,heap       ] GC(9) Eden regions: 47->0(154)
[2019-08-03T22:07:19.960-0530][gc,heap       ] GC(9) Survivor regions: 4->6(7)
[2019-08-03T22:07:19.960-0530][gc,heap       ] GC(9) Old regions: 12->12
[2019-08-03T22:07:19.960-0530][gc,heap       ] GC(9) Humongous regions: 129->129
[2019-08-03T22:07:19.960-0530][gc,metaspace  ] GC(9) Metaspace: 41966K->41966K(1087488K)
[2019-08-03T22:07:19.960-0530][gc            ] GC(9) Pause Young (Normal) (G1 Evacuation Pause) 190M->146M(1024M) 5.690ms
[2019-08-03T22:07:19.960-0530][gc,cpu        ] GC(9) User=0.05s Sys=0.00s Real=0.01s
[2019-08-03T22:13:07.841-0530][gc,start      ] GC(10) Pause Young (Normal) (G1 Evacuation Pause)
[2019-08-03T22:13:07.841-0530][gc,task       ] GC(10) Using 10 workers of 10 for evacuation
[2019-08-03T22:13:07.853-0530][gc,phases     ] GC(10)   Pre Evacuate Collection Set: 0.0ms
[2019-08-03T22:13:07.853-0530][gc,phases     ] GC(10)   Evacuate Collection Set: 11.3ms
[2019-08-03T22:13:07.853-0530][gc,phases     ] GC(10)   Post Evacuate Collection Set: 0.3ms
[2019-08-03T22:13:07.853-0530][gc,phases     ] GC(10)   Other: 0.3ms
[2019-08-03T22:13:07.853-0530][gc,heap       ] GC(10) Eden regions: 154->0(70)
[2019-08-03T22:13:07.853-0530][gc,heap       ] GC(10) Survivor regions: 6->12(20)
[2019-08-03T22:13:07.853-0530][gc,heap       ] GC(10) Old regions: 12->12
[2019-08-03T22:13:07.853-0530][gc,heap       ] GC(10) Humongous regions: 129->129
[2019-08-03T22:13:07.853-0530][gc,metaspace  ] GC(10) Metaspace: 42041K->42041K(1087488K)
[2019-08-03T22:13:07.853-0530][gc            ] GC(10) Pause Young (Normal) (G1 Evacuation Pause) 300M->152M(1024M) 12.011ms
[2019-08-03T22:13:07.853-0530][gc,cpu        ] GC(10) User=0.10s Sys=0.01s Real=0.01s
[2019-08-03T22:15:46.896-0530][gc,start      ] GC(11) Pause Young (Normal) (G1 Evacuation Pause)
[2019-08-03T22:15:46.897-0530][gc,task       ] GC(11) Using 10 workers of 10 for evacuation
[2019-08-03T22:15:46.911-0530][gc,phases     ] GC(11)   Pre Evacuate Collection Set: 0.0ms
[2019-08-03T22:15:46.911-0530][gc,phases     ] GC(11)   Evacuate Collection Set: 14.5ms
[2019-08-03T22:15:46.911-0530][gc,phases     ] GC(11)   Post Evacuate Collection Set: 0.2ms
[2019-08-03T22:15:46.912-0530][gc,phases     ] GC(11)   Other: 0.2ms
[2019-08-03T22:15:46.912-0530][gc,heap       ] GC(11) Eden regions: 70->0(75)
[2019-08-03T22:15:46.912-0530][gc,heap       ] GC(11) Survivor regions: 12->5(11)
[2019-08-03T22:15:46.912-0530][gc,heap       ] GC(11) Old regions: 12->23
[2019-08-03T22:15:46.912-0530][gc,heap       ] GC(11) Humongous regions: 129->129
[2019-08-03T22:15:46.912-0530][gc,metaspace  ] GC(11) Metaspace: 42053K->42053K(1087488K)
[2019-08-03T22:15:46.912-0530][gc            ] GC(11) Pause Young (Normal) (G1 Evacuation Pause) 222M->156M(1024M) 15.111ms
[2019-08-03T22:15:46.912-0530][gc,cpu        ] GC(11) User=0.12s Sys=0.02s Real=0.02s
[2019-08-03T22:18:27.147-0530][gc,start      ] GC(12) Pause Young (Normal) (G1 Evacuation Pause)
[2019-08-03T22:18:27.147-0530][gc,task       ] GC(12) Using 10 workers of 10 for evacuation
[2019-08-03T22:18:27.154-0530][gc,phases     ] GC(12)   Pre Evacuate Collection Set: 0.0ms
[2019-08-03T22:18:27.154-0530][gc,phases     ] GC(12)   Evacuate Collection Set: 6.4ms
[2019-08-03T22:18:27.154-0530][gc,phases     ] GC(12)   Post Evacuate Collection Set: 0.3ms
[2019-08-03T22:18:27.154-0530][gc,phases     ] GC(12)   Other: 0.3ms
[2019-08-03T22:18:27.154-0530][gc,heap       ] GC(12) Eden regions: 70->0(71)
[2019-08-03T22:18:27.154-0530][gc,heap       ] GC(12) Survivor regions: 5->8(10)
[2019-08-03T22:18:27.154-0530][gc,heap       ] GC(12) Old regions: 23->23
[2019-08-03T22:18:27.154-0530][gc,heap       ] GC(12) Humongous regions: 129->129
[2019-08-03T22:18:27.154-0530][gc,metaspace  ] GC(12) Metaspace: 42080K->42080K(1087488K)
[2019-08-03T22:18:27.155-0530][gc            ] GC(12) Pause Young (Normal) (G1 Evacuation Pause) 226M->159M(1024M) 7.110ms
[2019-08-03T22:18:27.155-0530][gc,cpu        ] GC(12) User=0.06s Sys=0.00s Real=0.01s
[2019-08-03T22:20:40.652-0530][gc,start      ] GC(13) Pause Young (Normal) (G1 Evacuation Pause)
[2019-08-03T22:20:40.652-0530][gc,task       ] GC(13) Using 10 workers of 10 for evacuation
[2019-08-03T22:20:40.658-0530][gc,phases     ] GC(13)   Pre Evacuate Collection Set: 0.0ms
[2019-08-03T22:20:40.658-0530][gc,phases     ] GC(13)   Evacuate Collection Set: 5.8ms
[2019-08-03T22:20:40.658-0530][gc,phases     ] GC(13)   Post Evacuate Collection Set: 0.2ms
[2019-08-03T22:20:40.658-0530][gc,phases     ] GC(13)   Other: 0.2ms
[2019-08-03T22:20:40.658-0530][gc,heap       ] GC(13) Eden regions: 58->0(69)
[2019-08-03T22:20:40.658-0530][gc,heap       ] GC(13) Survivor regions: 8->9(9)
[2019-08-03T22:20:40.658-0530][gc,heap       ] GC(13) Old regions: 23->26
[2019-08-03T22:20:40.658-0530][gc,heap       ] GC(13) Humongous regions: 129->129
[2019-08-03T22:20:40.658-0530][gc,metaspace  ] GC(13) Metaspace: 42130K->42130K(1087488K)
[2019-08-03T22:20:40.658-0530][gc            ] GC(13) Pause Young (Normal) (G1 Evacuation Pause) 217M->163M(1024M) 6.312ms
[2019-08-03T22:20:40.658-0530][gc,cpu        ] GC(13) User=0.06s Sys=0.00s Real=0.00s
[2019-08-03T22:23:18.632-0530][gc,start      ] GC(14) Pause Young (Normal) (G1 Evacuation Pause)
[2019-08-03T22:23:18.632-0530][gc,task       ] GC(14) Using 10 workers of 10 for evacuation
[2019-08-03T22:23:18.641-0530][gc,phases     ] GC(14)   Pre Evacuate Collection Set: 0.0ms
[2019-08-03T22:23:18.641-0530][gc,phases     ] GC(14)   Evacuate Collection Set: 9.1ms
[2019-08-03T22:23:18.641-0530][gc,phases     ] GC(14)   Post Evacuate Collection Set: 0.2ms
[2019-08-03T22:23:18.641-0530][gc,phases     ] GC(14)   Other: 0.3ms
[2019-08-03T22:23:18.641-0530][gc,heap       ] GC(14) Eden regions: 69->0(78)
[2019-08-03T22:23:18.641-0530][gc,heap       ] GC(14) Survivor regions: 9->9(10)
[2019-08-03T22:23:18.641-0530][gc,heap       ] GC(14) Old regions: 26->30
[2019-08-03T22:23:18.641-0530][gc,heap       ] GC(14) Humongous regions: 129->129
[2019-08-03T22:23:18.642-0530][gc,metaspace  ] GC(14) Metaspace: 42153K->42153K(1087488K)
[2019-08-03T22:23:18.642-0530][gc            ] GC(14) Pause Young (Normal) (G1 Evacuation Pause) 232M->167M(1024M) 9.814ms
[2019-08-03T22:23:18.642-0530][gc,cpu        ] GC(14) User=0.08s Sys=0.00s Real=0.01s
[2019-08-03T22:26:18.654-0530][gc,start      ] GC(15) Pause Young (Normal) (G1 Evacuation Pause)
[2019-08-03T22:26:18.654-0530][gc,task       ] GC(15) Using 10 workers of 10 for evacuation
[2019-08-03T22:26:18.663-0530][gc,phases     ] GC(15)   Pre Evacuate Collection Set: 0.0ms
[2019-08-03T22:26:18.663-0530][gc,phases     ] GC(15)   Evacuate Collection Set: 8.8ms
[2019-08-03T22:26:18.663-0530][gc,phases     ] GC(15)   Post Evacuate Collection Set: 0.3ms
[2019-08-03T22:26:18.663-0530][gc,phases     ] GC(15)   Other: 0.3ms
[2019-08-03T22:26:18.663-0530][gc,heap       ] GC(15) Eden regions: 78->0(88)
[2019-08-03T22:26:18.663-0530][gc,heap       ] GC(15) Survivor regions: 9->9(11)
[2019-08-03T22:26:18.663-0530][gc,heap       ] GC(15) Old regions: 30->34
[2019-08-03T22:26:18.663-0530][gc,heap       ] GC(15) Humongous regions: 129->129
[2019-08-03T22:26:18.663-0530][gc,metaspace  ] GC(15) Metaspace: 42175K->42175K(1087488K)
[2019-08-03T22:26:18.663-0530][gc            ] GC(15) Pause Young (Normal) (G1 Evacuation Pause) 245M->171M(1024M) 9.502ms
[2019-08-03T22:26:18.663-0530][gc,cpu        ] GC(15) User=0.08s Sys=0.00s Real=0.01s
[2019-08-03T22:29:34.937-0530][gc,start      ] GC(16) Pause Young (Normal) (G1 Evacuation Pause)
[2019-08-03T22:29:34.938-0530][gc,task       ] GC(16) Using 10 workers of 10 for evacuation
[2019-08-03T22:29:34.947-0530][gc,phases     ] GC(16)   Pre Evacuate Collection Set: 0.0ms
[2019-08-03T22:29:34.947-0530][gc,phases     ] GC(16)   Evacuate Collection Set: 9.2ms
[2019-08-03T22:29:34.947-0530][gc,phases     ] GC(16)   Post Evacuate Collection Set: 0.3ms
[2019-08-03T22:29:34.947-0530][gc,phases     ] GC(16)   Other: 0.4ms
[2019-08-03T22:29:34.947-0530][gc,heap       ] GC(16) Eden regions: 88->0(96)
[2019-08-03T22:29:34.947-0530][gc,heap       ] GC(16) Survivor regions: 9->9(13)
[2019-08-03T22:29:34.947-0530][gc,heap       ] GC(16) Old regions: 34->38
[2019-08-03T22:29:34.947-0530][gc,heap       ] GC(16) Humongous regions: 129->129
[2019-08-03T22:29:34.947-0530][gc,metaspace  ] GC(16) Metaspace: 42281K->42281K(1087488K)
[2019-08-03T22:29:34.947-0530][gc            ] GC(16) Pause Young (Normal) (G1 Evacuation Pause) 259M->175M(1024M) 9.951ms
[2019-08-03T22:29:34.947-0530][gc,cpu        ] GC(16) User=0.09s Sys=0.00s Real=0.01s
[2019-08-03T22:33:18.195-0530][gc,start      ] GC(17) Pause Young (Normal) (G1 Evacuation Pause)
[2019-08-03T22:33:18.195-0530][gc,task       ] GC(17) Using 10 workers of 10 for evacuation
[2019-08-03T22:33:18.203-0530][gc,phases     ] GC(17)   Pre Evacuate Collection Set: 0.0ms
[2019-08-03T22:33:18.204-0530][gc,phases     ] GC(17)   Evacuate Collection Set: 7.8ms
[2019-08-03T22:33:18.204-0530][gc,phases     ] GC(17)   Post Evacuate Collection Set: 0.3ms
[2019-08-03T22:33:18.204-0530][gc,phases     ] GC(17)   Other: 0.4ms
[2019-08-03T22:33:18.204-0530][gc,heap       ] GC(17) Eden regions: 96->0(120)
[2019-08-03T22:33:18.204-0530][gc,heap       ] GC(17) Survivor regions: 9->5(14)
[2019-08-03T22:33:18.204-0530][gc,heap       ] GC(17) Old regions: 38->42
[2019-08-03T22:33:18.204-0530][gc,heap       ] GC(17) Humongous regions: 129->129
[2019-08-03T22:33:18.204-0530][gc,metaspace  ] GC(17) Metaspace: 42318K->42318K(1087488K)
[2019-08-03T22:33:18.204-0530][gc            ] GC(17) Pause Young (Normal) (G1 Evacuation Pause) 271M->175M(1024M) 8.569ms
[2019-08-03T22:33:18.204-0530][gc,cpu        ] GC(17) User=0.07s Sys=0.01s Real=0.01s
[2019-08-03T22:37:57.359-0530][gc,start      ] GC(18) Pause Young (Normal) (G1 Evacuation Pause)
[2019-08-03T22:37:57.359-0530][gc,task       ] GC(18) Using 10 workers of 10 for evacuation
[2019-08-03T22:37:57.364-0530][gc,phases     ] GC(18)   Pre Evacuate Collection Set: 0.0ms
[2019-08-03T22:37:57.364-0530][gc,phases     ] GC(18)   Evacuate Collection Set: 4.1ms
[2019-08-03T22:37:57.364-0530][gc,phases     ] GC(18)   Post Evacuate Collection Set: 0.3ms
[2019-08-03T22:37:57.364-0530][gc,phases     ] GC(18)   Other: 0.3ms
[2019-08-03T22:37:57.364-0530][gc,heap       ] GC(18) Eden regions: 120->0(140)
[2019-08-03T22:37:57.364-0530][gc,heap       ] GC(18) Survivor regions: 5->5(16)
[2019-08-03T22:37:57.364-0530][gc,heap       ] GC(18) Old regions: 42->42
[2019-08-03T22:37:57.364-0530][gc,heap       ] GC(18) Humongous regions: 129->129
[2019-08-03T22:37:57.364-0530][gc,metaspace  ] GC(18) Metaspace: 42326K->42326K(1087488K)
[2019-08-03T22:37:57.364-0530][gc            ] GC(18) Pause Young (Normal) (G1 Evacuation Pause) 295M->175M(1024M) 4.826ms
[2019-08-03T22:37:57.364-0530][gc,cpu        ] GC(18) User=0.04s Sys=0.00s Real=0.01s
[2019-08-03T22:43:24.830-0530][gc,start      ] GC(19) Pause Young (Normal) (G1 Evacuation Pause)
[2019-08-03T22:43:24.830-0530][gc,task       ] GC(19) Using 10 workers of 10 for evacuation
[2019-08-03T22:43:24.835-0530][gc,phases     ] GC(19)   Pre Evacuate Collection Set: 0.0ms
[2019-08-03T22:43:24.835-0530][gc,phases     ] GC(19)   Evacuate Collection Set: 5.0ms
[2019-08-03T22:43:24.835-0530][gc,phases     ] GC(19)   Post Evacuate Collection Set: 0.3ms
[2019-08-03T22:43:24.835-0530][gc,phases     ] GC(19)   Other: 0.3ms
[2019-08-03T22:43:24.835-0530][gc,heap       ] GC(19) Eden regions: 140->0(162)
[2019-08-03T22:43:24.835-0530][gc,heap       ] GC(19) Survivor regions: 5->5(19)
[2019-08-03T22:43:24.835-0530][gc,heap       ] GC(19) Old regions: 42->42
[2019-08-03T22:43:24.835-0530][gc,heap       ] GC(19) Humongous regions: 129->129
[2019-08-03T22:43:24.835-0530][gc,metaspace  ] GC(19) Metaspace: 42342K->42342K(1087488K)
[2019-08-03T22:43:24.835-0530][gc            ] GC(19) Pause Young (Normal) (G1 Evacuation Pause) 315M->175M(1024M) 5.784ms
[2019-08-03T22:43:24.835-0530][gc,cpu        ] GC(19) User=0.05s Sys=0.00s Real=0.01s
[2019-08-03T22:49:40.324-0530][gc,start      ] GC(20) Pause Young (Normal) (G1 Evacuation Pause)
[2019-08-03T22:49:40.324-0530][gc,task       ] GC(20) Using 10 workers of 10 for evacuation
[2019-08-03T22:49:40.330-0530][gc,phases     ] GC(20)   Pre Evacuate Collection Set: 0.0ms
[2019-08-03T22:49:40.330-0530][gc,phases     ] GC(20)   Evacuate Collection Set: 4.4ms
[2019-08-03T22:49:40.330-0530][gc,phases     ] GC(20)   Post Evacuate Collection Set: 1.2ms
[2019-08-03T22:49:40.330-0530][gc,phases     ] GC(20)   Other: 0.4ms
[2019-08-03T22:49:40.330-0530][gc,heap       ] GC(20) Eden regions: 161->0(208)
[2019-08-03T22:49:40.330-0530][gc,heap       ] GC(20) Survivor regions: 5->5(21)
[2019-08-03T22:49:40.330-0530][gc,heap       ] GC(20) Old regions: 42->42
[2019-08-03T22:49:40.330-0530][gc,heap       ] GC(20) Humongous regions: 129->129
[2019-08-03T22:49:40.330-0530][gc,metaspace  ] GC(20) Metaspace: 42362K->42362K(1087488K)
[2019-08-03T22:49:40.330-0530][gc            ] GC(20) Pause Young (Normal) (G1 Evacuation Pause) 336M->175M(1024M) 6.185ms
[2019-08-03T22:49:40.331-0530][gc,cpu        ] GC(20) User=0.05s Sys=0.01s Real=0.01s
[2019-08-03T22:57:45.284-0530][gc,start      ] GC(21) Pause Young (Normal) (G1 Evacuation Pause)
[2019-08-03T22:57:45.284-0530][gc,task       ] GC(21) Using 10 workers of 10 for evacuation
[2019-08-03T22:57:45.289-0530][gc,phases     ] GC(21)   Pre Evacuate Collection Set: 0.0ms
[2019-08-03T22:57:45.289-0530][gc,phases     ] GC(21)   Evacuate Collection Set: 4.9ms
[2019-08-03T22:57:45.289-0530][gc,phases     ] GC(21)   Post Evacuate Collection Set: 0.3ms
[2019-08-03T22:57:45.289-0530][gc,phases     ] GC(21)   Other: 0.4ms
[2019-08-03T22:57:45.289-0530][gc,heap       ] GC(21) Eden regions: 207->0(460)
[2019-08-03T22:57:45.289-0530][gc,heap       ] GC(21) Survivor regions: 5->5(27)
[2019-08-03T22:57:45.289-0530][gc,heap       ] GC(21) Old regions: 42->42
[2019-08-03T22:57:45.289-0530][gc,heap       ] GC(21) Humongous regions: 129->129
[2019-08-03T22:57:45.289-0530][gc,metaspace  ] GC(21) Metaspace: 42388K->42388K(1087488K)
[2019-08-03T22:57:45.289-0530][gc            ] GC(21) Pause Young (Normal) (G1 Evacuation Pause) 382M->175M(1024M) 5.766ms
[2019-08-03T22:57:45.289-0530][gc,cpu        ] GC(21) User=0.04s Sys=0.01s Real=0.00s
[2019-08-03T23:15:38.725-0530][gc,start      ] GC(22) Pause Young (Normal) (G1 Evacuation Pause)
[2019-08-03T23:15:38.726-0530][gc,task       ] GC(22) Using 10 workers of 10 for evacuation
[2019-08-03T23:15:38.732-0530][gc,phases     ] GC(22)   Pre Evacuate Collection Set: 0.0ms
[2019-08-03T23:15:38.732-0530][gc,phases     ] GC(22)   Evacuate Collection Set: 5.6ms
[2019-08-03T23:15:38.732-0530][gc,phases     ] GC(22)   Post Evacuate Collection Set: 0.6ms
[2019-08-03T23:15:38.732-0530][gc,phases     ] GC(22)   Other: 0.4ms
[2019-08-03T23:15:38.732-0530][gc,heap       ] GC(22) Eden regions: 456->0(609)
[2019-08-03T23:15:38.732-0530][gc,heap       ] GC(22) Survivor regions: 5->5(58)
[2019-08-03T23:15:38.732-0530][gc,heap       ] GC(22) Old regions: 42->42
[2019-08-03T23:15:38.732-0530][gc,heap       ] GC(22) Humongous regions: 129->129
[2019-08-03T23:15:38.732-0530][gc,metaspace  ] GC(22) Metaspace: 42439K->42439K(1087488K)
[2019-08-03T23:15:38.732-0530][gc            ] GC(22) Pause Young (Normal) (G1 Evacuation Pause) 631M->175M(1024M) 6.810ms
[2019-08-03T23:15:38.732-0530][gc,cpu        ] GC(22) User=0.05s Sys=0.01s Real=0.01s
[2019-08-03T23:41:42.895-0530][gc,start      ] GC(23) Pause Young (Normal) (G1 Evacuation Pause)
[2019-08-03T23:41:42.895-0530][gc,task       ] GC(23) Using 10 workers of 10 for evacuation
[2019-08-03T23:41:42.902-0530][gc,phases     ] GC(23)   Pre Evacuate Collection Set: 0.1ms
[2019-08-03T23:41:42.902-0530][gc,phases     ] GC(23)   Evacuate Collection Set: 5.3ms
[2019-08-03T23:41:42.902-0530][gc,phases     ] GC(23)   Post Evacuate Collection Set: 0.8ms
[2019-08-03T23:41:42.902-0530][gc,phases     ] GC(23)   Other: 1.0ms
[2019-08-03T23:41:42.902-0530][gc,heap       ] GC(23) Eden regions: 609->0(609)
[2019-08-03T23:41:42.902-0530][gc,heap       ] GC(23) Survivor regions: 5->5(77)
[2019-08-03T23:41:42.902-0530][gc,heap       ] GC(23) Old regions: 42->42
[2019-08-03T23:41:42.902-0530][gc,heap       ] GC(23) Humongous regions: 129->129
[2019-08-03T23:41:42.902-0530][gc,metaspace  ] GC(23) Metaspace: 42470K->42470K(1087488K)
[2019-08-03T23:41:42.902-0530][gc            ] GC(23) Pause Young (Normal) (G1 Evacuation Pause) 784M->175M(1024M) 7.252ms
[2019-08-03T23:41:42.902-0530][gc,cpu        ] GC(23) User=0.04s Sys=0.00s Real=0.01s
[2019-08-04T00:05:29.825-0530][gc,start      ] GC(24) Pause Young (Normal) (G1 Evacuation Pause)
[2019-08-04T00:05:29.826-0530][gc,task       ] GC(24) Using 10 workers of 10 for evacuation
[2019-08-04T00:05:29.831-0530][gc,phases     ] GC(24)   Pre Evacuate Collection Set: 0.0ms
[2019-08-04T00:05:29.831-0530][gc,phases     ] GC(24)   Evacuate Collection Set: 4.9ms
[2019-08-04T00:05:29.831-0530][gc,phases     ] GC(24)   Post Evacuate Collection Set: 0.5ms
[2019-08-04T00:05:29.831-0530][gc,phases     ] GC(24)   Other: 1.1ms
[2019-08-04T00:05:29.831-0530][gc,heap       ] GC(24) Eden regions: 609->0(609)
[2019-08-04T00:05:29.831-0530][gc,heap       ] GC(24) Survivor regions: 5->5(77)
[2019-08-04T00:05:29.831-0530][gc,heap       ] GC(24) Old regions: 42->42
[2019-08-04T00:05:29.831-0530][gc,heap       ] GC(24) Humongous regions: 129->129
[2019-08-04T00:05:29.831-0530][gc,metaspace  ] GC(24) Metaspace: 42479K->42479K(1087488K)
[2019-08-04T00:05:29.831-0530][gc            ] GC(24) Pause Young (Normal) (G1 Evacuation Pause) 784M->175M(1024M) 6.637ms
[2019-08-04T00:05:29.831-0530][gc,cpu        ] GC(24) User=0.04s Sys=0.00s Real=0.01s
[2019-08-04T09:23:24.384-0530][gc,start      ] GC(25) Pause Young (Normal) (G1 Evacuation Pause)
[2019-08-04T09:23:24.385-0530][gc,task       ] GC(25) Using 10 workers of 10 for evacuation
[2019-08-04T09:23:24.388-0530][gc,phases     ] GC(25)   Pre Evacuate Collection Set: 0.0ms
[2019-08-04T09:23:24.388-0530][gc,phases     ] GC(25)   Evacuate Collection Set: 2.8ms
[2019-08-04T09:23:24.388-0530][gc,phases     ] GC(25)   Post Evacuate Collection Set: 0.4ms
[2019-08-04T09:23:24.388-0530][gc,phases     ] GC(25)   Other: 1.1ms
[2019-08-04T09:23:24.388-0530][gc,heap       ] GC(25) Eden regions: 609->0(609)
[2019-08-04T09:23:24.388-0530][gc,heap       ] GC(25) Survivor regions: 5->5(77)
[2019-08-04T09:23:24.388-0530][gc,heap       ] GC(25) Old regions: 42->42
[2019-08-04T09:23:24.388-0530][gc,heap       ] GC(25) Humongous regions: 129->129
[2019-08-04T09:23:24.388-0530][gc,metaspace  ] GC(25) Metaspace: 42493K->42493K(1087488K)
[2019-08-04T09:23:24.388-0530][gc            ] GC(25) Pause Young (Normal) (G1 Evacuation Pause) 784M->175M(1024M) 4.333ms
[2019-08-04T09:23:24.388-0530][gc,cpu        ] GC(25) User=0.03s Sys=0.01s Real=0.00s
[2019-08-04T11:19:59.329-0530][gc,start      ] GC(26) Pause Young (Normal) (G1 Evacuation Pause)
[2019-08-04T11:19:59.330-0530][gc,task       ] GC(26) Using 10 workers of 10 for evacuation
[2019-08-04T11:19:59.335-0530][gc,phases     ] GC(26)   Pre Evacuate Collection Set: 0.0ms
[2019-08-04T11:19:59.335-0530][gc,phases     ] GC(26)   Evacuate Collection Set: 4.6ms
[2019-08-04T11:19:59.335-0530][gc,phases     ] GC(26)   Post Evacuate Collection Set: 0.4ms
[2019-08-04T11:19:59.335-0530][gc,phases     ] GC(26)   Other: 0.4ms
[2019-08-04T11:19:59.335-0530][gc,heap       ] GC(26) Eden regions: 609->0(610)
[2019-08-04T11:19:59.335-0530][gc,heap       ] GC(26) Survivor regions: 5->4(77)
[2019-08-04T11:19:59.335-0530][gc,heap       ] GC(26) Old regions: 42->42
[2019-08-04T11:19:59.335-0530][gc,heap       ] GC(26) Humongous regions: 129->129
[2019-08-04T11:19:59.335-0530][gc,metaspace  ] GC(26) Metaspace: 42529K->42529K(1087488K)
[2019-08-04T11:19:59.335-0530][gc            ] GC(26) Pause Young (Normal) (G1 Evacuation Pause) 784M->175M(1024M) 5.636ms
[2019-08-04T11:19:59.335-0530][gc,cpu        ] GC(26) User=0.03s Sys=0.01s Real=0.01s
[2019-08-04T11:43:57.474-0530][gc,start      ] GC(27) Pause Young (Normal) (G1 Evacuation Pause)
[2019-08-04T11:43:57.475-0530][gc,task       ] GC(27) Using 10 workers of 10 for evacuation
[2019-08-04T11:43:57.478-0530][gc,phases     ] GC(27)   Pre Evacuate Collection Set: 0.0ms
[2019-08-04T11:43:57.478-0530][gc,phases     ] GC(27)   Evacuate Collection Set: 2.6ms
[2019-08-04T11:43:57.478-0530][gc,phases     ] GC(27)   Post Evacuate Collection Set: 0.4ms
[2019-08-04T11:43:57.478-0530][gc,phases     ] GC(27)   Other: 1.0ms
[2019-08-04T11:43:57.478-0530][gc,heap       ] GC(27) Eden regions: 610->0(609)
[2019-08-04T11:43:57.478-0530][gc,heap       ] GC(27) Survivor regions: 4->5(77)
[2019-08-04T11:43:57.478-0530][gc,heap       ] GC(27) Old regions: 42->42
[2019-08-04T11:43:57.478-0530][gc,heap       ] GC(27) Humongous regions: 129->129
[2019-08-04T11:43:57.478-0530][gc,metaspace  ] GC(27) Metaspace: 42573K->42573K(1087488K)
[2019-08-04T11:43:57.478-0530][gc            ] GC(27) Pause Young (Normal) (G1 Evacuation Pause) 785M->175M(1024M) 4.129ms
[2019-08-04T11:43:57.478-0530][gc,cpu        ] GC(27) User=0.02s Sys=0.00s Real=0.00s
[2019-08-04T12:07:31.230-0530][gc,start      ] GC(28) Pause Young (Normal) (G1 Evacuation Pause)
[2019-08-04T12:07:31.231-0530][gc,task       ] GC(28) Using 10 workers of 10 for evacuation
[2019-08-04T12:07:31.236-0530][gc,phases     ] GC(28)   Pre Evacuate Collection Set: 0.0ms
[2019-08-04T12:07:31.236-0530][gc,phases     ] GC(28)   Evacuate Collection Set: 3.5ms
[2019-08-04T12:07:31.236-0530][gc,phases     ] GC(28)   Post Evacuate Collection Set: 0.4ms
[2019-08-04T12:07:31.236-0530][gc,phases     ] GC(28)   Other: 1.2ms
[2019-08-04T12:07:31.236-0530][gc,heap       ] GC(28) Eden regions: 609->0(609)
[2019-08-04T12:07:31.236-0530][gc,heap       ] GC(28) Survivor regions: 5->5(77)
[2019-08-04T12:07:31.236-0530][gc,heap       ] GC(28) Old regions: 42->42
[2019-08-04T12:07:31.236-0530][gc,heap       ] GC(28) Humongous regions: 129->129
[2019-08-04T12:07:31.236-0530][gc,metaspace  ] GC(28) Metaspace: 43187K->43187K(1087488K)
[2019-08-04T12:07:31.236-0530][gc            ] GC(28) Pause Young (Normal) (G1 Evacuation Pause) 784M->175M(1024M) 5.240ms
[2019-08-04T12:07:31.236-0530][gc,cpu        ] GC(28) User=0.03s Sys=0.00s Real=0.00s
[2019-08-04T12:31:13.684-0530][gc,start      ] GC(29) Pause Young (Normal) (G1 Evacuation Pause)
[2019-08-04T12:31:13.685-0530][gc,task       ] GC(29) Using 10 workers of 10 for evacuation
[2019-08-04T12:31:13.692-0530][gc,phases     ] GC(29)   Pre Evacuate Collection Set: 0.0ms
[2019-08-04T12:31:13.692-0530][gc,phases     ] GC(29)   Evacuate Collection Set: 5.3ms
[2019-08-04T12:31:13.692-0530][gc,phases     ] GC(29)   Post Evacuate Collection Set: 0.8ms
[2019-08-04T12:31:13.692-0530][gc,phases     ] GC(29)   Other: 1.5ms
[2019-08-04T12:31:13.692-0530][gc,heap       ] GC(29) Eden regions: 609->0(609)
[2019-08-04T12:31:13.692-0530][gc,heap       ] GC(29) Survivor regions: 5->5(77)
[2019-08-04T12:31:13.692-0530][gc,heap       ] GC(29) Old regions: 42->42
[2019-08-04T12:31:13.692-0530][gc,heap       ] GC(29) Humongous regions: 129->129
[2019-08-04T12:31:13.692-0530][gc,metaspace  ] GC(29) Metaspace: 43310K->43310K(1087488K)
[2019-08-04T12:31:13.692-0530][gc            ] GC(29) Pause Young (Normal) (G1 Evacuation Pause) 784M->175M(1024M) 7.830ms
[2019-08-04T12:31:13.692-0530][gc,cpu        ] GC(29) User=0.05s Sys=0.00s Real=0.01s
[2019-08-04T14:02:53.619-0530][gc,start      ] GC(30) Pause Young (Normal) (G1 Evacuation Pause)
[2019-08-04T14:02:53.620-0530][gc,task       ] GC(30) Using 10 workers of 10 for evacuation
[2019-08-04T14:02:53.626-0530][gc,phases     ] GC(30)   Pre Evacuate Collection Set: 0.0ms
[2019-08-04T14:02:53.626-0530][gc,phases     ] GC(30)   Evacuate Collection Set: 4.5ms
[2019-08-04T14:02:53.626-0530][gc,phases     ] GC(30)   Post Evacuate Collection Set: 1.3ms
[2019-08-04T14:02:53.626-0530][gc,phases     ] GC(30)   Other: 1.1ms
[2019-08-04T14:02:53.626-0530][gc,heap       ] GC(30) Eden regions: 609->0(608)
[2019-08-04T14:02:53.626-0530][gc,heap       ] GC(30) Survivor regions: 5->6(77)
[2019-08-04T14:02:53.626-0530][gc,heap       ] GC(30) Old regions: 42->42
[2019-08-04T14:02:53.626-0530][gc,heap       ] GC(30) Humongous regions: 129->129
[2019-08-04T14:02:53.626-0530][gc,metaspace  ] GC(30) Metaspace: 43340K->43340K(1087488K)
[2019-08-04T14:02:53.626-0530][gc            ] GC(30) Pause Young (Normal) (G1 Evacuation Pause) 784M->176M(1024M) 7.214ms
[2019-08-04T14:02:53.626-0530][gc,cpu        ] GC(30) User=0.05s Sys=0.00s Real=0.01s
[2019-08-04T14:26:32.925-0530][gc,start      ] GC(31) Pause Young (Normal) (G1 Evacuation Pause)
[2019-08-04T14:26:32.926-0530][gc,task       ] GC(31) Using 10 workers of 10 for evacuation
[2019-08-04T14:26:32.931-0530][gc,phases     ] GC(31)   Pre Evacuate Collection Set: 0.0ms
[2019-08-04T14:26:32.931-0530][gc,phases     ] GC(31)   Evacuate Collection Set: 3.7ms
[2019-08-04T14:26:32.931-0530][gc,phases     ] GC(31)   Post Evacuate Collection Set: 1.2ms
[2019-08-04T14:26:32.931-0530][gc,phases     ] GC(31)   Other: 0.9ms
[2019-08-04T14:26:32.931-0530][gc,heap       ] GC(31) Eden regions: 608->0(610)
[2019-08-04T14:26:32.931-0530][gc,heap       ] GC(31) Survivor regions: 6->4(77)
[2019-08-04T14:26:32.931-0530][gc,heap       ] GC(31) Old regions: 42->44
[2019-08-04T14:26:32.931-0530][gc,heap       ] GC(31) Humongous regions: 129->129
[2019-08-04T14:26:32.931-0530][gc,metaspace  ] GC(31) Metaspace: 43352K->43352K(1087488K)
[2019-08-04T14:26:32.931-0530][gc            ] GC(31) Pause Young (Normal) (G1 Evacuation Pause) 784M->176M(1024M) 6.054ms
[2019-08-04T14:26:32.931-0530][gc,cpu        ] GC(31) User=0.04s Sys=0.00s Real=0.01s
[2019-08-04T14:50:20.454-0530][gc,start      ] GC(32) Pause Young (Normal) (G1 Evacuation Pause)
[2019-08-04T14:50:20.455-0530][gc,task       ] GC(32) Using 10 workers of 10 for evacuation
[2019-08-04T14:50:20.459-0530][gc,phases     ] GC(32)   Pre Evacuate Collection Set: 0.0ms
[2019-08-04T14:50:20.459-0530][gc,phases     ] GC(32)   Evacuate Collection Set: 2.3ms
[2019-08-04T14:50:20.459-0530][gc,phases     ] GC(32)   Post Evacuate Collection Set: 1.1ms
[2019-08-04T14:50:20.459-0530][gc,phases     ] GC(32)   Other: 0.7ms
[2019-08-04T14:50:20.459-0530][gc,heap       ] GC(32) Eden regions: 610->0(610)
[2019-08-04T14:50:20.459-0530][gc,heap       ] GC(32) Survivor regions: 4->4(77)
[2019-08-04T14:50:20.459-0530][gc,heap       ] GC(32) Old regions: 44->45
[2019-08-04T14:50:20.459-0530][gc,heap       ] GC(32) Humongous regions: 129->129
[2019-08-04T14:50:20.459-0530][gc,metaspace  ] GC(32) Metaspace: 43385K->43385K(1087488K)
[2019-08-04T14:50:20.459-0530][gc            ] GC(32) Pause Young (Normal) (G1 Evacuation Pause) 786M->176M(1024M) 4.266ms
[2019-08-04T14:50:20.459-0530][gc,cpu        ] GC(32) User=0.03s Sys=0.00s Real=0.00s
[2019-08-04T15:13:58.524-0530][gc,start      ] GC(33) Pause Young (Normal) (G1 Evacuation Pause)
[2019-08-04T15:13:58.525-0530][gc,task       ] GC(33) Using 10 workers of 10 for evacuation
[2019-08-04T15:13:58.530-0530][gc,phases     ] GC(33)   Pre Evacuate Collection Set: 0.0ms
[2019-08-04T15:13:58.530-0530][gc,phases     ] GC(33)   Evacuate Collection Set: 3.7ms
[2019-08-04T15:13:58.530-0530][gc,phases     ] GC(33)   Post Evacuate Collection Set: 1.2ms
[2019-08-04T15:13:58.530-0530][gc,phases     ] GC(33)   Other: 1.5ms
[2019-08-04T15:13:58.530-0530][gc,heap       ] GC(33) Eden regions: 610->0(610)
[2019-08-04T15:13:58.530-0530][gc,heap       ] GC(33) Survivor regions: 4->4(77)
[2019-08-04T15:13:58.530-0530][gc,heap       ] GC(33) Old regions: 45->45
[2019-08-04T15:13:58.530-0530][gc,heap       ] GC(33) Humongous regions: 129->129
[2019-08-04T15:13:58.530-0530][gc,metaspace  ] GC(33) Metaspace: 43427K->43427K(1087488K)
[2019-08-04T15:13:58.530-0530][gc            ] GC(33) Pause Young (Normal) (G1 Evacuation Pause) 786M->176M(1024M) 6.551ms
[2019-08-04T15:13:58.530-0530][gc,cpu        ] GC(33) User=0.03s Sys=0.00s Real=0.01s
[2019-08-04T15:37:47.750-0530][gc,start      ] GC(34) Pause Young (Normal) (G1 Evacuation Pause)
[2019-08-04T15:37:47.751-0530][gc,task       ] GC(34) Using 10 workers of 10 for evacuation
[2019-08-04T15:37:47.757-0530][gc,phases     ] GC(34)   Pre Evacuate Collection Set: 0.1ms
[2019-08-04T15:37:47.757-0530][gc,phases     ] GC(34)   Evacuate Collection Set: 4.1ms
[2019-08-04T15:37:47.757-0530][gc,phases     ] GC(34)   Post Evacuate Collection Set: 1.7ms
[2019-08-04T15:37:47.757-0530][gc,phases     ] GC(34)   Other: 1.4ms
[2019-08-04T15:37:47.757-0530][gc,heap       ] GC(34) Eden regions: 610->0(610)
[2019-08-04T15:37:47.757-0530][gc,heap       ] GC(34) Survivor regions: 4->4(77)
[2019-08-04T15:37:47.757-0530][gc,heap       ] GC(34) Old regions: 45->45
[2019-08-04T15:37:47.757-0530][gc,heap       ] GC(34) Humongous regions: 129->129
[2019-08-04T15:37:47.757-0530][gc,metaspace  ] GC(34) Metaspace: 43440K->43440K(1087488K)
[2019-08-04T15:37:47.757-0530][gc            ] GC(34) Pause Young (Normal) (G1 Evacuation Pause) 786M->177M(1024M) 7.476ms
[2019-08-04T15:37:47.757-0530][gc,cpu        ] GC(34) User=0.04s Sys=0.00s Real=0.00s
[2019-08-04T16:01:34.005-0530][gc,start      ] GC(35) Pause Young (Normal) (G1 Evacuation Pause)
[2019-08-04T16:01:34.006-0530][gc,task       ] GC(35) Using 10 workers of 10 for evacuation
[2019-08-04T16:01:34.009-0530][gc,phases     ] GC(35)   Pre Evacuate Collection Set: 0.0ms
[2019-08-04T16:01:34.009-0530][gc,phases     ] GC(35)   Evacuate Collection Set: 2.0ms
[2019-08-04T16:01:34.009-0530][gc,phases     ] GC(35)   Post Evacuate Collection Set: 0.6ms
[2019-08-04T16:01:34.009-0530][gc,phases     ] GC(35)   Other: 0.7ms
[2019-08-04T16:01:34.009-0530][gc,heap       ] GC(35) Eden regions: 610->0(610)
[2019-08-04T16:01:34.009-0530][gc,heap       ] GC(35) Survivor regions: 4->4(77)
[2019-08-04T16:01:34.009-0530][gc,heap       ] GC(35) Old regions: 45->45
[2019-08-04T16:01:34.009-0530][gc,heap       ] GC(35) Humongous regions: 129->129
[2019-08-04T16:01:34.009-0530][gc,metaspace  ] GC(35) Metaspace: 43470K->43470K(1089536K)
[2019-08-04T16:01:34.009-0530][gc            ] GC(35) Pause Young (Normal) (G1 Evacuation Pause) 787M->176M(1024M) 3.441ms
[2019-08-04T16:01:34.009-0530][gc,cpu        ] GC(35) User=0.02s Sys=0.00s Real=0.00s
[2019-08-04T16:32:02.855-0530][gc,start      ] GC(36) Pause Young (Normal) (G1 Evacuation Pause)
[2019-08-04T16:32:02.856-0530][gc,task       ] GC(36) Using 10 workers of 10 for evacuation
[2019-08-04T16:32:02.861-0530][gc,phases     ] GC(36)   Pre Evacuate Collection Set: 0.0ms
[2019-08-04T16:32:02.861-0530][gc,phases     ] GC(36)   Evacuate Collection Set: 3.1ms
[2019-08-04T16:32:02.861-0530][gc,phases     ] GC(36)   Post Evacuate Collection Set: 1.6ms
[2019-08-04T16:32:02.861-0530][gc,phases     ] GC(36)   Other: 1.2ms
[2019-08-04T16:32:02.861-0530][gc,heap       ] GC(36) Eden regions: 610->0(610)
[2019-08-04T16:32:02.861-0530][gc,heap       ] GC(36) Survivor regions: 4->4(77)
[2019-08-04T16:32:02.861-0530][gc,heap       ] GC(36) Old regions: 45->45
[2019-08-04T16:32:02.861-0530][gc,heap       ] GC(36) Humongous regions: 129->129
[2019-08-04T16:32:02.861-0530][gc,metaspace  ] GC(36) Metaspace: 43526K->43526K(1089536K)
[2019-08-04T16:32:02.861-0530][gc            ] GC(36) Pause Young (Normal) (G1 Evacuation Pause) 786M->176M(1024M) 6.056ms
[2019-08-04T16:32:02.861-0530][gc,cpu        ] GC(36) User=0.04s Sys=0.00s Real=0.01s
[2019-08-04T16:55:52.877-0530][gc,start      ] GC(37) Pause Young (Normal) (G1 Evacuation Pause)
[2019-08-04T16:55:52.877-0530][gc,task       ] GC(37) Using 10 workers of 10 for evacuation
[2019-08-04T16:55:52.881-0530][gc,phases     ] GC(37)   Pre Evacuate Collection Set: 0.0ms
[2019-08-04T16:55:52.881-0530][gc,phases     ] GC(37)   Evacuate Collection Set: 2.8ms
[2019-08-04T16:55:52.881-0530][gc,phases     ] GC(37)   Post Evacuate Collection Set: 1.0ms
[2019-08-04T16:55:52.881-0530][gc,phases     ] GC(37)   Other: 0.9ms
[2019-08-04T16:55:52.881-0530][gc,heap       ] GC(37) Eden regions: 610->0(610)
[2019-08-04T16:55:52.881-0530][gc,heap       ] GC(37) Survivor regions: 4->4(77)
[2019-08-04T16:55:52.881-0530][gc,heap       ] GC(37) Old regions: 45->45
[2019-08-04T16:55:52.881-0530][gc,heap       ] GC(37) Humongous regions: 129->129
[2019-08-04T16:55:52.882-0530][gc,metaspace  ] GC(37) Metaspace: 43552K->43552K(1089536K)
[2019-08-04T16:55:52.882-0530][gc            ] GC(37) Pause Young (Normal) (G1 Evacuation Pause) 786M->176M(1024M) 5.025ms
[2019-08-04T16:55:52.882-0530][gc,cpu        ] GC(37) User=0.03s Sys=0.00s Real=0.01s
[2019-08-04T17:19:32.675-0530][gc,start      ] GC(38) Pause Young (Normal) (G1 Evacuation Pause)
[2019-08-04T17:19:32.675-0530][gc,task       ] GC(38) Using 10 workers of 10 for evacuation
[2019-08-04T17:19:32.679-0530][gc,phases     ] GC(38)   Pre Evacuate Collection Set: 0.0ms
[2019-08-04T17:19:32.679-0530][gc,phases     ] GC(38)   Evacuate Collection Set: 2.7ms
[2019-08-04T17:19:32.679-0530][gc,phases     ] GC(38)   Post Evacuate Collection Set: 1.1ms
[2019-08-04T17:19:32.679-0530][gc,phases     ] GC(38)   Other: 0.3ms
[2019-08-04T17:19:32.679-0530][gc,heap       ] GC(38) Eden regions: 610->0(610)
[2019-08-04T17:19:32.679-0530][gc,heap       ] GC(38) Survivor regions: 4->4(77)
[2019-08-04T17:19:32.679-0530][gc,heap       ] GC(38) Old regions: 45->45
[2019-08-04T17:19:32.679-0530][gc,heap       ] GC(38) Humongous regions: 129->129
[2019-08-04T17:19:32.679-0530][gc,metaspace  ] GC(38) Metaspace: 43561K->43561K(1089536K)
[2019-08-04T17:19:32.679-0530][gc            ] GC(38) Pause Young (Normal) (G1 Evacuation Pause) 786M->176M(1024M) 4.270ms
[2019-08-04T17:19:32.679-0530][gc,cpu        ] GC(38) User=0.04s Sys=0.00s Real=0.00s
[2019-08-04T17:43:22.905-0530][gc,start      ] GC(39) Pause Young (Normal) (G1 Evacuation Pause)
[2019-08-04T17:43:22.905-0530][gc,task       ] GC(39) Using 10 workers of 10 for evacuation
[2019-08-04T17:43:22.908-0530][gc,phases     ] GC(39)   Pre Evacuate Collection Set: 0.0ms
[2019-08-04T17:43:22.908-0530][gc,phases     ] GC(39)   Evacuate Collection Set: 1.9ms
[2019-08-04T17:43:22.908-0530][gc,phases     ] GC(39)   Post Evacuate Collection Set: 1.0ms
[2019-08-04T17:43:22.908-0530][gc,phases     ] GC(39)   Other: 0.9ms
[2019-08-04T17:43:22.908-0530][gc,heap       ] GC(39) Eden regions: 610->0(610)
[2019-08-04T17:43:22.908-0530][gc,heap       ] GC(39) Survivor regions: 4->4(77)
[2019-08-04T17:43:22.908-0530][gc,heap       ] GC(39) Old regions: 45->45
[2019-08-04T17:43:22.908-0530][gc,heap       ] GC(39) Humongous regions: 129->129
[2019-08-04T17:43:22.908-0530][gc,metaspace  ] GC(39) Metaspace: 43571K->43571K(1089536K)
[2019-08-04T17:43:22.908-0530][gc            ] GC(39) Pause Young (Normal) (G1 Evacuation Pause) 786M->177M(1024M) 3.856ms
[2019-08-04T17:43:22.908-0530][gc,cpu        ] GC(39) User=0.02s Sys=0.00s Real=0.00s
[2019-08-04T18:07:13.673-0530][gc,start      ] GC(40) Pause Young (Normal) (G1 Evacuation Pause)
[2019-08-04T18:07:13.673-0530][gc,task       ] GC(40) Using 10 workers of 10 for evacuation
[2019-08-04T18:07:13.677-0530][gc,phases     ] GC(40)   Pre Evacuate Collection Set: 0.0ms
[2019-08-04T18:07:13.677-0530][gc,phases     ] GC(40)   Evacuate Collection Set: 1.9ms
[2019-08-04T18:07:13.677-0530][gc,phases     ] GC(40)   Post Evacuate Collection Set: 1.0ms
[2019-08-04T18:07:13.677-0530][gc,phases     ] GC(40)   Other: 1.0ms
[2019-08-04T18:07:13.677-0530][gc,heap       ] GC(40) Eden regions: 610->0(609)
[2019-08-04T18:07:13.677-0530][gc,heap       ] GC(40) Survivor regions: 4->5(77)
[2019-08-04T18:07:13.677-0530][gc,heap       ] GC(40) Old regions: 45->45
[2019-08-04T18:07:13.677-0530][gc,heap       ] GC(40) Humongous regions: 129->129
[2019-08-04T18:07:13.677-0530][gc,metaspace  ] GC(40) Metaspace: 43571K->43571K(1089536K)
[2019-08-04T18:07:13.677-0530][gc            ] GC(40) Pause Young (Normal) (G1 Evacuation Pause) 787M->177M(1024M) 4.066ms
[2019-08-04T18:07:13.677-0530][gc,cpu        ] GC(40) User=0.02s Sys=0.00s Real=0.00s
[2019-08-04T18:30:53.847-0530][gc,start      ] GC(41) Pause Young (Normal) (G1 Evacuation Pause)
[2019-08-04T18:30:53.848-0530][gc,task       ] GC(41) Using 10 workers of 10 for evacuation
[2019-08-04T18:30:53.853-0530][gc,phases     ] GC(41)   Pre Evacuate Collection Set: 0.1ms
[2019-08-04T18:30:53.853-0530][gc,phases     ] GC(41)   Evacuate Collection Set: 3.6ms
[2019-08-04T18:30:53.853-0530][gc,phases     ] GC(41)   Post Evacuate Collection Set: 1.3ms
[2019-08-04T18:30:53.853-0530][gc,phases     ] GC(41)   Other: 1.5ms
[2019-08-04T18:30:53.853-0530][gc,heap       ] GC(41) Eden regions: 609->0(610)
[2019-08-04T18:30:53.853-0530][gc,heap       ] GC(41) Survivor regions: 5->4(77)
[2019-08-04T18:30:53.853-0530][gc,heap       ] GC(41) Old regions: 45->45
[2019-08-04T18:30:53.853-0530][gc,heap       ] GC(41) Humongous regions: 129->129
[2019-08-04T18:30:53.853-0530][gc,metaspace  ] GC(41) Metaspace: 43582K->43582K(1089536K)
[2019-08-04T18:30:53.853-0530][gc            ] GC(41) Pause Young (Normal) (G1 Evacuation Pause) 786M->176M(1024M) 6.494ms
[2019-08-04T18:30:53.853-0530][gc,cpu        ] GC(41) User=0.03s Sys=0.01s Real=0.01s
[2019-08-04T18:54:42.125-0530][gc,start      ] GC(42) Pause Young (Normal) (G1 Evacuation Pause)
[2019-08-04T18:54:42.126-0530][gc,task       ] GC(42) Using 10 workers of 10 for evacuation
[2019-08-04T18:54:42.131-0530][gc,phases     ] GC(42)   Pre Evacuate Collection Set: 0.0ms
[2019-08-04T18:54:42.131-0530][gc,phases     ] GC(42)   Evacuate Collection Set: 3.5ms
[2019-08-04T18:54:42.131-0530][gc,phases     ] GC(42)   Post Evacuate Collection Set: 1.1ms
[2019-08-04T18:54:42.131-0530][gc,phases     ] GC(42)   Other: 1.2ms
[2019-08-04T18:54:42.131-0530][gc,heap       ] GC(42) Eden regions: 610->0(610)
[2019-08-04T18:54:42.131-0530][gc,heap       ] GC(42) Survivor regions: 4->4(77)
[2019-08-04T18:54:42.131-0530][gc,heap       ] GC(42) Old regions: 45->45
[2019-08-04T18:54:42.131-0530][gc,heap       ] GC(42) Humongous regions: 129->129
[2019-08-04T18:54:42.131-0530][gc,metaspace  ] GC(42) Metaspace: 43586K->43586K(1089536K)
[2019-08-04T18:54:42.132-0530][gc            ] GC(42) Pause Young (Normal) (G1 Evacuation Pause) 786M->176M(1024M) 6.025ms
[2019-08-04T18:54:42.132-0530][gc,cpu        ] GC(42) User=0.03s Sys=0.00s Real=0.01s
[2019-08-04T21:45:50.485-0530][gc,start      ] GC(43) Pause Young (Normal) (G1 Evacuation Pause)
[2019-08-04T21:45:50.486-0530][gc,task       ] GC(43) Using 10 workers of 10 for evacuation
[2019-08-04T21:45:50.490-0530][gc,phases     ] GC(43)   Pre Evacuate Collection Set: 0.0ms
[2019-08-04T21:45:50.490-0530][gc,phases     ] GC(43)   Evacuate Collection Set: 3.5ms
[2019-08-04T21:45:50.490-0530][gc,phases     ] GC(43)   Post Evacuate Collection Set: 0.6ms
[2019-08-04T21:45:50.490-0530][gc,phases     ] GC(43)   Other: 1.1ms
[2019-08-04T21:45:50.490-0530][gc,heap       ] GC(43) Eden regions: 610->0(610)
[2019-08-04T21:45:50.490-0530][gc,heap       ] GC(43) Survivor regions: 4->4(77)
[2019-08-04T21:45:50.490-0530][gc,heap       ] GC(43) Old regions: 45->45
[2019-08-04T21:45:50.490-0530][gc,heap       ] GC(43) Humongous regions: 129->129
[2019-08-04T21:45:50.490-0530][gc,metaspace  ] GC(43) Metaspace: 43604K->43604K(1089536K)
[2019-08-04T21:45:50.490-0530][gc            ] GC(43) Pause Young (Normal) (G1 Evacuation Pause) 786M->177M(1024M) 5.309ms
[2019-08-04T21:45:50.490-0530][gc,cpu        ] GC(43) User=0.03s Sys=0.00s Real=0.01s
[2019-08-04T22:09:43.348-0530][gc,start      ] GC(44) Pause Young (Normal) (G1 Evacuation Pause)
[2019-08-04T22:09:43.349-0530][gc,task       ] GC(44) Using 10 workers of 10 for evacuation
[2019-08-04T22:09:43.352-0530][gc,phases     ] GC(44)   Pre Evacuate Collection Set: 0.0ms
[2019-08-04T22:09:43.352-0530][gc,phases     ] GC(44)   Evacuate Collection Set: 2.9ms
[2019-08-04T22:09:43.352-0530][gc,phases     ] GC(44)   Post Evacuate Collection Set: 0.6ms
[2019-08-04T22:09:43.352-0530][gc,phases     ] GC(44)   Other: 1.1ms
[2019-08-04T22:09:43.352-0530][gc,heap       ] GC(44) Eden regions: 610->0(610)
[2019-08-04T22:09:43.352-0530][gc,heap       ] GC(44) Survivor regions: 4->4(77)
[2019-08-04T22:09:43.352-0530][gc,heap       ] GC(44) Old regions: 45->45
[2019-08-04T22:09:43.352-0530][gc,heap       ] GC(44) Humongous regions: 129->129
[2019-08-04T22:09:43.352-0530][gc,metaspace  ] GC(44) Metaspace: 43646K->43646K(1089536K)
[2019-08-04T22:09:43.353-0530][gc            ] GC(44) Pause Young (Normal) (G1 Evacuation Pause) 787M->177M(1024M) 4.760ms
[2019-08-04T22:09:43.353-0530][gc,cpu        ] GC(44) User=0.03s Sys=0.00s Real=0.01s
[2019-08-04T22:33:32.035-0530][gc,start      ] GC(45) Pause Young (Normal) (G1 Evacuation Pause)
[2019-08-04T22:33:32.036-0530][gc,task       ] GC(45) Using 10 workers of 10 for evacuation
[2019-08-04T22:33:32.043-0530][gc,phases     ] GC(45)   Pre Evacuate Collection Set: 0.0ms
[2019-08-04T22:33:32.043-0530][gc,phases     ] GC(45)   Evacuate Collection Set: 5.6ms
[2019-08-04T22:33:32.043-0530][gc,phases     ] GC(45)   Post Evacuate Collection Set: 0.4ms
[2019-08-04T22:33:32.043-0530][gc,phases     ] GC(45)   Other: 1.2ms
[2019-08-04T22:33:32.043-0530][gc,heap       ] GC(45) Eden regions: 610->0(610)
[2019-08-04T22:33:32.043-0530][gc,heap       ] GC(45) Survivor regions: 4->4(77)
[2019-08-04T22:33:32.043-0530][gc,heap       ] GC(45) Old regions: 45->45
[2019-08-04T22:33:32.043-0530][gc,heap       ] GC(45) Humongous regions: 129->129
[2019-08-04T22:33:32.043-0530][gc,metaspace  ] GC(45) Metaspace: 43647K->43647K(1089536K)
[2019-08-04T22:33:32.043-0530][gc            ] GC(45) Pause Young (Normal) (G1 Evacuation Pause) 787M->177M(1024M) 7.296ms
[2019-08-04T22:33:32.043-0530][gc,cpu        ] GC(45) User=0.03s Sys=0.02s Real=0.01s
[2019-08-04T22:57:13.543-0530][gc,start      ] GC(46) Pause Young (Normal) (G1 Evacuation Pause)
[2019-08-04T22:57:13.544-0530][gc,task       ] GC(46) Using 10 workers of 10 for evacuation
[2019-08-04T22:57:13.547-0530][gc,phases     ] GC(46)   Pre Evacuate Collection Set: 0.0ms
[2019-08-04T22:57:13.547-0530][gc,phases     ] GC(46)   Evacuate Collection Set: 2.4ms
[2019-08-04T22:57:13.547-0530][gc,phases     ] GC(46)   Post Evacuate Collection Set: 0.4ms
[2019-08-04T22:57:13.547-0530][gc,phases     ] GC(46)   Other: 0.9ms
[2019-08-04T22:57:13.547-0530][gc,heap       ] GC(46) Eden regions: 610->0(610)
[2019-08-04T22:57:13.547-0530][gc,heap       ] GC(46) Survivor regions: 4->4(77)
[2019-08-04T22:57:13.547-0530][gc,heap       ] GC(46) Old regions: 45->45
[2019-08-04T22:57:13.547-0530][gc,heap       ] GC(46) Humongous regions: 129->129
[2019-08-04T22:57:13.547-0530][gc,metaspace  ] GC(46) Metaspace: 43670K->43670K(1089536K)
[2019-08-04T22:57:13.547-0530][gc            ] GC(46) Pause Young (Normal) (G1 Evacuation Pause) 787M->176M(1024M) 3.899ms
[2019-08-04T22:57:13.547-0530][gc,cpu        ] GC(46) User=0.02s Sys=0.00s Real=0.00s
[2019-08-04T23:15:50.402-0530][gc,heap,exit  ] Heap
[2019-08-04T23:15:50.402-0530][gc,heap,exit  ]  garbage-first heap   total 1048576K, used 677765K [0x00000007c0000000, 0x0000000800000000)
[2019-08-04T23:15:50.402-0530][gc,heap,exit  ]   region size 1024K, 491 young (502784K), 4 survivors (4096K)
[2019-08-04T23:15:50.402-0530][gc,heap,exit  ]  Metaspace       used 44731K, capacity 47437K, committed 47616K, reserved 1089536K
[2019-08-04T23:15:50.402-0530][gc,heap,exit  ]   class space    used 6046K, capacity 7311K, committed 7424K, reserved 1048576K
