[2019-07-16T20:18:15.032-0530][gc,heap] Heap region size: 1M
[2019-07-16T20:18:15.039-0530][gc     ] Using G1
[2019-07-16T20:18:15.039-0530][gc,heap,coops] Heap address: 0x00000007c0000000, size: 1024 MB, Compressed Oops mode: Zero based, Oop shift amount: 3
[2019-07-16T20:18:15.991-0530][gc,start     ] GC(0) Pause Young (Concurrent Start) (Metadata GC Threshold)
[2019-07-16T20:18:15.991-0530][gc,task      ] GC(0) Using 10 workers of 10 for evacuation
[2019-07-16T20:18:15.997-0530][gc,phases    ] GC(0)   Pre Evacuate Collection Set: 0.0ms
[2019-07-16T20:18:15.997-0530][gc,phases    ] GC(0)   Evacuate Collection Set: 5.2ms
[2019-07-16T20:18:15.997-0530][gc,phases    ] GC(0)   Post Evacuate Collection Set: 0.3ms
[2019-07-16T20:18:15.997-0530][gc,phases    ] GC(0)   Other: 0.6ms
[2019-07-16T20:18:15.997-0530][gc,heap      ] GC(0) Eden regions: 37->0(45)
[2019-07-16T20:18:15.997-0530][gc,heap      ] GC(0) Survivor regions: 0->6(7)
[2019-07-16T20:18:15.997-0530][gc,heap      ] GC(0) Old regions: 0->0
[2019-07-16T20:18:15.997-0530][gc,heap      ] GC(0) Humongous regions: 0->0
[2019-07-16T20:18:15.997-0530][gc,metaspace ] GC(0) Metaspace: 20746K->20746K(1069056K)
[2019-07-16T20:18:15.997-0530][gc           ] GC(0) Pause Young (Concurrent Start) (Metadata GC Threshold) 36M->5M(1024M) 6.294ms
[2019-07-16T20:18:15.997-0530][gc,cpu       ] GC(0) User=0.02s Sys=0.00s Real=0.00s
[2019-07-16T20:18:15.997-0530][gc           ] GC(1) Concurrent Cycle
[2019-07-16T20:18:15.997-0530][gc,marking   ] GC(1) Concurrent Clear Claimed Marks
[2019-07-16T20:18:15.997-0530][gc,marking   ] GC(1) Concurrent Clear Claimed Marks 0.015ms
[2019-07-16T20:18:15.997-0530][gc,marking   ] GC(1) Concurrent Scan Root Regions
[2019-07-16T20:18:15.999-0530][gc,marking   ] GC(1) Concurrent Scan Root Regions 1.342ms
[2019-07-16T20:18:15.999-0530][gc,marking   ] GC(1) Concurrent Mark (0.974s)
[2019-07-16T20:18:15.999-0530][gc,marking   ] GC(1) Concurrent Mark From Roots
[2019-07-16T20:18:15.999-0530][gc,task      ] GC(1) Using 3 workers of 3 for marking
[2019-07-16T20:18:15.999-0530][gc,marking   ] GC(1) Concurrent Mark From Roots 0.168ms
[2019-07-16T20:18:15.999-0530][gc,marking   ] GC(1) Concurrent Preclean
[2019-07-16T20:18:15.999-0530][gc,marking   ] GC(1) Concurrent Preclean 0.030ms
[2019-07-16T20:18:15.999-0530][gc,marking   ] GC(1) Concurrent Mark (0.974s, 0.975s) 0.242ms
[2019-07-16T20:18:15.999-0530][gc,start     ] GC(1) Pause Remark
[2019-07-16T20:18:16.000-0530][gc,stringtable] GC(1) Cleaned string and symbol table, strings: 7286 processed, 0 removed, symbols: 63705 processed, 42 removed
[2019-07-16T20:18:16.001-0530][gc            ] GC(1) Pause Remark 6M->6M(1024M) 1.273ms
[2019-07-16T20:18:16.001-0530][gc,cpu        ] GC(1) User=0.00s Sys=0.00s Real=0.01s
[2019-07-16T20:18:16.001-0530][gc,marking    ] GC(1) Concurrent Rebuild Remembered Sets
[2019-07-16T20:18:16.001-0530][gc,marking    ] GC(1) Concurrent Rebuild Remembered Sets 0.075ms
[2019-07-16T20:18:16.001-0530][gc,start      ] GC(1) Pause Cleanup
[2019-07-16T20:18:16.001-0530][gc            ] GC(1) Pause Cleanup 6M->6M(1024M) 0.132ms
[2019-07-16T20:18:16.001-0530][gc,cpu        ] GC(1) User=0.00s Sys=0.00s Real=0.00s
[2019-07-16T20:18:16.001-0530][gc,marking    ] GC(1) Concurrent Cleanup for Next Mark
[2019-07-16T20:18:16.006-0530][gc,marking    ] GC(1) Concurrent Cleanup for Next Mark 4.951ms
[2019-07-16T20:18:16.006-0530][gc            ] GC(1) Concurrent Cycle 8.639ms
[2019-07-16T20:18:16.725-0530][gc,start      ] GC(2) Pause Young (Normal) (G1 Evacuation Pause)
[2019-07-16T20:18:16.725-0530][gc,task       ] GC(2) Using 10 workers of 10 for evacuation
[2019-07-16T20:18:16.731-0530][gc,phases     ] GC(2)   Pre Evacuate Collection Set: 0.0ms
[2019-07-16T20:18:16.731-0530][gc,phases     ] GC(2)   Evacuate Collection Set: 5.4ms
[2019-07-16T20:18:16.731-0530][gc,phases     ] GC(2)   Post Evacuate Collection Set: 0.4ms
[2019-07-16T20:18:16.731-0530][gc,phases     ] GC(2)   Other: 0.2ms
[2019-07-16T20:18:16.731-0530][gc,heap       ] GC(2) Eden regions: 45->0(47)
[2019-07-16T20:18:16.731-0530][gc,heap       ] GC(2) Survivor regions: 6->4(7)
[2019-07-16T20:18:16.731-0530][gc,heap       ] GC(2) Old regions: 0->6
[2019-07-16T20:18:16.731-0530][gc,heap       ] GC(2) Humongous regions: 129->129
[2019-07-16T20:18:16.731-0530][gc,metaspace  ] GC(2) Metaspace: 30586K->30586K(1077248K)
[2019-07-16T20:18:16.731-0530][gc            ] GC(2) Pause Young (Normal) (G1 Evacuation Pause) 179M->138M(1024M) 6.145ms
[2019-07-16T20:18:16.731-0530][gc,cpu        ] GC(2) User=0.05s Sys=0.01s Real=0.01s
[2019-07-16T20:18:16.977-0530][gc,start      ] GC(3) Pause Young (Concurrent Start) (Metadata GC Threshold)
[2019-07-16T20:18:16.978-0530][gc,task       ] GC(3) Using 10 workers of 10 for evacuation
[2019-07-16T20:18:16.982-0530][gc,phases     ] GC(3)   Pre Evacuate Collection Set: 0.1ms
[2019-07-16T20:18:16.982-0530][gc,phases     ] GC(3)   Evacuate Collection Set: 3.6ms
[2019-07-16T20:18:16.982-0530][gc,phases     ] GC(3)   Post Evacuate Collection Set: 0.2ms
[2019-07-16T20:18:16.982-0530][gc,phases     ] GC(3)   Other: 0.2ms
[2019-07-16T20:18:16.982-0530][gc,heap       ] GC(3) Eden regions: 20->0(46)
[2019-07-16T20:18:16.982-0530][gc,heap       ] GC(3) Survivor regions: 4->5(7)
[2019-07-16T20:18:16.982-0530][gc,heap       ] GC(3) Old regions: 6->6
[2019-07-16T20:18:16.982-0530][gc,heap       ] GC(3) Humongous regions: 129->129
[2019-07-16T20:18:16.982-0530][gc,metaspace  ] GC(3) Metaspace: 34532K->34532K(1081344K)
[2019-07-16T20:18:16.982-0530][gc            ] GC(3) Pause Young (Concurrent Start) (Metadata GC Threshold) 157M->139M(1024M) 4.251ms
[2019-07-16T20:18:16.982-0530][gc,cpu        ] GC(3) User=0.02s Sys=0.00s Real=0.01s
[2019-07-16T20:18:16.982-0530][gc            ] GC(4) Concurrent Cycle
[2019-07-16T20:18:16.982-0530][gc,marking    ] GC(4) Concurrent Clear Claimed Marks
[2019-07-16T20:18:16.982-0530][gc,marking    ] GC(4) Concurrent Clear Claimed Marks 0.091ms
[2019-07-16T20:18:16.982-0530][gc,marking    ] GC(4) Concurrent Scan Root Regions
[2019-07-16T20:18:16.984-0530][gc,marking    ] GC(4) Concurrent Scan Root Regions 1.712ms
[2019-07-16T20:18:16.984-0530][gc,marking    ] GC(4) Concurrent Mark (1.959s)
[2019-07-16T20:18:16.984-0530][gc,marking    ] GC(4) Concurrent Mark From Roots
[2019-07-16T20:18:16.984-0530][gc,task       ] GC(4) Using 3 workers of 3 for marking
[2019-07-16T20:18:16.989-0530][gc,marking    ] GC(4) Concurrent Mark From Roots 5.423ms
[2019-07-16T20:18:16.989-0530][gc,marking    ] GC(4) Concurrent Preclean
[2019-07-16T20:18:16.989-0530][gc,marking    ] GC(4) Concurrent Preclean 0.088ms
[2019-07-16T20:18:16.989-0530][gc,marking    ] GC(4) Concurrent Mark (1.959s, 1.965s) 5.590ms
[2019-07-16T20:18:16.989-0530][gc,start      ] GC(4) Pause Remark
[2019-07-16T20:18:16.992-0530][gc,stringtable] GC(4) Cleaned string and symbol table, strings: 12886 processed, 8 removed, symbols: 100847 processed, 30 removed
[2019-07-16T20:18:16.992-0530][gc            ] GC(4) Pause Remark 140M->140M(1024M) 2.928ms
[2019-07-16T20:18:16.992-0530][gc,cpu        ] GC(4) User=0.02s Sys=0.00s Real=0.01s
[2019-07-16T20:18:16.992-0530][gc,marking    ] GC(4) Concurrent Rebuild Remembered Sets
[2019-07-16T20:18:16.995-0530][gc,marking    ] GC(4) Concurrent Rebuild Remembered Sets 2.175ms
[2019-07-16T20:18:16.995-0530][gc,start      ] GC(4) Pause Cleanup
[2019-07-16T20:18:16.995-0530][gc            ] GC(4) Pause Cleanup 140M->140M(1024M) 0.183ms
[2019-07-16T20:18:16.995-0530][gc,cpu        ] GC(4) User=0.00s Sys=0.00s Real=0.00s
[2019-07-16T20:18:16.995-0530][gc,marking    ] GC(4) Concurrent Cleanup for Next Mark
[2019-07-16T20:18:17.000-0530][gc,marking    ] GC(4) Concurrent Cleanup for Next Mark 4.725ms
[2019-07-16T20:18:17.000-0530][gc            ] GC(4) Concurrent Cycle 18.049ms
[2019-07-16T20:19:12.409-0530][gc,start      ] GC(5) Pause Young (Normal) (G1 Evacuation Pause)
[2019-07-16T20:19:12.409-0530][gc,task       ] GC(5) Using 10 workers of 10 for evacuation
[2019-07-16T20:19:12.413-0530][gc,phases     ] GC(5)   Pre Evacuate Collection Set: 0.0ms
[2019-07-16T20:19:12.413-0530][gc,phases     ] GC(5)   Evacuate Collection Set: 3.4ms
[2019-07-16T20:19:12.413-0530][gc,phases     ] GC(5)   Post Evacuate Collection Set: 0.6ms
[2019-07-16T20:19:12.413-0530][gc,phases     ] GC(5)   Other: 0.2ms
[2019-07-16T20:19:12.414-0530][gc,heap       ] GC(5) Eden regions: 46->0(46)
[2019-07-16T20:19:12.414-0530][gc,heap       ] GC(5) Survivor regions: 5->5(7)
[2019-07-16T20:19:12.414-0530][gc,heap       ] GC(5) Old regions: 6->9
[2019-07-16T20:19:12.414-0530][gc,heap       ] GC(5) Humongous regions: 129->129
[2019-07-16T20:19:12.414-0530][gc,metaspace  ] GC(5) Metaspace: 40463K->40463K(1085440K)
[2019-07-16T20:19:12.414-0530][gc            ] GC(5) Pause Young (Normal) (G1 Evacuation Pause) 185M->142M(1024M) 4.283ms
[2019-07-16T20:19:12.414-0530][gc,cpu        ] GC(5) User=0.04s Sys=0.01s Real=0.01s
[2019-07-16T20:20:41.082-0530][gc,start      ] GC(6) Pause Young (Normal) (G1 Evacuation Pause)
[2019-07-16T20:20:41.082-0530][gc,task       ] GC(6) Using 10 workers of 10 for evacuation
[2019-07-16T20:20:41.085-0530][gc,phases     ] GC(6)   Pre Evacuate Collection Set: 0.0ms
[2019-07-16T20:20:41.085-0530][gc,phases     ] GC(6)   Evacuate Collection Set: 2.5ms
[2019-07-16T20:20:41.085-0530][gc,phases     ] GC(6)   Post Evacuate Collection Set: 0.4ms
[2019-07-16T20:20:41.085-0530][gc,phases     ] GC(6)   Other: 0.2ms
[2019-07-16T20:20:41.085-0530][gc,heap       ] GC(6) Eden regions: 46->0(48)
[2019-07-16T20:20:41.085-0530][gc,heap       ] GC(6) Survivor regions: 5->3(7)
[2019-07-16T20:20:41.085-0530][gc,heap       ] GC(6) Old regions: 9->11
[2019-07-16T20:20:41.085-0530][gc,heap       ] GC(6) Humongous regions: 129->129
[2019-07-16T20:20:41.085-0530][gc,metaspace  ] GC(6) Metaspace: 40740K->40740K(1085440K)
[2019-07-16T20:20:41.085-0530][gc            ] GC(6) Pause Young (Normal) (G1 Evacuation Pause) 188M->142M(1024M) 3.205ms
[2019-07-16T20:20:41.085-0530][gc,cpu        ] GC(6) User=0.02s Sys=0.00s Real=0.00s
[2019-07-16T20:22:26.794-0530][gc,start      ] GC(7) Pause Young (Normal) (G1 Evacuation Pause)
[2019-07-16T20:22:26.794-0530][gc,task       ] GC(7) Using 10 workers of 10 for evacuation
[2019-07-16T20:22:26.797-0530][gc,phases     ] GC(7)   Pre Evacuate Collection Set: 0.0ms
[2019-07-16T20:22:26.797-0530][gc,phases     ] GC(7)   Evacuate Collection Set: 2.7ms
[2019-07-16T20:22:26.797-0530][gc,phases     ] GC(7)   Post Evacuate Collection Set: 0.4ms
[2019-07-16T20:22:26.797-0530][gc,phases     ] GC(7)   Other: 0.3ms
[2019-07-16T20:22:26.797-0530][gc,heap       ] GC(7) Eden regions: 48->0(47)
[2019-07-16T20:22:26.797-0530][gc,heap       ] GC(7) Survivor regions: 3->4(7)
[2019-07-16T20:22:26.797-0530][gc,heap       ] GC(7) Old regions: 11->11
[2019-07-16T20:22:26.797-0530][gc,heap       ] GC(7) Humongous regions: 129->129
[2019-07-16T20:22:26.797-0530][gc,metaspace  ] GC(7) Metaspace: 40913K->40913K(1085440K)
[2019-07-16T20:22:26.797-0530][gc            ] GC(7) Pause Young (Normal) (G1 Evacuation Pause) 190M->142M(1024M) 3.400ms
[2019-07-16T20:22:26.797-0530][gc,cpu        ] GC(7) User=0.02s Sys=0.00s Real=0.00s
[2019-07-16T20:24:14.880-0530][gc,start      ] GC(8) Pause Young (Normal) (G1 Evacuation Pause)
[2019-07-16T20:24:14.880-0530][gc,task       ] GC(8) Using 10 workers of 10 for evacuation
[2019-07-16T20:24:14.882-0530][gc,phases     ] GC(8)   Pre Evacuate Collection Set: 0.0ms
[2019-07-16T20:24:14.883-0530][gc,phases     ] GC(8)   Evacuate Collection Set: 2.2ms
[2019-07-16T20:24:14.883-0530][gc,phases     ] GC(8)   Post Evacuate Collection Set: 0.3ms
[2019-07-16T20:24:14.883-0530][gc,phases     ] GC(8)   Other: 0.2ms
[2019-07-16T20:24:14.883-0530][gc,heap       ] GC(8) Eden regions: 47->0(47)
[2019-07-16T20:24:14.883-0530][gc,heap       ] GC(8) Survivor regions: 4->4(7)
[2019-07-16T20:24:14.883-0530][gc,heap       ] GC(8) Old regions: 11->11
[2019-07-16T20:24:14.883-0530][gc,heap       ] GC(8) Humongous regions: 129->129
[2019-07-16T20:24:14.883-0530][gc,metaspace  ] GC(8) Metaspace: 40985K->40985K(1085440K)
[2019-07-16T20:24:14.883-0530][gc            ] GC(8) Pause Young (Normal) (G1 Evacuation Pause) 189M->143M(1024M) 2.851ms
[2019-07-16T20:24:14.883-0530][gc,cpu        ] GC(8) User=0.02s Sys=0.00s Real=0.00s
[2019-07-16T22:51:24.966-0530][gc,start      ] GC(9) Pause Young (Normal) (G1 Evacuation Pause)
[2019-07-16T22:51:24.966-0530][gc,task       ] GC(9) Using 10 workers of 10 for evacuation
[2019-07-16T22:51:24.969-0530][gc,phases     ] GC(9)   Pre Evacuate Collection Set: 0.0ms
[2019-07-16T22:51:24.969-0530][gc,phases     ] GC(9)   Evacuate Collection Set: 2.2ms
[2019-07-16T22:51:24.969-0530][gc,phases     ] GC(9)   Post Evacuate Collection Set: 0.2ms
[2019-07-16T22:51:24.969-0530][gc,phases     ] GC(9)   Other: 0.2ms
[2019-07-16T22:51:24.969-0530][gc,heap       ] GC(9) Eden regions: 47->0(62)
[2019-07-16T22:51:24.969-0530][gc,heap       ] GC(9) Survivor regions: 4->3(7)
[2019-07-16T22:51:24.969-0530][gc,heap       ] GC(9) Old regions: 11->12
[2019-07-16T22:51:24.969-0530][gc,heap       ] GC(9) Humongous regions: 129->129
[2019-07-16T22:51:24.969-0530][gc,metaspace  ] GC(9) Metaspace: 41091K->41091K(1087488K)
[2019-07-16T22:51:24.969-0530][gc            ] GC(9) Pause Young (Normal) (G1 Evacuation Pause) 190M->143M(1024M) 2.722ms
[2019-07-16T22:51:24.969-0530][gc,cpu        ] GC(9) User=0.03s Sys=0.00s Real=0.00s
[2019-07-16T22:53:43.598-0530][gc,start      ] GC(10) Pause Young (Normal) (G1 Evacuation Pause)
[2019-07-16T22:53:43.599-0530][gc,task       ] GC(10) Using 10 workers of 10 for evacuation
[2019-07-16T22:53:43.601-0530][gc,phases     ] GC(10)   Pre Evacuate Collection Set: 0.0ms
[2019-07-16T22:53:43.601-0530][gc,phases     ] GC(10)   Evacuate Collection Set: 1.7ms
[2019-07-16T22:53:43.601-0530][gc,phases     ] GC(10)   Post Evacuate Collection Set: 0.2ms
[2019-07-16T22:53:43.601-0530][gc,phases     ] GC(10)   Other: 0.7ms
[2019-07-16T22:53:43.601-0530][gc,heap       ] GC(10) Eden regions: 62->0(509)
[2019-07-16T22:53:43.601-0530][gc,heap       ] GC(10) Survivor regions: 3->3(9)
[2019-07-16T22:53:43.601-0530][gc,heap       ] GC(10) Old regions: 12->12
[2019-07-16T22:53:43.601-0530][gc,heap       ] GC(10) Humongous regions: 129->129
[2019-07-16T22:53:43.601-0530][gc,metaspace  ] GC(10) Metaspace: 41106K->41106K(1087488K)
[2019-07-16T22:53:43.601-0530][gc            ] GC(10) Pause Young (Normal) (G1 Evacuation Pause) 205M->143M(1024M) 2.709ms
[2019-07-16T22:53:43.601-0530][gc,cpu        ] GC(10) User=0.01s Sys=0.00s Real=0.01s
[2019-07-16T23:07:18.367-0530][gc,start      ] GC(11) Pause Young (Normal) (G1 Evacuation Pause)
[2019-07-16T23:07:18.367-0530][gc,task       ] GC(11) Using 10 workers of 10 for evacuation
[2019-07-16T23:07:18.370-0530][gc,phases     ] GC(11)   Pre Evacuate Collection Set: 0.0ms
[2019-07-16T23:07:18.370-0530][gc,phases     ] GC(11)   Evacuate Collection Set: 2.2ms
[2019-07-16T23:07:18.370-0530][gc,phases     ] GC(11)   Post Evacuate Collection Set: 0.5ms
[2019-07-16T23:07:18.370-0530][gc,phases     ] GC(11)   Other: 0.6ms
[2019-07-16T23:07:18.370-0530][gc,heap       ] GC(11) Eden regions: 356->0(378)
[2019-07-16T23:07:18.370-0530][gc,heap       ] GC(11) Survivor regions: 3->4(45)
[2019-07-16T23:07:18.370-0530][gc,heap       ] GC(11) Old regions: 12->12
[2019-07-16T23:07:18.370-0530][gc,heap       ] GC(11) Humongous regions: 129->129
[2019-07-16T23:07:18.370-0530][gc,metaspace  ] GC(11) Metaspace: 41686K->41686K(1087488K)
[2019-07-16T23:07:18.370-0530][gc            ] GC(11) Pause Young (Normal) (G1 Evacuation Pause) 499M->144M(1024M) 3.516ms
[2019-07-16T23:07:18.370-0530][gc,cpu        ] GC(11) User=0.02s Sys=0.01s Real=0.01s
[2019-07-16T23:07:21.228-0530][gc,heap,exit  ] Heap
[2019-07-16T23:07:21.228-0530][gc,heap,exit  ]  garbage-first heap   total 1048576K, used 152804K [0x00000007c0000000, 0x0000000800000000)
[2019-07-16T23:07:21.228-0530][gc,heap,exit  ]   region size 1024K, 10 young (10240K), 4 survivors (4096K)
[2019-07-16T23:07:21.228-0530][gc,heap,exit  ]  Metaspace       used 42068K, capacity 44293K, committed 44464K, reserved 1087488K
[2019-07-16T23:07:21.228-0530][gc,heap,exit  ]   class space    used 5524K, capacity 6531K, committed 6656K, reserved 1048576K
