[2019-08-03T18:05:12.055-0530][gc,heap] Heap region size: 1M
[2019-08-03T18:05:12.063-0530][gc     ] Using G1
[2019-08-03T18:05:12.063-0530][gc,heap,coops] Heap address: 0x00000007c0000000, size: 1024 MB, Compressed Oops mode: Zero based, Oop shift amount: 3
[2019-08-03T18:05:13.243-0530][gc,start     ] GC(0) Pause Young (Concurrent Start) (Metadata GC Threshold)
[2019-08-03T18:05:13.243-0530][gc,task      ] GC(0) Using 10 workers of 10 for evacuation
[2019-08-03T18:05:13.250-0530][gc,phases    ] GC(0)   Pre Evacuate Collection Set: 0.0ms
[2019-08-03T18:05:13.250-0530][gc,phases    ] GC(0)   Evacuate Collection Set: 6.7ms
[2019-08-03T18:05:13.251-0530][gc,phases    ] GC(0)   Post Evacuate Collection Set: 0.6ms
[2019-08-03T18:05:13.251-0530][gc,phases    ] GC(0)   Other: 0.6ms
[2019-08-03T18:05:13.251-0530][gc,heap      ] GC(0) Eden regions: 37->0(45)
[2019-08-03T18:05:13.251-0530][gc,heap      ] GC(0) Survivor regions: 0->6(7)
[2019-08-03T18:05:13.251-0530][gc,heap      ] GC(0) Old regions: 0->0
[2019-08-03T18:05:13.251-0530][gc,heap      ] GC(0) Humongous regions: 0->0
[2019-08-03T18:05:13.251-0530][gc,metaspace ] GC(0) Metaspace: 20767K->20767K(1069056K)
[2019-08-03T18:05:13.251-0530][gc           ] GC(0) Pause Young (Concurrent Start) (Metadata GC Threshold) 36M->5M(1024M) 8.108ms
[2019-08-03T18:05:13.251-0530][gc,cpu       ] GC(0) User=0.02s Sys=0.01s Real=0.01s
[2019-08-03T18:05:13.251-0530][gc           ] GC(1) Concurrent Cycle
[2019-08-03T18:05:13.251-0530][gc,marking   ] GC(1) Concurrent Clear Claimed Marks
[2019-08-03T18:05:13.251-0530][gc,marking   ] GC(1) Concurrent Clear Claimed Marks 0.028ms
[2019-08-03T18:05:13.251-0530][gc,marking   ] GC(1) Concurrent Scan Root Regions
[2019-08-03T18:05:13.252-0530][gc,marking   ] GC(1) Concurrent Scan Root Regions 1.499ms
[2019-08-03T18:05:13.252-0530][gc,marking   ] GC(1) Concurrent Mark (1.207s)
[2019-08-03T18:05:13.252-0530][gc,marking   ] GC(1) Concurrent Mark From Roots
[2019-08-03T18:05:13.252-0530][gc,task      ] GC(1) Using 3 workers of 3 for marking
[2019-08-03T18:05:13.252-0530][gc,marking   ] GC(1) Concurrent Mark From Roots 0.174ms
[2019-08-03T18:05:13.253-0530][gc,marking   ] GC(1) Concurrent Preclean
[2019-08-03T18:05:13.253-0530][gc,marking   ] GC(1) Concurrent Preclean 0.033ms
[2019-08-03T18:05:13.253-0530][gc,marking   ] GC(1) Concurrent Mark (1.207s, 1.207s) 0.262ms
[2019-08-03T18:05:13.253-0530][gc,start     ] GC(1) Pause Remark
[2019-08-03T18:05:13.255-0530][gc,stringtable] GC(1) Cleaned string and symbol table, strings: 7297 processed, 0 removed, symbols: 63644 processed, 42 removed
[2019-08-03T18:05:13.255-0530][gc            ] GC(1) Pause Remark 6M->6M(1024M) 2.105ms
[2019-08-03T18:05:13.255-0530][gc,cpu        ] GC(1) User=0.01s Sys=0.00s Real=0.00s
[2019-08-03T18:05:13.255-0530][gc,marking    ] GC(1) Concurrent Rebuild Remembered Sets
[2019-08-03T18:05:13.255-0530][gc,marking    ] GC(1) Concurrent Rebuild Remembered Sets 0.106ms
[2019-08-03T18:05:13.255-0530][gc,start      ] GC(1) Pause Cleanup
[2019-08-03T18:05:13.255-0530][gc            ] GC(1) Pause Cleanup 6M->6M(1024M) 0.155ms
[2019-08-03T18:05:13.255-0530][gc,cpu        ] GC(1) User=0.00s Sys=0.00s Real=0.00s
[2019-08-03T18:05:13.255-0530][gc,marking    ] GC(1) Concurrent Cleanup for Next Mark
[2019-08-03T18:05:13.260-0530][gc,marking    ] GC(1) Concurrent Cleanup for Next Mark 4.975ms
[2019-08-03T18:05:13.260-0530][gc            ] GC(1) Concurrent Cycle 9.582ms
[2019-08-03T18:05:14.284-0530][gc,start      ] GC(2) Pause Young (Normal) (G1 Evacuation Pause)
[2019-08-03T18:05:14.284-0530][gc,task       ] GC(2) Using 10 workers of 10 for evacuation
[2019-08-03T18:05:14.290-0530][gc,phases     ] GC(2)   Pre Evacuate Collection Set: 0.0ms
[2019-08-03T18:05:14.290-0530][gc,phases     ] GC(2)   Evacuate Collection Set: 4.8ms
[2019-08-03T18:05:14.290-0530][gc,phases     ] GC(2)   Post Evacuate Collection Set: 0.5ms
[2019-08-03T18:05:14.290-0530][gc,phases     ] GC(2)   Other: 0.1ms
[2019-08-03T18:05:14.290-0530][gc,heap       ] GC(2) Eden regions: 45->0(47)
[2019-08-03T18:05:14.290-0530][gc,heap       ] GC(2) Survivor regions: 6->4(7)
[2019-08-03T18:05:14.290-0530][gc,heap       ] GC(2) Old regions: 0->6
[2019-08-03T18:05:14.290-0530][gc,heap       ] GC(2) Humongous regions: 129->129
[2019-08-03T18:05:14.290-0530][gc,metaspace  ] GC(2) Metaspace: 30622K->30622K(1077248K)
[2019-08-03T18:05:14.290-0530][gc            ] GC(2) Pause Young (Normal) (G1 Evacuation Pause) 179M->138M(1024M) 5.666ms
[2019-08-03T18:05:14.290-0530][gc,cpu        ] GC(2) User=0.03s Sys=0.01s Real=0.01s
[2019-08-03T18:05:14.516-0530][gc,start      ] GC(3) Pause Young (Concurrent Start) (Metadata GC Threshold)
[2019-08-03T18:05:14.516-0530][gc,task       ] GC(3) Using 10 workers of 10 for evacuation
[2019-08-03T18:05:14.519-0530][gc,phases     ] GC(3)   Pre Evacuate Collection Set: 0.1ms
[2019-08-03T18:05:14.519-0530][gc,phases     ] GC(3)   Evacuate Collection Set: 2.8ms
[2019-08-03T18:05:14.519-0530][gc,phases     ] GC(3)   Post Evacuate Collection Set: 0.2ms
[2019-08-03T18:05:14.519-0530][gc,phases     ] GC(3)   Other: 0.3ms
[2019-08-03T18:05:14.519-0530][gc,heap       ] GC(3) Eden regions: 20->0(46)
[2019-08-03T18:05:14.519-0530][gc,heap       ] GC(3) Survivor regions: 4->5(7)
[2019-08-03T18:05:14.519-0530][gc,heap       ] GC(3) Old regions: 6->6
[2019-08-03T18:05:14.519-0530][gc,heap       ] GC(3) Humongous regions: 129->129
[2019-08-03T18:05:14.519-0530][gc,metaspace  ] GC(3) Metaspace: 34740K->34740K(1081344K)
[2019-08-03T18:05:14.519-0530][gc            ] GC(3) Pause Young (Concurrent Start) (Metadata GC Threshold) 157M->139M(1024M) 3.526ms
[2019-08-03T18:05:14.519-0530][gc,cpu        ] GC(3) User=0.03s Sys=0.00s Real=0.00s
[2019-08-03T18:05:14.519-0530][gc            ] GC(4) Concurrent Cycle
[2019-08-03T18:05:14.519-0530][gc,marking    ] GC(4) Concurrent Clear Claimed Marks
[2019-08-03T18:05:14.519-0530][gc,marking    ] GC(4) Concurrent Clear Claimed Marks 0.082ms
[2019-08-03T18:05:14.519-0530][gc,marking    ] GC(4) Concurrent Scan Root Regions
[2019-08-03T18:05:14.521-0530][gc,marking    ] GC(4) Concurrent Scan Root Regions 1.783ms
[2019-08-03T18:05:14.521-0530][gc,marking    ] GC(4) Concurrent Mark (2.475s)
[2019-08-03T18:05:14.521-0530][gc,marking    ] GC(4) Concurrent Mark From Roots
[2019-08-03T18:05:14.521-0530][gc,task       ] GC(4) Using 3 workers of 3 for marking
[2019-08-03T18:05:14.525-0530][gc,marking    ] GC(4) Concurrent Mark From Roots 3.602ms
[2019-08-03T18:05:14.525-0530][gc,marking    ] GC(4) Concurrent Preclean
[2019-08-03T18:05:14.525-0530][gc,marking    ] GC(4) Concurrent Preclean 0.064ms
[2019-08-03T18:05:14.525-0530][gc,marking    ] GC(4) Concurrent Mark (2.475s, 2.479s) 3.723ms
[2019-08-03T18:05:14.525-0530][gc,start      ] GC(4) Pause Remark
[2019-08-03T18:05:14.527-0530][gc,stringtable] GC(4) Cleaned string and symbol table, strings: 13091 processed, 8 removed, symbols: 100894 processed, 28 removed
[2019-08-03T18:05:14.527-0530][gc            ] GC(4) Pause Remark 140M->140M(1024M) 2.055ms
[2019-08-03T18:05:14.527-0530][gc,cpu        ] GC(4) User=0.02s Sys=0.00s Real=0.00s
[2019-08-03T18:05:14.527-0530][gc,marking    ] GC(4) Concurrent Rebuild Remembered Sets
[2019-08-03T18:05:14.529-0530][gc,marking    ] GC(4) Concurrent Rebuild Remembered Sets 2.108ms
[2019-08-03T18:05:14.530-0530][gc,start      ] GC(4) Pause Cleanup
[2019-08-03T18:05:14.530-0530][gc            ] GC(4) Pause Cleanup 141M->141M(1024M) 0.156ms
[2019-08-03T18:05:14.530-0530][gc,cpu        ] GC(4) User=0.00s Sys=0.00s Real=0.00s
[2019-08-03T18:05:14.530-0530][gc,marking    ] GC(4) Concurrent Cleanup for Next Mark
[2019-08-03T18:05:14.535-0530][gc,marking    ] GC(4) Concurrent Cleanup for Next Mark 4.847ms
[2019-08-03T18:05:14.535-0530][gc            ] GC(4) Concurrent Cycle 15.489ms
[2019-08-03T18:08:15.865-0530][gc,start      ] GC(5) Pause Young (Normal) (G1 Evacuation Pause)
[2019-08-03T18:08:15.866-0530][gc,task       ] GC(5) Using 10 workers of 10 for evacuation
[2019-08-03T18:08:15.871-0530][gc,phases     ] GC(5)   Pre Evacuate Collection Set: 0.0ms
[2019-08-03T18:08:15.871-0530][gc,phases     ] GC(5)   Evacuate Collection Set: 4.5ms
[2019-08-03T18:08:15.871-0530][gc,phases     ] GC(5)   Post Evacuate Collection Set: 0.6ms
[2019-08-03T18:08:15.871-0530][gc,phases     ] GC(5)   Other: 1.3ms
[2019-08-03T18:08:15.871-0530][gc,heap       ] GC(5) Eden regions: 46->0(46)
[2019-08-03T18:08:15.871-0530][gc,heap       ] GC(5) Survivor regions: 5->5(7)
[2019-08-03T18:08:15.871-0530][gc,heap       ] GC(5) Old regions: 6->9
[2019-08-03T18:08:15.871-0530][gc,heap       ] GC(5) Humongous regions: 129->129
[2019-08-03T18:08:15.871-0530][gc,metaspace  ] GC(5) Metaspace: 41371K->41371K(1087488K)
[2019-08-03T18:08:15.871-0530][gc            ] GC(5) Pause Young (Normal) (G1 Evacuation Pause) 185M->142M(1024M) 6.511ms
[2019-08-03T18:08:15.871-0530][gc,cpu        ] GC(5) User=0.04s Sys=0.00s Real=0.01s
[2019-08-03T18:09:44.955-0530][gc,start      ] GC(6) Pause Young (Normal) (G1 Evacuation Pause)
[2019-08-03T18:09:44.955-0530][gc,task       ] GC(6) Using 10 workers of 10 for evacuation
[2019-08-03T18:09:44.958-0530][gc,phases     ] GC(6)   Pre Evacuate Collection Set: 0.0ms
[2019-08-03T18:09:44.958-0530][gc,phases     ] GC(6)   Evacuate Collection Set: 2.8ms
[2019-08-03T18:09:44.958-0530][gc,phases     ] GC(6)   Post Evacuate Collection Set: 0.3ms
[2019-08-03T18:09:44.958-0530][gc,phases     ] GC(6)   Other: 0.2ms
[2019-08-03T18:09:44.958-0530][gc,heap       ] GC(6) Eden regions: 46->0(47)
[2019-08-03T18:09:44.958-0530][gc,heap       ] GC(6) Survivor regions: 5->4(7)
[2019-08-03T18:09:44.958-0530][gc,heap       ] GC(6) Old regions: 9->11
[2019-08-03T18:09:44.958-0530][gc,heap       ] GC(6) Humongous regions: 129->129
[2019-08-03T18:09:44.958-0530][gc,metaspace  ] GC(6) Metaspace: 41660K->41660K(1087488K)
[2019-08-03T18:09:44.958-0530][gc            ] GC(6) Pause Young (Normal) (G1 Evacuation Pause) 188M->143M(1024M) 3.455ms
[2019-08-03T18:09:44.958-0530][gc,cpu        ] GC(6) User=0.02s Sys=0.00s Real=0.00s
[2019-08-03T18:11:26.723-0530][gc,start      ] GC(7) Pause Young (Normal) (G1 Evacuation Pause)
[2019-08-03T18:11:26.723-0530][gc,task       ] GC(7) Using 10 workers of 10 for evacuation
[2019-08-03T18:11:26.726-0530][gc,phases     ] GC(7)   Pre Evacuate Collection Set: 0.0ms
[2019-08-03T18:11:26.726-0530][gc,phases     ] GC(7)   Evacuate Collection Set: 2.9ms
[2019-08-03T18:11:26.726-0530][gc,phases     ] GC(7)   Post Evacuate Collection Set: 0.4ms
[2019-08-03T18:11:26.726-0530][gc,phases     ] GC(7)   Other: 0.2ms
[2019-08-03T18:11:26.726-0530][gc,heap       ] GC(7) Eden regions: 47->0(48)
[2019-08-03T18:11:26.726-0530][gc,heap       ] GC(7) Survivor regions: 4->3(7)
[2019-08-03T18:11:26.726-0530][gc,heap       ] GC(7) Old regions: 11->13
[2019-08-03T18:11:26.726-0530][gc,heap       ] GC(7) Humongous regions: 129->129
[2019-08-03T18:11:26.726-0530][gc,metaspace  ] GC(7) Metaspace: 41880K->41880K(1087488K)
[2019-08-03T18:11:26.726-0530][gc            ] GC(7) Pause Young (Normal) (G1 Evacuation Pause) 190M->143M(1024M) 3.599ms
[2019-08-03T18:11:26.726-0530][gc,cpu        ] GC(7) User=0.03s Sys=0.00s Real=0.00s
[2019-08-03T18:13:15.399-0530][gc,start      ] GC(8) Pause Young (Normal) (G1 Evacuation Pause)
[2019-08-03T18:13:15.400-0530][gc,task       ] GC(8) Using 10 workers of 10 for evacuation
[2019-08-03T18:13:15.405-0530][gc,phases     ] GC(8)   Pre Evacuate Collection Set: 0.0ms
[2019-08-03T18:13:15.405-0530][gc,phases     ] GC(8)   Evacuate Collection Set: 4.4ms
[2019-08-03T18:13:15.405-0530][gc,phases     ] GC(8)   Post Evacuate Collection Set: 0.3ms
[2019-08-03T18:13:15.405-0530][gc,phases     ] GC(8)   Other: 1.2ms
[2019-08-03T18:13:15.405-0530][gc,heap       ] GC(8) Eden regions: 48->0(46)
[2019-08-03T18:13:15.405-0530][gc,heap       ] GC(8) Survivor regions: 3->5(7)
[2019-08-03T18:13:15.405-0530][gc,heap       ] GC(8) Old regions: 13->13
[2019-08-03T18:13:15.405-0530][gc,heap       ] GC(8) Humongous regions: 129->129
[2019-08-03T18:13:15.405-0530][gc,metaspace  ] GC(8) Metaspace: 41933K->41933K(1087488K)
[2019-08-03T18:13:15.405-0530][gc            ] GC(8) Pause Young (Normal) (G1 Evacuation Pause) 191M->145M(1024M) 6.095ms
[2019-08-03T18:13:15.405-0530][gc,cpu        ] GC(8) User=0.04s Sys=0.00s Real=0.01s
[2019-08-03T18:15:01.088-0530][gc,start      ] GC(9) Pause Young (Normal) (G1 Evacuation Pause)
[2019-08-03T18:15:01.088-0530][gc,task       ] GC(9) Using 10 workers of 10 for evacuation
[2019-08-03T18:15:01.091-0530][gc,phases     ] GC(9)   Pre Evacuate Collection Set: 0.0ms
[2019-08-03T18:15:01.091-0530][gc,phases     ] GC(9)   Evacuate Collection Set: 3.2ms
[2019-08-03T18:15:01.091-0530][gc,phases     ] GC(9)   Post Evacuate Collection Set: 0.2ms
[2019-08-03T18:15:01.091-0530][gc,phases     ] GC(9)   Other: 0.2ms
[2019-08-03T18:15:01.091-0530][gc,heap       ] GC(9) Eden regions: 46->0(51)
[2019-08-03T18:15:01.091-0530][gc,heap       ] GC(9) Survivor regions: 5->7(7)
[2019-08-03T18:15:01.091-0530][gc,heap       ] GC(9) Old regions: 13->14
[2019-08-03T18:15:01.091-0530][gc,heap       ] GC(9) Humongous regions: 129->129
[2019-08-03T18:15:01.091-0530][gc,metaspace  ] GC(9) Metaspace: 41961K->41961K(1087488K)
[2019-08-03T18:15:01.091-0530][gc            ] GC(9) Pause Young (Normal) (G1 Evacuation Pause) 191M->148M(1024M) 3.714ms
[2019-08-03T18:15:01.091-0530][gc,cpu        ] GC(9) User=0.03s Sys=0.00s Real=0.01s
[2019-08-03T18:16:57.607-0530][gc,start      ] GC(10) Pause Young (Normal) (G1 Evacuation Pause)
[2019-08-03T18:16:57.607-0530][gc,task       ] GC(10) Using 10 workers of 10 for evacuation
[2019-08-03T18:16:57.614-0530][gc,phases     ] GC(10)   Pre Evacuate Collection Set: 0.0ms
[2019-08-03T18:16:57.614-0530][gc,phases     ] GC(10)   Evacuate Collection Set: 6.7ms
[2019-08-03T18:16:57.614-0530][gc,phases     ] GC(10)   Post Evacuate Collection Set: 0.2ms
[2019-08-03T18:16:57.614-0530][gc,phases     ] GC(10)   Other: 0.4ms
[2019-08-03T18:16:57.614-0530][gc,heap       ] GC(10) Eden regions: 51->0(81)
[2019-08-03T18:16:57.614-0530][gc,heap       ] GC(10) Survivor regions: 7->6(8)
[2019-08-03T18:16:57.614-0530][gc,heap       ] GC(10) Old regions: 14->17
[2019-08-03T18:16:57.614-0530][gc,heap       ] GC(10) Humongous regions: 129->129
[2019-08-03T18:16:57.614-0530][gc,metaspace  ] GC(10) Metaspace: 41971K->41971K(1087488K)
[2019-08-03T18:16:57.614-0530][gc            ] GC(10) Pause Young (Normal) (G1 Evacuation Pause) 199M->151M(1024M) 7.467ms
[2019-08-03T18:16:57.615-0530][gc,cpu        ] GC(10) User=0.06s Sys=0.01s Real=0.01s
[2019-08-03T18:19:17.120-0530][gc,start      ] GC(11) Pause Young (Normal) (G1 Evacuation Pause)
[2019-08-03T18:19:17.120-0530][gc,task       ] GC(11) Using 10 workers of 10 for evacuation
[2019-08-03T18:19:17.125-0530][gc,phases     ] GC(11)   Pre Evacuate Collection Set: 0.0ms
[2019-08-03T18:19:17.125-0530][gc,phases     ] GC(11)   Evacuate Collection Set: 5.2ms
[2019-08-03T18:19:17.125-0530][gc,phases     ] GC(11)   Post Evacuate Collection Set: 0.2ms
[2019-08-03T18:19:17.125-0530][gc,phases     ] GC(11)   Other: 0.2ms
[2019-08-03T18:19:17.125-0530][gc,heap       ] GC(11) Eden regions: 61->0(62)
[2019-08-03T18:19:17.125-0530][gc,heap       ] GC(11) Survivor regions: 6->8(9)
[2019-08-03T18:19:17.125-0530][gc,heap       ] GC(11) Old regions: 17->19
[2019-08-03T18:19:17.125-0530][gc,heap       ] GC(11) Humongous regions: 129->129
[2019-08-03T18:19:17.125-0530][gc,metaspace  ] GC(11) Metaspace: 42023K->42023K(1087488K)
[2019-08-03T18:19:17.125-0530][gc            ] GC(11) Pause Young (Normal) (G1 Evacuation Pause) 212M->155M(1024M) 5.670ms
[2019-08-03T18:19:17.125-0530][gc,cpu        ] GC(11) User=0.04s Sys=0.00s Real=0.00s
[2019-08-03T18:21:33.729-0530][gc,start      ] GC(12) Pause Young (Normal) (G1 Evacuation Pause)
[2019-08-03T18:21:33.729-0530][gc,task       ] GC(12) Using 10 workers of 10 for evacuation
[2019-08-03T18:21:33.736-0530][gc,phases     ] GC(12)   Pre Evacuate Collection Set: 0.0ms
[2019-08-03T18:21:33.736-0530][gc,phases     ] GC(12)   Evacuate Collection Set: 6.9ms
[2019-08-03T18:21:33.736-0530][gc,phases     ] GC(12)   Post Evacuate Collection Set: 0.2ms
[2019-08-03T18:21:33.736-0530][gc,phases     ] GC(12)   Other: 0.3ms
[2019-08-03T18:21:33.736-0530][gc,heap       ] GC(12) Eden regions: 60->0(64)
[2019-08-03T18:21:33.736-0530][gc,heap       ] GC(12) Survivor regions: 8->7(9)
[2019-08-03T18:21:33.736-0530][gc,heap       ] GC(12) Old regions: 19->22
[2019-08-03T18:21:33.736-0530][gc,heap       ] GC(12) Humongous regions: 129->129
[2019-08-03T18:21:33.736-0530][gc,metaspace  ] GC(12) Metaspace: 42031K->42031K(1087488K)
[2019-08-03T18:21:33.736-0530][gc            ] GC(12) Pause Young (Normal) (G1 Evacuation Pause) 215M->157M(1024M) 7.580ms
[2019-08-03T18:21:33.736-0530][gc,cpu        ] GC(12) User=0.06s Sys=0.00s Real=0.01s
[2019-08-03T18:23:56.226-0530][gc,start      ] GC(13) Pause Young (Normal) (G1 Evacuation Pause)
[2019-08-03T18:23:56.226-0530][gc,task       ] GC(13) Using 10 workers of 10 for evacuation
[2019-08-03T18:23:56.231-0530][gc,phases     ] GC(13)   Pre Evacuate Collection Set: 0.0ms
[2019-08-03T18:23:56.231-0530][gc,phases     ] GC(13)   Evacuate Collection Set: 5.1ms
[2019-08-03T18:23:56.231-0530][gc,phases     ] GC(13)   Post Evacuate Collection Set: 0.2ms
[2019-08-03T18:23:56.231-0530][gc,phases     ] GC(13)   Other: 0.2ms
[2019-08-03T18:23:56.231-0530][gc,heap       ] GC(13) Eden regions: 62->0(66)
[2019-08-03T18:23:56.231-0530][gc,heap       ] GC(13) Survivor regions: 7->8(9)
[2019-08-03T18:23:56.231-0530][gc,heap       ] GC(13) Old regions: 22->26
[2019-08-03T18:23:56.231-0530][gc,heap       ] GC(13) Humongous regions: 129->129
[2019-08-03T18:23:56.231-0530][gc,metaspace  ] GC(13) Metaspace: 42050K->42050K(1087488K)
[2019-08-03T18:23:56.231-0530][gc            ] GC(13) Pause Young (Normal) (G1 Evacuation Pause) 219M->161M(1024M) 5.592ms
[2019-08-03T18:23:56.231-0530][gc,cpu        ] GC(13) User=0.04s Sys=0.00s Real=0.01s
[2019-08-03T18:26:28.704-0530][gc,start      ] GC(14) Pause Young (Normal) (G1 Evacuation Pause)
[2019-08-03T18:26:28.704-0530][gc,task       ] GC(14) Using 10 workers of 10 for evacuation
[2019-08-03T18:26:28.712-0530][gc,phases     ] GC(14)   Pre Evacuate Collection Set: 0.0ms
[2019-08-03T18:26:28.712-0530][gc,phases     ] GC(14)   Evacuate Collection Set: 7.6ms
[2019-08-03T18:26:28.712-0530][gc,phases     ] GC(14)   Post Evacuate Collection Set: 0.2ms
[2019-08-03T18:26:28.712-0530][gc,phases     ] GC(14)   Other: 0.3ms
[2019-08-03T18:26:28.712-0530][gc,heap       ] GC(14) Eden regions: 66->0(80)
[2019-08-03T18:26:28.712-0530][gc,heap       ] GC(14) Survivor regions: 8->8(10)
[2019-08-03T18:26:28.712-0530][gc,heap       ] GC(14) Old regions: 26->29
[2019-08-03T18:26:28.712-0530][gc,heap       ] GC(14) Humongous regions: 129->129
[2019-08-03T18:26:28.712-0530][gc,metaspace  ] GC(14) Metaspace: 42105K->42105K(1087488K)
[2019-08-03T18:26:28.712-0530][gc            ] GC(14) Pause Young (Normal) (G1 Evacuation Pause) 227M->165M(1024M) 8.203ms
[2019-08-03T18:26:28.712-0530][gc,cpu        ] GC(14) User=0.07s Sys=0.01s Real=0.01s
[2019-08-03T18:29:35.203-0530][gc,start      ] GC(15) Pause Young (Normal) (G1 Evacuation Pause)
[2019-08-03T18:29:35.203-0530][gc,task       ] GC(15) Using 10 workers of 10 for evacuation
[2019-08-03T18:29:35.210-0530][gc,phases     ] GC(15)   Pre Evacuate Collection Set: 0.0ms
[2019-08-03T18:29:35.210-0530][gc,phases     ] GC(15)   Evacuate Collection Set: 6.4ms
[2019-08-03T18:29:35.210-0530][gc,phases     ] GC(15)   Post Evacuate Collection Set: 0.2ms
[2019-08-03T18:29:35.210-0530][gc,phases     ] GC(15)   Other: 0.2ms
[2019-08-03T18:29:35.210-0530][gc,heap       ] GC(15) Eden regions: 80->0(89)
[2019-08-03T18:29:35.210-0530][gc,heap       ] GC(15) Survivor regions: 8->10(11)
[2019-08-03T18:29:35.210-0530][gc,heap       ] GC(15) Old regions: 29->33
[2019-08-03T18:29:35.210-0530][gc,heap       ] GC(15) Humongous regions: 129->129
[2019-08-03T18:29:35.210-0530][gc,metaspace  ] GC(15) Metaspace: 42119K->42119K(1087488K)
[2019-08-03T18:29:35.210-0530][gc            ] GC(15) Pause Young (Normal) (G1 Evacuation Pause) 245M->171M(1024M) 6.905ms
[2019-08-03T18:29:35.210-0530][gc,cpu        ] GC(15) User=0.06s Sys=0.01s Real=0.01s
[2019-08-03T18:32:55.688-0530][gc,start      ] GC(16) Pause Young (Normal) (G1 Evacuation Pause)
[2019-08-03T18:32:55.688-0530][gc,task       ] GC(16) Using 10 workers of 10 for evacuation
[2019-08-03T18:32:55.698-0530][gc,phases     ] GC(16)   Pre Evacuate Collection Set: 0.0ms
[2019-08-03T18:32:55.698-0530][gc,phases     ] GC(16)   Evacuate Collection Set: 9.1ms
[2019-08-03T18:32:55.698-0530][gc,phases     ] GC(16)   Post Evacuate Collection Set: 0.3ms
[2019-08-03T18:32:55.698-0530][gc,phases     ] GC(16)   Other: 0.3ms
[2019-08-03T18:32:55.698-0530][gc,heap       ] GC(16) Eden regions: 89->0(114)
[2019-08-03T18:32:55.698-0530][gc,heap       ] GC(16) Survivor regions: 10->11(13)
[2019-08-03T18:32:55.698-0530][gc,heap       ] GC(16) Old regions: 33->37
[2019-08-03T18:32:55.698-0530][gc,heap       ] GC(16) Humongous regions: 129->129
[2019-08-03T18:32:55.698-0530][gc,metaspace  ] GC(16) Metaspace: 42684K->42684K(1087488K)
[2019-08-03T18:32:55.698-0530][gc            ] GC(16) Pause Young (Normal) (G1 Evacuation Pause) 260M->175M(1024M) 9.786ms
[2019-08-03T18:32:55.698-0530][gc,cpu        ] GC(16) User=0.08s Sys=0.02s Real=0.01s
[2019-08-03T18:37:17.172-0530][gc,start      ] GC(17) Pause Young (Normal) (G1 Evacuation Pause)
[2019-08-03T18:37:17.172-0530][gc,task       ] GC(17) Using 10 workers of 10 for evacuation
[2019-08-03T18:37:17.181-0530][gc,phases     ] GC(17)   Pre Evacuate Collection Set: 0.0ms
[2019-08-03T18:37:17.181-0530][gc,phases     ] GC(17)   Evacuate Collection Set: 8.3ms
[2019-08-03T18:37:17.181-0530][gc,phases     ] GC(17)   Post Evacuate Collection Set: 0.2ms
[2019-08-03T18:37:17.181-0530][gc,phases     ] GC(17)   Other: 0.2ms
[2019-08-03T18:37:17.181-0530][gc,heap       ] GC(17) Eden regions: 114->0(260)
[2019-08-03T18:37:17.181-0530][gc,heap       ] GC(17) Survivor regions: 11->13(16)
[2019-08-03T18:37:17.181-0530][gc,heap       ] GC(17) Old regions: 37->41
[2019-08-03T18:37:17.181-0530][gc,heap       ] GC(17) Humongous regions: 129->129
[2019-08-03T18:37:17.181-0530][gc,metaspace  ] GC(17) Metaspace: 42773K->42773K(1087488K)
[2019-08-03T18:37:17.181-0530][gc            ] GC(17) Pause Young (Normal) (G1 Evacuation Pause) 289M->182M(1024M) 8.824ms
[2019-08-03T18:37:17.181-0530][gc,cpu        ] GC(17) User=0.07s Sys=0.01s Real=0.01s
[2019-08-03T18:47:28.738-0530][gc,start      ] GC(18) Pause Young (Normal) (G1 Evacuation Pause)
[2019-08-03T18:47:28.738-0530][gc,task       ] GC(18) Using 10 workers of 10 for evacuation
[2019-08-03T18:47:28.755-0530][gc,phases     ] GC(18)   Pre Evacuate Collection Set: 0.0ms
[2019-08-03T18:47:28.755-0530][gc,phases     ] GC(18)   Evacuate Collection Set: 16.6ms
[2019-08-03T18:47:28.755-0530][gc,phases     ] GC(18)   Post Evacuate Collection Set: 0.3ms
[2019-08-03T18:47:28.755-0530][gc,phases     ] GC(18)   Other: 0.4ms
[2019-08-03T18:47:28.755-0530][gc,heap       ] GC(18) Eden regions: 260->0(158)
[2019-08-03T18:47:28.755-0530][gc,heap       ] GC(18) Survivor regions: 13->27(35)
[2019-08-03T18:47:28.755-0530][gc,heap       ] GC(18) Old regions: 41->41
[2019-08-03T18:47:28.755-0530][gc,heap       ] GC(18) Humongous regions: 129->129
[2019-08-03T18:47:28.755-0530][gc,metaspace  ] GC(18) Metaspace: 42867K->42867K(1087488K)
[2019-08-03T18:47:28.755-0530][gc            ] GC(18) Pause Young (Normal) (G1 Evacuation Pause) 442M->196M(1024M) 17.400ms
[2019-08-03T18:47:28.755-0530][gc,cpu        ] GC(18) User=0.14s Sys=0.02s Real=0.02s
[2019-08-03T18:58:58.907-0530][gc,start      ] GC(19) Pause Young (Normal) (G1 Evacuation Pause)
[2019-08-03T18:58:58.907-0530][gc,task       ] GC(19) Using 10 workers of 10 for evacuation
[2019-08-03T18:58:58.925-0530][gc,phases     ] GC(19)   Pre Evacuate Collection Set: 0.1ms
[2019-08-03T18:58:58.925-0530][gc,phases     ] GC(19)   Evacuate Collection Set: 17.2ms
[2019-08-03T18:58:58.925-0530][gc,phases     ] GC(19)   Post Evacuate Collection Set: 0.3ms
[2019-08-03T18:58:58.925-0530][gc,phases     ] GC(19)   Other: 0.7ms
[2019-08-03T18:58:58.925-0530][gc,heap       ] GC(19) Eden regions: 158->0(163)
[2019-08-03T18:58:58.925-0530][gc,heap       ] GC(19) Survivor regions: 27->14(24)
[2019-08-03T18:58:58.925-0530][gc,heap       ] GC(19) Old regions: 41->67
[2019-08-03T18:58:58.925-0530][gc,heap       ] GC(19) Humongous regions: 129->129
[2019-08-03T18:58:58.925-0530][gc,metaspace  ] GC(19) Metaspace: 42902K->42902K(1087488K)
[2019-08-03T18:58:58.925-0530][gc            ] GC(19) Pause Young (Normal) (G1 Evacuation Pause) 354M->208M(1024M) 18.398ms
[2019-08-03T18:58:58.925-0530][gc,cpu        ] GC(19) User=0.15s Sys=0.02s Real=0.02s
[2019-08-03T19:00:56.037-0530][gc,heap,exit  ] Heap
[2019-08-03T19:00:56.037-0530][gc,heap,exit  ]  garbage-first heap   total 1048576K, used 275269K [0x00000007c0000000, 0x0000000800000000)
[2019-08-03T19:00:56.037-0530][gc,heap,exit  ]   region size 1024K, 75 young (76800K), 14 survivors (14336K)
[2019-08-03T19:00:56.037-0530][gc,heap,exit  ]  Metaspace       used 44001K, capacity 46548K, committed 46720K, reserved 1089536K
[2019-08-03T19:00:56.037-0530][gc,heap,exit  ]   class space    used 6047K, capacity 7277K, committed 7296K, reserved 1048576K
