[2019-08-03T21:27:11.544-0530][gc,heap] Heap region size: 1M
[2019-08-03T21:27:11.552-0530][gc     ] Using G1
[2019-08-03T21:27:11.552-0530][gc,heap,coops] Heap address: 0x00000007c0000000, size: 1024 MB, Compressed Oops mode: Zero based, Oop shift amount: 3
[2019-08-03T21:27:12.472-0530][gc,start     ] GC(0) Pause Young (Concurrent Start) (Metadata GC Threshold)
[2019-08-03T21:27:12.472-0530][gc,task      ] GC(0) Using 10 workers of 10 for evacuation
[2019-08-03T21:27:12.478-0530][gc,phases    ] GC(0)   Pre Evacuate Collection Set: 0.0ms
[2019-08-03T21:27:12.478-0530][gc,phases    ] GC(0)   Evacuate Collection Set: 5.2ms
[2019-08-03T21:27:12.478-0530][gc,phases    ] GC(0)   Post Evacuate Collection Set: 0.3ms
[2019-08-03T21:27:12.478-0530][gc,phases    ] GC(0)   Other: 0.6ms
[2019-08-03T21:27:12.478-0530][gc,heap      ] GC(0) Eden regions: 37->0(45)
[2019-08-03T21:27:12.478-0530][gc,heap      ] GC(0) Survivor regions: 0->6(7)
[2019-08-03T21:27:12.478-0530][gc,heap      ] GC(0) Old regions: 0->0
[2019-08-03T21:27:12.478-0530][gc,heap      ] GC(0) Humongous regions: 0->0
[2019-08-03T21:27:12.478-0530][gc,metaspace ] GC(0) Metaspace: 20737K->20737K(1069056K)
[2019-08-03T21:27:12.478-0530][gc           ] GC(0) Pause Young (Concurrent Start) (Metadata GC Threshold) 36M->5M(1024M) 6.274ms
[2019-08-03T21:27:12.478-0530][gc,cpu       ] GC(0) User=0.02s Sys=0.00s Real=0.00s
[2019-08-03T21:27:12.478-0530][gc           ] GC(1) Concurrent Cycle
[2019-08-03T21:27:12.478-0530][gc,marking   ] GC(1) Concurrent Clear Claimed Marks
[2019-08-03T21:27:12.478-0530][gc,marking   ] GC(1) Concurrent Clear Claimed Marks 0.016ms
[2019-08-03T21:27:12.478-0530][gc,marking   ] GC(1) Concurrent Scan Root Regions
[2019-08-03T21:27:12.480-0530][gc,marking   ] GC(1) Concurrent Scan Root Regions 1.389ms
[2019-08-03T21:27:12.480-0530][gc,marking   ] GC(1) Concurrent Mark (0.943s)
[2019-08-03T21:27:12.480-0530][gc,marking   ] GC(1) Concurrent Mark From Roots
[2019-08-03T21:27:12.480-0530][gc,task      ] GC(1) Using 3 workers of 3 for marking
[2019-08-03T21:27:12.480-0530][gc,marking   ] GC(1) Concurrent Mark From Roots 0.164ms
[2019-08-03T21:27:12.480-0530][gc,marking   ] GC(1) Concurrent Preclean
[2019-08-03T21:27:12.480-0530][gc,marking   ] GC(1) Concurrent Preclean 0.031ms
[2019-08-03T21:27:12.480-0530][gc,marking   ] GC(1) Concurrent Mark (0.943s, 0.943s) 0.242ms
[2019-08-03T21:27:12.480-0530][gc,start     ] GC(1) Pause Remark
[2019-08-03T21:27:12.482-0530][gc,stringtable] GC(1) Cleaned string and symbol table, strings: 7274 processed, 0 removed, symbols: 63705 processed, 42 removed
[2019-08-03T21:27:12.482-0530][gc            ] GC(1) Pause Remark 6M->6M(1024M) 1.796ms
[2019-08-03T21:27:12.482-0530][gc,cpu        ] GC(1) User=0.01s Sys=0.00s Real=0.00s
[2019-08-03T21:27:12.482-0530][gc,marking    ] GC(1) Concurrent Rebuild Remembered Sets
[2019-08-03T21:27:12.482-0530][gc,marking    ] GC(1) Concurrent Rebuild Remembered Sets 0.053ms
[2019-08-03T21:27:12.482-0530][gc,start      ] GC(1) Pause Cleanup
[2019-08-03T21:27:12.483-0530][gc            ] GC(1) Pause Cleanup 6M->6M(1024M) 0.147ms
[2019-08-03T21:27:12.483-0530][gc,cpu        ] GC(1) User=0.00s Sys=0.00s Real=0.00s
[2019-08-03T21:27:12.483-0530][gc,marking    ] GC(1) Concurrent Cleanup for Next Mark
[2019-08-03T21:27:12.488-0530][gc,marking    ] GC(1) Concurrent Cleanup for Next Mark 5.290ms
[2019-08-03T21:27:12.488-0530][gc            ] GC(1) Concurrent Cycle 9.557ms
[2019-08-03T21:27:13.170-0530][gc,start      ] GC(2) Pause Young (Normal) (G1 Evacuation Pause)
[2019-08-03T21:27:13.170-0530][gc,task       ] GC(2) Using 10 workers of 10 for evacuation
[2019-08-03T21:27:13.179-0530][gc,phases     ] GC(2)   Pre Evacuate Collection Set: 0.1ms
[2019-08-03T21:27:13.180-0530][gc,phases     ] GC(2)   Evacuate Collection Set: 8.2ms
[2019-08-03T21:27:13.180-0530][gc,phases     ] GC(2)   Post Evacuate Collection Set: 0.9ms
[2019-08-03T21:27:13.180-0530][gc,phases     ] GC(2)   Other: 0.3ms
[2019-08-03T21:27:13.180-0530][gc,heap       ] GC(2) Eden regions: 45->0(47)
[2019-08-03T21:27:13.180-0530][gc,heap       ] GC(2) Survivor regions: 6->4(7)
[2019-08-03T21:27:13.180-0530][gc,heap       ] GC(2) Old regions: 0->6
[2019-08-03T21:27:13.180-0530][gc,heap       ] GC(2) Humongous regions: 129->129
[2019-08-03T21:27:13.180-0530][gc,metaspace  ] GC(2) Metaspace: 30603K->30603K(1077248K)
[2019-08-03T21:27:13.180-0530][gc            ] GC(2) Pause Young (Normal) (G1 Evacuation Pause) 179M->138M(1024M) 9.695ms
[2019-08-03T21:27:13.180-0530][gc,cpu        ] GC(2) User=0.07s Sys=0.02s Real=0.01s
[2019-08-03T21:27:13.426-0530][gc,start      ] GC(3) Pause Young (Concurrent Start) (Metadata GC Threshold)
[2019-08-03T21:27:13.426-0530][gc,task       ] GC(3) Using 10 workers of 10 for evacuation
[2019-08-03T21:27:13.430-0530][gc,phases     ] GC(3)   Pre Evacuate Collection Set: 0.1ms
[2019-08-03T21:27:13.430-0530][gc,phases     ] GC(3)   Evacuate Collection Set: 3.9ms
[2019-08-03T21:27:13.430-0530][gc,phases     ] GC(3)   Post Evacuate Collection Set: 0.2ms
[2019-08-03T21:27:13.430-0530][gc,phases     ] GC(3)   Other: 0.2ms
[2019-08-03T21:27:13.430-0530][gc,heap       ] GC(3) Eden regions: 20->0(46)
[2019-08-03T21:27:13.430-0530][gc,heap       ] GC(3) Survivor regions: 4->5(7)
[2019-08-03T21:27:13.430-0530][gc,heap       ] GC(3) Old regions: 6->6
[2019-08-03T21:27:13.430-0530][gc,heap       ] GC(3) Humongous regions: 129->129
[2019-08-03T21:27:13.430-0530][gc,metaspace  ] GC(3) Metaspace: 34557K->34557K(1081344K)
[2019-08-03T21:27:13.430-0530][gc            ] GC(3) Pause Young (Concurrent Start) (Metadata GC Threshold) 157M->139M(1024M) 4.492ms
[2019-08-03T21:27:13.430-0530][gc,cpu        ] GC(3) User=0.02s Sys=0.00s Real=0.01s
[2019-08-03T21:27:13.430-0530][gc            ] GC(4) Concurrent Cycle
[2019-08-03T21:27:13.430-0530][gc,marking    ] GC(4) Concurrent Clear Claimed Marks
[2019-08-03T21:27:13.430-0530][gc,marking    ] GC(4) Concurrent Clear Claimed Marks 0.095ms
[2019-08-03T21:27:13.430-0530][gc,marking    ] GC(4) Concurrent Scan Root Regions
[2019-08-03T21:27:13.433-0530][gc,marking    ] GC(4) Concurrent Scan Root Regions 2.254ms
[2019-08-03T21:27:13.433-0530][gc,marking    ] GC(4) Concurrent Mark (1.896s)
[2019-08-03T21:27:13.433-0530][gc,marking    ] GC(4) Concurrent Mark From Roots
[2019-08-03T21:27:13.433-0530][gc,task       ] GC(4) Using 3 workers of 3 for marking
[2019-08-03T21:27:13.439-0530][gc,marking    ] GC(4) Concurrent Mark From Roots 5.941ms
[2019-08-03T21:27:13.439-0530][gc,marking    ] GC(4) Concurrent Preclean
[2019-08-03T21:27:13.439-0530][gc,marking    ] GC(4) Concurrent Preclean 0.330ms
[2019-08-03T21:27:13.439-0530][gc,marking    ] GC(4) Concurrent Mark (1.896s, 1.902s) 6.361ms
[2019-08-03T21:27:13.439-0530][gc,start      ] GC(4) Pause Remark
[2019-08-03T21:27:13.441-0530][gc,stringtable] GC(4) Cleaned string and symbol table, strings: 12881 processed, 8 removed, symbols: 100845 processed, 30 removed
[2019-08-03T21:27:13.442-0530][gc            ] GC(4) Pause Remark 140M->140M(1024M) 2.593ms
[2019-08-03T21:27:13.442-0530][gc,cpu        ] GC(4) User=0.01s Sys=0.00s Real=0.01s
[2019-08-03T21:27:13.442-0530][gc,marking    ] GC(4) Concurrent Rebuild Remembered Sets
[2019-08-03T21:27:13.445-0530][gc,marking    ] GC(4) Concurrent Rebuild Remembered Sets 2.828ms
[2019-08-03T21:27:13.445-0530][gc,start      ] GC(4) Pause Cleanup
[2019-08-03T21:27:13.445-0530][gc            ] GC(4) Pause Cleanup 140M->140M(1024M) 0.191ms
[2019-08-03T21:27:13.445-0530][gc,cpu        ] GC(4) User=0.00s Sys=0.00s Real=0.00s
[2019-08-03T21:27:13.445-0530][gc,marking    ] GC(4) Concurrent Cleanup for Next Mark
[2019-08-03T21:27:13.451-0530][gc,marking    ] GC(4) Concurrent Cleanup for Next Mark 5.472ms
[2019-08-03T21:27:13.451-0530][gc            ] GC(4) Concurrent Cycle 20.701ms
[2019-08-03T22:00:57.288-0530][gc,start      ] GC(5) Pause Young (Normal) (G1 Evacuation Pause)
[2019-08-03T22:00:57.289-0530][gc,task       ] GC(5) Using 10 workers of 10 for evacuation
[2019-08-03T22:00:57.293-0530][gc,phases     ] GC(5)   Pre Evacuate Collection Set: 0.0ms
[2019-08-03T22:00:57.293-0530][gc,phases     ] GC(5)   Evacuate Collection Set: 3.5ms
[2019-08-03T22:00:57.293-0530][gc,phases     ] GC(5)   Post Evacuate Collection Set: 0.5ms
[2019-08-03T22:00:57.293-0530][gc,phases     ] GC(5)   Other: 0.9ms
[2019-08-03T22:00:57.293-0530][gc,heap       ] GC(5) Eden regions: 46->0(47)
[2019-08-03T22:00:57.293-0530][gc,heap       ] GC(5) Survivor regions: 5->4(7)
[2019-08-03T22:00:57.293-0530][gc,heap       ] GC(5) Old regions: 6->9
[2019-08-03T22:00:57.293-0530][gc,heap       ] GC(5) Humongous regions: 129->129
[2019-08-03T22:00:57.293-0530][gc,metaspace  ] GC(5) Metaspace: 39312K->39312K(1085440K)
[2019-08-03T22:00:57.293-0530][gc            ] GC(5) Pause Young (Normal) (G1 Evacuation Pause) 185M->141M(1024M) 4.983ms
[2019-08-03T22:00:57.293-0530][gc,cpu        ] GC(5) User=0.03s Sys=0.00s Real=0.01s
[2019-08-03T22:02:25.935-0530][gc,start      ] GC(6) Pause Young (Normal) (G1 Evacuation Pause)
[2019-08-03T22:02:25.935-0530][gc,task       ] GC(6) Using 10 workers of 10 for evacuation
[2019-08-03T22:02:25.939-0530][gc,phases     ] GC(6)   Pre Evacuate Collection Set: 0.0ms
[2019-08-03T22:02:25.939-0530][gc,phases     ] GC(6)   Evacuate Collection Set: 3.1ms
[2019-08-03T22:02:25.939-0530][gc,phases     ] GC(6)   Post Evacuate Collection Set: 0.7ms
[2019-08-03T22:02:25.939-0530][gc,phases     ] GC(6)   Other: 0.2ms
[2019-08-03T22:02:25.939-0530][gc,heap       ] GC(6) Eden regions: 47->0(46)
[2019-08-03T22:02:25.939-0530][gc,heap       ] GC(6) Survivor regions: 4->5(7)
[2019-08-03T22:02:25.939-0530][gc,heap       ] GC(6) Old regions: 9->9
[2019-08-03T22:02:25.939-0530][gc,heap       ] GC(6) Humongous regions: 129->129
[2019-08-03T22:02:25.939-0530][gc,metaspace  ] GC(6) Metaspace: 39949K->39949K(1085440K)
[2019-08-03T22:02:25.939-0530][gc            ] GC(6) Pause Young (Normal) (G1 Evacuation Pause) 188M->141M(1024M) 4.205ms
[2019-08-03T22:02:25.939-0530][gc,cpu        ] GC(6) User=0.04s Sys=0.00s Real=0.00s
[2019-08-03T22:04:02.831-0530][gc,start      ] GC(7) Pause Young (Normal) (G1 Evacuation Pause)
[2019-08-03T22:04:02.832-0530][gc,task       ] GC(7) Using 10 workers of 10 for evacuation
[2019-08-03T22:04:02.836-0530][gc,phases     ] GC(7)   Pre Evacuate Collection Set: 0.0ms
[2019-08-03T22:04:02.836-0530][gc,phases     ] GC(7)   Evacuate Collection Set: 3.3ms
[2019-08-03T22:04:02.836-0530][gc,phases     ] GC(7)   Post Evacuate Collection Set: 1.0ms
[2019-08-03T22:04:02.836-0530][gc,phases     ] GC(7)   Other: 1.0ms
[2019-08-03T22:04:02.836-0530][gc,heap       ] GC(7) Eden regions: 46->0(48)
[2019-08-03T22:04:02.836-0530][gc,heap       ] GC(7) Survivor regions: 5->3(7)
[2019-08-03T22:04:02.836-0530][gc,heap       ] GC(7) Old regions: 9->11
[2019-08-03T22:04:02.836-0530][gc,heap       ] GC(7) Humongous regions: 129->129
[2019-08-03T22:04:02.836-0530][gc,metaspace  ] GC(7) Metaspace: 40177K->40177K(1085440K)
[2019-08-03T22:04:02.836-0530][gc            ] GC(7) Pause Young (Normal) (G1 Evacuation Pause) 187M->142M(1024M) 5.422ms
[2019-08-03T22:04:02.836-0530][gc,cpu        ] GC(7) User=0.04s Sys=0.00s Real=0.00s
[2019-08-03T22:05:52.880-0530][gc,start      ] GC(8) Pause Young (Normal) (G1 Evacuation Pause)
[2019-08-03T22:05:52.880-0530][gc,task       ] GC(8) Using 10 workers of 10 for evacuation
[2019-08-03T22:05:52.884-0530][gc,phases     ] GC(8)   Pre Evacuate Collection Set: 0.0ms
[2019-08-03T22:05:52.884-0530][gc,phases     ] GC(8)   Evacuate Collection Set: 2.5ms
[2019-08-03T22:05:52.884-0530][gc,phases     ] GC(8)   Post Evacuate Collection Set: 1.1ms
[2019-08-03T22:05:52.884-0530][gc,phases     ] GC(8)   Other: 1.0ms
[2019-08-03T22:05:52.884-0530][gc,heap       ] GC(8) Eden regions: 48->0(47)
[2019-08-03T22:05:52.884-0530][gc,heap       ] GC(8) Survivor regions: 3->4(7)
[2019-08-03T22:05:52.884-0530][gc,heap       ] GC(8) Old regions: 11->11
[2019-08-03T22:05:52.884-0530][gc,heap       ] GC(8) Humongous regions: 129->129
[2019-08-03T22:05:52.884-0530][gc,metaspace  ] GC(8) Metaspace: 40244K->40244K(1085440K)
[2019-08-03T22:05:52.884-0530][gc            ] GC(8) Pause Young (Normal) (G1 Evacuation Pause) 190M->142M(1024M) 4.791ms
[2019-08-03T22:05:52.884-0530][gc,cpu        ] GC(8) User=0.03s Sys=0.00s Real=0.00s
[2019-08-03T22:07:41.560-0530][gc,start      ] GC(9) Pause Young (Normal) (G1 Evacuation Pause)
[2019-08-03T22:07:41.560-0530][gc,task       ] GC(9) Using 10 workers of 10 for evacuation
[2019-08-03T22:07:41.564-0530][gc,phases     ] GC(9)   Pre Evacuate Collection Set: 0.0ms
[2019-08-03T22:07:41.564-0530][gc,phases     ] GC(9)   Evacuate Collection Set: 3.1ms
[2019-08-03T22:07:41.564-0530][gc,phases     ] GC(9)   Post Evacuate Collection Set: 0.6ms
[2019-08-03T22:07:41.564-0530][gc,phases     ] GC(9)   Other: 0.2ms
[2019-08-03T22:07:41.564-0530][gc,heap       ] GC(9) Eden regions: 47->0(54)
[2019-08-03T22:07:41.564-0530][gc,heap       ] GC(9) Survivor regions: 4->3(7)
[2019-08-03T22:07:41.564-0530][gc,heap       ] GC(9) Old regions: 11->11
[2019-08-03T22:07:41.564-0530][gc,heap       ] GC(9) Humongous regions: 129->129
[2019-08-03T22:07:41.564-0530][gc,metaspace  ] GC(9) Metaspace: 40275K->40275K(1085440K)
[2019-08-03T22:07:41.564-0530][gc            ] GC(9) Pause Young (Normal) (G1 Evacuation Pause) 189M->142M(1024M) 4.125ms
[2019-08-03T22:07:41.564-0530][gc,cpu        ] GC(9) User=0.03s Sys=0.00s Real=0.00s
[2019-08-03T22:09:46.932-0530][gc,start      ] GC(10) Pause Young (Normal) (G1 Evacuation Pause)
[2019-08-03T22:09:46.933-0530][gc,task       ] GC(10) Using 10 workers of 10 for evacuation
[2019-08-03T22:09:46.936-0530][gc,phases     ] GC(10)   Pre Evacuate Collection Set: 0.0ms
[2019-08-03T22:09:46.936-0530][gc,phases     ] GC(10)   Evacuate Collection Set: 2.8ms
[2019-08-03T22:09:46.936-0530][gc,phases     ] GC(10)   Post Evacuate Collection Set: 0.6ms
[2019-08-03T22:09:46.936-0530][gc,phases     ] GC(10)   Other: 0.3ms
[2019-08-03T22:09:46.936-0530][gc,heap       ] GC(10) Eden regions: 54->0(58)
[2019-08-03T22:09:46.936-0530][gc,heap       ] GC(10) Survivor regions: 3->4(8)
[2019-08-03T22:09:46.936-0530][gc,heap       ] GC(10) Old regions: 11->11
[2019-08-03T22:09:46.936-0530][gc,heap       ] GC(10) Humongous regions: 129->129
[2019-08-03T22:09:46.936-0530][gc,metaspace  ] GC(10) Metaspace: 40302K->40302K(1085440K)
[2019-08-03T22:09:46.936-0530][gc            ] GC(10) Pause Young (Normal) (G1 Evacuation Pause) 196M->142M(1024M) 3.805ms
[2019-08-03T22:09:46.936-0530][gc,cpu        ] GC(10) User=0.02s Sys=0.01s Real=0.00s
[2019-08-03T22:12:00.035-0530][gc,start      ] GC(11) Pause Young (Normal) (G1 Evacuation Pause)
[2019-08-03T22:12:00.035-0530][gc,task       ] GC(11) Using 10 workers of 10 for evacuation
[2019-08-03T22:12:00.040-0530][gc,phases     ] GC(11)   Pre Evacuate Collection Set: 0.0ms
[2019-08-03T22:12:00.040-0530][gc,phases     ] GC(11)   Evacuate Collection Set: 3.3ms
[2019-08-03T22:12:00.040-0530][gc,phases     ] GC(11)   Post Evacuate Collection Set: 1.3ms
[2019-08-03T22:12:00.040-0530][gc,phases     ] GC(11)   Other: 0.2ms
[2019-08-03T22:12:00.040-0530][gc,heap       ] GC(11) Eden regions: 58->0(462)
[2019-08-03T22:12:00.040-0530][gc,heap       ] GC(11) Survivor regions: 4->4(8)
[2019-08-03T22:12:00.040-0530][gc,heap       ] GC(11) Old regions: 11->11
[2019-08-03T22:12:00.040-0530][gc,heap       ] GC(11) Humongous regions: 129->129
[2019-08-03T22:12:00.040-0530][gc,metaspace  ] GC(11) Metaspace: 40342K->40342K(1085440K)
[2019-08-03T22:12:00.040-0530][gc            ] GC(11) Pause Young (Normal) (G1 Evacuation Pause) 200M->142M(1024M) 5.015ms
[2019-08-03T22:12:00.040-0530][gc,cpu        ] GC(11) User=0.04s Sys=0.01s Real=0.01s
[2019-08-03T22:30:02.168-0530][gc,start      ] GC(12) Pause Young (Normal) (G1 Evacuation Pause)
[2019-08-03T22:30:02.168-0530][gc,task       ] GC(12) Using 10 workers of 10 for evacuation
[2019-08-03T22:30:02.174-0530][gc,phases     ] GC(12)   Pre Evacuate Collection Set: 0.0ms
[2019-08-03T22:30:02.174-0530][gc,phases     ] GC(12)   Evacuate Collection Set: 3.4ms
[2019-08-03T22:30:02.174-0530][gc,phases     ] GC(12)   Post Evacuate Collection Set: 1.5ms
[2019-08-03T22:30:02.174-0530][gc,phases     ] GC(12)   Other: 0.4ms
[2019-08-03T22:30:02.174-0530][gc,heap       ] GC(12) Eden regions: 462->0(610)
[2019-08-03T22:30:02.174-0530][gc,heap       ] GC(12) Survivor regions: 4->4(59)
[2019-08-03T22:30:02.174-0530][gc,heap       ] GC(12) Old regions: 11->11
[2019-08-03T22:30:02.174-0530][gc,heap       ] GC(12) Humongous regions: 129->129
[2019-08-03T22:30:02.174-0530][gc,metaspace  ] GC(12) Metaspace: 40624K->40624K(1085440K)
[2019-08-03T22:30:02.174-0530][gc            ] GC(12) Pause Young (Normal) (G1 Evacuation Pause) 604M->142M(1024M) 5.513ms
[2019-08-03T22:30:02.174-0530][gc,cpu        ] GC(12) User=0.04s Sys=0.00s Real=0.01s
[2019-08-03T22:54:09.584-0530][gc,start      ] GC(13) Pause Young (Normal) (G1 Evacuation Pause)
[2019-08-03T22:54:09.584-0530][gc,task       ] GC(13) Using 10 workers of 10 for evacuation
[2019-08-03T22:54:09.587-0530][gc,phases     ] GC(13)   Pre Evacuate Collection Set: 0.0ms
[2019-08-03T22:54:09.587-0530][gc,phases     ] GC(13)   Evacuate Collection Set: 2.8ms
[2019-08-03T22:54:09.587-0530][gc,phases     ] GC(13)   Post Evacuate Collection Set: 0.6ms
[2019-08-03T22:54:09.587-0530][gc,phases     ] GC(13)   Other: 0.2ms
[2019-08-03T22:54:09.587-0530][gc,heap       ] GC(13) Eden regions: 610->0(610)
[2019-08-03T22:54:09.587-0530][gc,heap       ] GC(13) Survivor regions: 4->4(77)
[2019-08-03T22:54:09.587-0530][gc,heap       ] GC(13) Old regions: 11->11
[2019-08-03T22:54:09.587-0530][gc,heap       ] GC(13) Humongous regions: 129->129
[2019-08-03T22:54:09.587-0530][gc,metaspace  ] GC(13) Metaspace: 40714K->40714K(1085440K)
[2019-08-03T22:54:09.587-0530][gc            ] GC(13) Pause Young (Normal) (G1 Evacuation Pause) 752M->143M(1024M) 3.744ms
[2019-08-03T22:54:09.587-0530][gc,cpu        ] GC(13) User=0.02s Sys=0.00s Real=0.00s
[2019-08-03T23:18:23.345-0530][gc,start      ] GC(14) Pause Young (Normal) (G1 Evacuation Pause)
[2019-08-03T23:18:23.345-0530][gc,task       ] GC(14) Using 10 workers of 10 for evacuation
[2019-08-03T23:18:23.350-0530][gc,phases     ] GC(14)   Pre Evacuate Collection Set: 0.0ms
[2019-08-03T23:18:23.350-0530][gc,phases     ] GC(14)   Evacuate Collection Set: 3.4ms
[2019-08-03T23:18:23.350-0530][gc,phases     ] GC(14)   Post Evacuate Collection Set: 1.5ms
[2019-08-03T23:18:23.350-0530][gc,phases     ] GC(14)   Other: 0.4ms
[2019-08-03T23:18:23.350-0530][gc,heap       ] GC(14) Eden regions: 610->0(610)
[2019-08-03T23:18:23.350-0530][gc,heap       ] GC(14) Survivor regions: 4->4(77)
[2019-08-03T23:18:23.350-0530][gc,heap       ] GC(14) Old regions: 11->11
[2019-08-03T23:18:23.350-0530][gc,heap       ] GC(14) Humongous regions: 129->129
[2019-08-03T23:18:23.350-0530][gc,metaspace  ] GC(14) Metaspace: 40768K->40768K(1085440K)
[2019-08-03T23:18:23.351-0530][gc            ] GC(14) Pause Young (Normal) (G1 Evacuation Pause) 753M->142M(1024M) 5.485ms
[2019-08-03T23:18:23.351-0530][gc,cpu        ] GC(14) User=0.04s Sys=0.00s Real=0.01s
[2019-08-03T23:44:46.097-0530][gc,start      ] GC(15) Pause Young (Normal) (G1 Evacuation Pause)
[2019-08-03T23:44:46.097-0530][gc,task       ] GC(15) Using 10 workers of 10 for evacuation
[2019-08-03T23:44:46.101-0530][gc,phases     ] GC(15)   Pre Evacuate Collection Set: 0.0ms
[2019-08-03T23:44:46.102-0530][gc,phases     ] GC(15)   Evacuate Collection Set: 3.3ms
[2019-08-03T23:44:46.102-0530][gc,phases     ] GC(15)   Post Evacuate Collection Set: 0.7ms
[2019-08-03T23:44:46.102-0530][gc,phases     ] GC(15)   Other: 1.0ms
[2019-08-03T23:44:46.102-0530][gc,heap       ] GC(15) Eden regions: 610->0(610)
[2019-08-03T23:44:46.102-0530][gc,heap       ] GC(15) Survivor regions: 4->4(77)
[2019-08-03T23:44:46.102-0530][gc,heap       ] GC(15) Old regions: 11->11
[2019-08-03T23:44:46.102-0530][gc,heap       ] GC(15) Humongous regions: 129->129
[2019-08-03T23:44:46.102-0530][gc,metaspace  ] GC(15) Metaspace: 40801K->40801K(1085440K)
[2019-08-03T23:44:46.102-0530][gc            ] GC(15) Pause Young (Normal) (G1 Evacuation Pause) 752M->143M(1024M) 5.095ms
[2019-08-03T23:44:46.102-0530][gc,cpu        ] GC(15) User=0.03s Sys=0.00s Real=0.01s
[2019-08-04T00:08:54.827-0530][gc,start      ] GC(16) Pause Young (Normal) (G1 Evacuation Pause)
[2019-08-04T00:08:54.827-0530][gc,task       ] GC(16) Using 10 workers of 10 for evacuation
[2019-08-04T00:08:54.832-0530][gc,phases     ] GC(16)   Pre Evacuate Collection Set: 0.0ms
[2019-08-04T00:08:54.832-0530][gc,phases     ] GC(16)   Evacuate Collection Set: 3.5ms
[2019-08-04T00:08:54.832-0530][gc,phases     ] GC(16)   Post Evacuate Collection Set: 1.5ms
[2019-08-04T00:08:54.832-0530][gc,phases     ] GC(16)   Other: 0.4ms
[2019-08-04T00:08:54.832-0530][gc,heap       ] GC(16) Eden regions: 610->0(610)
[2019-08-04T00:08:54.832-0530][gc,heap       ] GC(16) Survivor regions: 4->4(77)
[2019-08-04T00:08:54.832-0530][gc,heap       ] GC(16) Old regions: 11->11
[2019-08-04T00:08:54.832-0530][gc,heap       ] GC(16) Humongous regions: 129->129
[2019-08-04T00:08:54.832-0530][gc,metaspace  ] GC(16) Metaspace: 40811K->40811K(1085440K)
[2019-08-04T00:08:54.832-0530][gc            ] GC(16) Pause Young (Normal) (G1 Evacuation Pause) 753M->142M(1024M) 5.502ms
[2019-08-04T00:08:54.832-0530][gc,cpu        ] GC(16) User=0.04s Sys=0.00s Real=0.01s
[2019-08-04T09:27:00.501-0530][gc,start      ] GC(17) Pause Young (Normal) (G1 Evacuation Pause)
[2019-08-04T09:27:00.501-0530][gc,task       ] GC(17) Using 10 workers of 10 for evacuation
[2019-08-04T09:27:00.506-0530][gc,phases     ] GC(17)   Pre Evacuate Collection Set: 0.0ms
[2019-08-04T09:27:00.506-0530][gc,phases     ] GC(17)   Evacuate Collection Set: 2.7ms
[2019-08-04T09:27:00.506-0530][gc,phases     ] GC(17)   Post Evacuate Collection Set: 1.1ms
[2019-08-04T09:27:00.506-0530][gc,phases     ] GC(17)   Other: 1.0ms
[2019-08-04T09:27:00.506-0530][gc,heap       ] GC(17) Eden regions: 610->0(610)
[2019-08-04T09:27:00.506-0530][gc,heap       ] GC(17) Survivor regions: 4->4(77)
[2019-08-04T09:27:00.506-0530][gc,heap       ] GC(17) Old regions: 11->11
[2019-08-04T09:27:00.506-0530][gc,heap       ] GC(17) Humongous regions: 129->129
[2019-08-04T09:27:00.506-0530][gc,metaspace  ] GC(17) Metaspace: 40826K->40826K(1085440K)
[2019-08-04T09:27:00.506-0530][gc            ] GC(17) Pause Young (Normal) (G1 Evacuation Pause) 752M->142M(1024M) 5.000ms
[2019-08-04T09:27:00.506-0530][gc,cpu        ] GC(17) User=0.03s Sys=0.00s Real=0.00s
[2019-08-04T11:24:03.314-0530][gc,start      ] GC(18) Pause Young (Normal) (G1 Evacuation Pause)
[2019-08-04T11:24:03.314-0530][gc,task       ] GC(18) Using 10 workers of 10 for evacuation
[2019-08-04T11:24:03.317-0530][gc,phases     ] GC(18)   Pre Evacuate Collection Set: 0.0ms
[2019-08-04T11:24:03.317-0530][gc,phases     ] GC(18)   Evacuate Collection Set: 2.0ms
[2019-08-04T11:24:03.317-0530][gc,phases     ] GC(18)   Post Evacuate Collection Set: 1.1ms
[2019-08-04T11:24:03.317-0530][gc,phases     ] GC(18)   Other: 0.5ms
[2019-08-04T11:24:03.317-0530][gc,heap       ] GC(18) Eden regions: 610->0(609)
[2019-08-04T11:24:03.317-0530][gc,heap       ] GC(18) Survivor regions: 4->5(77)
[2019-08-04T11:24:03.317-0530][gc,heap       ] GC(18) Old regions: 11->11
[2019-08-04T11:24:03.317-0530][gc,heap       ] GC(18) Humongous regions: 129->129
[2019-08-04T11:24:03.317-0530][gc,metaspace  ] GC(18) Metaspace: 40856K->40856K(1085440K)
[2019-08-04T11:24:03.317-0530][gc            ] GC(18) Pause Young (Normal) (G1 Evacuation Pause) 752M->143M(1024M) 3.725ms
[2019-08-04T11:24:03.318-0530][gc,cpu        ] GC(18) User=0.02s Sys=0.00s Real=0.00s
[2019-08-04T11:48:14.145-0530][gc,start      ] GC(19) Pause Young (Normal) (G1 Evacuation Pause)
[2019-08-04T11:48:14.146-0530][gc,task       ] GC(19) Using 10 workers of 10 for evacuation
[2019-08-04T11:48:14.150-0530][gc,phases     ] GC(19)   Pre Evacuate Collection Set: 0.0ms
[2019-08-04T11:48:14.150-0530][gc,phases     ] GC(19)   Evacuate Collection Set: 2.6ms
[2019-08-04T11:48:14.150-0530][gc,phases     ] GC(19)   Post Evacuate Collection Set: 1.1ms
[2019-08-04T11:48:14.150-0530][gc,phases     ] GC(19)   Other: 1.0ms
[2019-08-04T11:48:14.150-0530][gc,heap       ] GC(19) Eden regions: 609->0(610)
[2019-08-04T11:48:14.150-0530][gc,heap       ] GC(19) Survivor regions: 5->4(77)
[2019-08-04T11:48:14.150-0530][gc,heap       ] GC(19) Old regions: 11->11
[2019-08-04T11:48:14.150-0530][gc,heap       ] GC(19) Humongous regions: 129->129
[2019-08-04T11:48:14.150-0530][gc,metaspace  ] GC(19) Metaspace: 40858K->40858K(1085440K)
[2019-08-04T11:48:14.150-0530][gc            ] GC(19) Pause Young (Normal) (G1 Evacuation Pause) 752M->142M(1024M) 4.904ms
[2019-08-04T11:48:14.150-0530][gc,cpu        ] GC(19) User=0.03s Sys=0.00s Real=0.01s
[2019-08-04T12:12:05.456-0530][gc,start      ] GC(20) Pause Young (Normal) (G1 Evacuation Pause)
[2019-08-04T12:12:05.457-0530][gc,task       ] GC(20) Using 10 workers of 10 for evacuation
[2019-08-04T12:12:05.462-0530][gc,phases     ] GC(20)   Pre Evacuate Collection Set: 0.0ms
[2019-08-04T12:12:05.462-0530][gc,phases     ] GC(20)   Evacuate Collection Set: 4.2ms
[2019-08-04T12:12:05.462-0530][gc,phases     ] GC(20)   Post Evacuate Collection Set: 0.6ms
[2019-08-04T12:12:05.462-0530][gc,phases     ] GC(20)   Other: 1.4ms
[2019-08-04T12:12:05.462-0530][gc,heap       ] GC(20) Eden regions: 610->0(611)
[2019-08-04T12:12:05.462-0530][gc,heap       ] GC(20) Survivor regions: 4->3(77)
[2019-08-04T12:12:05.462-0530][gc,heap       ] GC(20) Old regions: 11->12
[2019-08-04T12:12:05.462-0530][gc,heap       ] GC(20) Humongous regions: 129->129
[2019-08-04T12:12:05.462-0530][gc,metaspace  ] GC(20) Metaspace: 41558K->41558K(1087488K)
[2019-08-04T12:12:05.462-0530][gc            ] GC(20) Pause Young (Normal) (G1 Evacuation Pause) 752M->142M(1024M) 6.338ms
[2019-08-04T12:12:05.462-0530][gc,cpu        ] GC(20) User=0.04s Sys=0.01s Real=0.01s
[2019-08-04T12:36:13.561-0530][gc,start      ] GC(21) Pause Young (Normal) (G1 Evacuation Pause)
[2019-08-04T12:36:13.562-0530][gc,task       ] GC(21) Using 10 workers of 10 for evacuation
[2019-08-04T12:36:13.567-0530][gc,phases     ] GC(21)   Pre Evacuate Collection Set: 0.0ms
[2019-08-04T12:36:13.568-0530][gc,phases     ] GC(21)   Evacuate Collection Set: 3.6ms
[2019-08-04T12:36:13.568-0530][gc,phases     ] GC(21)   Post Evacuate Collection Set: 1.4ms
[2019-08-04T12:36:13.568-0530][gc,phases     ] GC(21)   Other: 1.4ms
[2019-08-04T12:36:13.568-0530][gc,heap       ] GC(21) Eden regions: 611->0(610)
[2019-08-04T12:36:13.568-0530][gc,heap       ] GC(21) Survivor regions: 3->4(77)
[2019-08-04T12:36:13.568-0530][gc,heap       ] GC(21) Old regions: 12->12
[2019-08-04T12:36:13.568-0530][gc,heap       ] GC(21) Humongous regions: 129->129
[2019-08-04T12:36:13.568-0530][gc,metaspace  ] GC(21) Metaspace: 41643K->41643K(1087488K)
[2019-08-04T12:36:13.568-0530][gc            ] GC(21) Pause Young (Normal) (G1 Evacuation Pause) 753M->143M(1024M) 6.601ms
[2019-08-04T12:36:13.568-0530][gc,cpu        ] GC(21) User=0.04s Sys=0.00s Real=0.00s
[2019-08-04T14:08:11.693-0530][gc,start      ] GC(22) Pause Young (Normal) (G1 Evacuation Pause)
[2019-08-04T14:08:11.694-0530][gc,task       ] GC(22) Using 10 workers of 10 for evacuation
[2019-08-04T14:08:11.699-0530][gc,phases     ] GC(22)   Pre Evacuate Collection Set: 0.0ms
[2019-08-04T14:08:11.700-0530][gc,phases     ] GC(22)   Evacuate Collection Set: 3.4ms
[2019-08-04T14:08:11.700-0530][gc,phases     ] GC(22)   Post Evacuate Collection Set: 1.4ms
[2019-08-04T14:08:11.700-0530][gc,phases     ] GC(22)   Other: 1.2ms
[2019-08-04T14:08:11.700-0530][gc,heap       ] GC(22) Eden regions: 610->0(610)
[2019-08-04T14:08:11.700-0530][gc,heap       ] GC(22) Survivor regions: 4->4(77)
[2019-08-04T14:08:11.700-0530][gc,heap       ] GC(22) Old regions: 12->12
[2019-08-04T14:08:11.700-0530][gc,heap       ] GC(22) Humongous regions: 129->129
[2019-08-04T14:08:11.700-0530][gc,metaspace  ] GC(22) Metaspace: 41663K->41663K(1087488K)
[2019-08-04T14:08:11.700-0530][gc            ] GC(22) Pause Young (Normal) (G1 Evacuation Pause) 753M->144M(1024M) 6.213ms
[2019-08-04T14:08:11.700-0530][gc,cpu        ] GC(22) User=0.04s Sys=0.00s Real=0.01s
[2019-08-04T14:32:19.595-0530][gc,start      ] GC(23) Pause Young (Normal) (G1 Evacuation Pause)
[2019-08-04T14:32:19.596-0530][gc,task       ] GC(23) Using 10 workers of 10 for evacuation
[2019-08-04T14:32:19.601-0530][gc,phases     ] GC(23)   Pre Evacuate Collection Set: 0.1ms
[2019-08-04T14:32:19.601-0530][gc,phases     ] GC(23)   Evacuate Collection Set: 3.1ms
[2019-08-04T14:32:19.601-0530][gc,phases     ] GC(23)   Post Evacuate Collection Set: 1.7ms
[2019-08-04T14:32:19.601-0530][gc,phases     ] GC(23)   Other: 1.3ms
[2019-08-04T14:32:19.601-0530][gc,heap       ] GC(23) Eden regions: 610->0(610)
[2019-08-04T14:32:19.601-0530][gc,heap       ] GC(23) Survivor regions: 4->4(77)
[2019-08-04T14:32:19.601-0530][gc,heap       ] GC(23) Old regions: 12->12
[2019-08-04T14:32:19.601-0530][gc,heap       ] GC(23) Humongous regions: 129->129
[2019-08-04T14:32:19.601-0530][gc,metaspace  ] GC(23) Metaspace: 41669K->41669K(1087488K)
[2019-08-04T14:32:19.601-0530][gc            ] GC(23) Pause Young (Normal) (G1 Evacuation Pause) 754M->143M(1024M) 6.333ms
[2019-08-04T14:32:19.601-0530][gc,cpu        ] GC(23) User=0.03s Sys=0.01s Real=0.01s
[2019-08-04T14:56:26.095-0530][gc,start      ] GC(24) Pause Young (Normal) (G1 Evacuation Pause)
[2019-08-04T14:56:26.095-0530][gc,task       ] GC(24) Using 10 workers of 10 for evacuation
[2019-08-04T14:56:26.100-0530][gc,phases     ] GC(24)   Pre Evacuate Collection Set: 0.0ms
[2019-08-04T14:56:26.100-0530][gc,phases     ] GC(24)   Evacuate Collection Set: 3.1ms
[2019-08-04T14:56:26.100-0530][gc,phases     ] GC(24)   Post Evacuate Collection Set: 1.4ms
[2019-08-04T14:56:26.100-0530][gc,phases     ] GC(24)   Other: 0.8ms
[2019-08-04T14:56:26.100-0530][gc,heap       ] GC(24) Eden regions: 610->0(610)
[2019-08-04T14:56:26.100-0530][gc,heap       ] GC(24) Survivor regions: 4->4(77)
[2019-08-04T14:56:26.100-0530][gc,heap       ] GC(24) Old regions: 12->12
[2019-08-04T14:56:26.100-0530][gc,heap       ] GC(24) Humongous regions: 129->129
[2019-08-04T14:56:26.100-0530][gc,metaspace  ] GC(24) Metaspace: 41680K->41680K(1087488K)
[2019-08-04T14:56:26.100-0530][gc            ] GC(24) Pause Young (Normal) (G1 Evacuation Pause) 753M->144M(1024M) 5.425ms
[2019-08-04T14:56:26.100-0530][gc,cpu        ] GC(24) User=0.04s Sys=0.00s Real=0.01s
[2019-08-04T15:20:23.118-0530][gc,start      ] GC(25) Pause Young (Normal) (G1 Evacuation Pause)
[2019-08-04T15:20:23.118-0530][gc,task       ] GC(25) Using 10 workers of 10 for evacuation
[2019-08-04T15:20:23.121-0530][gc,phases     ] GC(25)   Pre Evacuate Collection Set: 0.0ms
[2019-08-04T15:20:23.121-0530][gc,phases     ] GC(25)   Evacuate Collection Set: 1.8ms
[2019-08-04T15:20:23.121-0530][gc,phases     ] GC(25)   Post Evacuate Collection Set: 0.5ms
[2019-08-04T15:20:23.121-0530][gc,phases     ] GC(25)   Other: 1.0ms
[2019-08-04T15:20:23.121-0530][gc,heap       ] GC(25) Eden regions: 610->0(611)
[2019-08-04T15:20:23.121-0530][gc,heap       ] GC(25) Survivor regions: 4->3(77)
[2019-08-04T15:20:23.121-0530][gc,heap       ] GC(25) Old regions: 12->12
[2019-08-04T15:20:23.121-0530][gc,heap       ] GC(25) Humongous regions: 129->129
[2019-08-04T15:20:23.121-0530][gc,metaspace  ] GC(25) Metaspace: 41706K->41706K(1087488K)
[2019-08-04T15:20:23.121-0530][gc            ] GC(25) Pause Young (Normal) (G1 Evacuation Pause) 754M->143M(1024M) 3.571ms
[2019-08-04T15:20:23.121-0530][gc,cpu        ] GC(25) User=0.02s Sys=0.01s Real=0.01s
[2019-08-04T15:44:34.510-0530][gc,start      ] GC(26) Pause Young (Normal) (G1 Evacuation Pause)
[2019-08-04T15:44:34.512-0530][gc,task       ] GC(26) Using 10 workers of 10 for evacuation
[2019-08-04T15:44:34.519-0530][gc,phases     ] GC(26)   Pre Evacuate Collection Set: 0.8ms
[2019-08-04T15:44:34.519-0530][gc,phases     ] GC(26)   Evacuate Collection Set: 4.0ms
[2019-08-04T15:44:34.519-0530][gc,phases     ] GC(26)   Post Evacuate Collection Set: 1.9ms
[2019-08-04T15:44:34.519-0530][gc,phases     ] GC(26)   Other: 1.8ms
[2019-08-04T15:44:34.519-0530][gc,heap       ] GC(26) Eden regions: 611->0(610)
[2019-08-04T15:44:34.519-0530][gc,heap       ] GC(26) Survivor regions: 3->4(77)
[2019-08-04T15:44:34.519-0530][gc,heap       ] GC(26) Old regions: 12->12
[2019-08-04T15:44:34.519-0530][gc,heap       ] GC(26) Humongous regions: 129->129
[2019-08-04T15:44:34.519-0530][gc,metaspace  ] GC(26) Metaspace: 41712K->41712K(1087488K)
[2019-08-04T15:44:34.519-0530][gc            ] GC(26) Pause Young (Normal) (G1 Evacuation Pause) 754M->143M(1024M) 8.626ms
[2019-08-04T15:44:34.519-0530][gc,cpu        ] GC(26) User=0.03s Sys=0.01s Real=0.00s
[2019-08-04T16:08:33.445-0530][gc,start      ] GC(27) Pause Young (Normal) (G1 Evacuation Pause)
[2019-08-04T16:08:33.445-0530][gc,task       ] GC(27) Using 10 workers of 10 for evacuation
[2019-08-04T16:08:33.451-0530][gc,phases     ] GC(27)   Pre Evacuate Collection Set: 0.0ms
[2019-08-04T16:08:33.451-0530][gc,phases     ] GC(27)   Evacuate Collection Set: 4.1ms
[2019-08-04T16:08:33.451-0530][gc,phases     ] GC(27)   Post Evacuate Collection Set: 1.5ms
[2019-08-04T16:08:33.451-0530][gc,phases     ] GC(27)   Other: 0.5ms
[2019-08-04T16:08:33.451-0530][gc,heap       ] GC(27) Eden regions: 610->0(610)
[2019-08-04T16:08:33.451-0530][gc,heap       ] GC(27) Survivor regions: 4->4(77)
[2019-08-04T16:08:33.451-0530][gc,heap       ] GC(27) Old regions: 12->12
[2019-08-04T16:08:33.452-0530][gc,heap       ] GC(27) Humongous regions: 129->129
[2019-08-04T16:08:33.452-0530][gc,metaspace  ] GC(27) Metaspace: 41722K->41722K(1087488K)
[2019-08-04T16:08:33.452-0530][gc            ] GC(27) Pause Young (Normal) (G1 Evacuation Pause) 753M->144M(1024M) 6.184ms
[2019-08-04T16:08:33.452-0530][gc,cpu        ] GC(27) User=0.04s Sys=0.00s Real=0.01s
[2019-08-04T16:39:27.631-0530][gc,start      ] GC(28) Pause Young (Normal) (G1 Evacuation Pause)
[2019-08-04T16:39:27.632-0530][gc,task       ] GC(28) Using 10 workers of 10 for evacuation
[2019-08-04T16:39:27.635-0530][gc,phases     ] GC(28)   Pre Evacuate Collection Set: 0.0ms
[2019-08-04T16:39:27.635-0530][gc,phases     ] GC(28)   Evacuate Collection Set: 2.1ms
[2019-08-04T16:39:27.635-0530][gc,phases     ] GC(28)   Post Evacuate Collection Set: 0.8ms
[2019-08-04T16:39:27.635-0530][gc,phases     ] GC(28)   Other: 1.0ms
[2019-08-04T16:39:27.635-0530][gc,heap       ] GC(28) Eden regions: 610->0(611)
[2019-08-04T16:39:27.635-0530][gc,heap       ] GC(28) Survivor regions: 4->3(77)
[2019-08-04T16:39:27.635-0530][gc,heap       ] GC(28) Old regions: 12->12
[2019-08-04T16:39:27.635-0530][gc,heap       ] GC(28) Humongous regions: 129->129
[2019-08-04T16:39:27.635-0530][gc,metaspace  ] GC(28) Metaspace: 41726K->41726K(1087488K)
[2019-08-04T16:39:27.635-0530][gc            ] GC(28) Pause Young (Normal) (G1 Evacuation Pause) 754M->143M(1024M) 4.000ms
[2019-08-04T16:39:27.635-0530][gc,cpu        ] GC(28) User=0.02s Sys=0.00s Real=0.00s
[2019-08-04T17:03:37.175-0530][gc,start      ] GC(29) Pause Young (Normal) (G1 Evacuation Pause)
[2019-08-04T17:03:37.176-0530][gc,task       ] GC(29) Using 10 workers of 10 for evacuation
[2019-08-04T17:03:37.182-0530][gc,phases     ] GC(29)   Pre Evacuate Collection Set: 0.0ms
[2019-08-04T17:03:37.182-0530][gc,phases     ] GC(29)   Evacuate Collection Set: 3.9ms
[2019-08-04T17:03:37.182-0530][gc,phases     ] GC(29)   Post Evacuate Collection Set: 1.4ms
[2019-08-04T17:03:37.182-0530][gc,phases     ] GC(29)   Other: 1.5ms
[2019-08-04T17:03:37.182-0530][gc,heap       ] GC(29) Eden regions: 611->0(610)
[2019-08-04T17:03:37.182-0530][gc,heap       ] GC(29) Survivor regions: 3->4(77)
[2019-08-04T17:03:37.182-0530][gc,heap       ] GC(29) Old regions: 12->12
[2019-08-04T17:03:37.182-0530][gc,heap       ] GC(29) Humongous regions: 129->129
[2019-08-04T17:03:37.182-0530][gc,metaspace  ] GC(29) Metaspace: 41773K->41773K(1087488K)
[2019-08-04T17:03:37.182-0530][gc            ] GC(29) Pause Young (Normal) (G1 Evacuation Pause) 754M->144M(1024M) 6.980ms
[2019-08-04T17:03:37.182-0530][gc,cpu        ] GC(29) User=0.04s Sys=0.01s Real=0.01s
[2019-08-04T17:27:37.733-0530][gc,start      ] GC(30) Pause Young (Normal) (G1 Evacuation Pause)
[2019-08-04T17:27:37.733-0530][gc,task       ] GC(30) Using 10 workers of 10 for evacuation
[2019-08-04T17:27:37.738-0530][gc,phases     ] GC(30)   Pre Evacuate Collection Set: 0.0ms
[2019-08-04T17:27:37.738-0530][gc,phases     ] GC(30)   Evacuate Collection Set: 3.8ms
[2019-08-04T17:27:37.738-0530][gc,phases     ] GC(30)   Post Evacuate Collection Set: 1.4ms
[2019-08-04T17:27:37.738-0530][gc,phases     ] GC(30)   Other: 0.4ms
[2019-08-04T17:27:37.738-0530][gc,heap       ] GC(30) Eden regions: 610->0(611)
[2019-08-04T17:27:37.738-0530][gc,heap       ] GC(30) Survivor regions: 4->3(77)
[2019-08-04T17:27:37.738-0530][gc,heap       ] GC(30) Old regions: 12->12
[2019-08-04T17:27:37.738-0530][gc,heap       ] GC(30) Humongous regions: 129->129
[2019-08-04T17:27:37.738-0530][gc,metaspace  ] GC(30) Metaspace: 41778K->41778K(1087488K)
[2019-08-04T17:27:37.738-0530][gc            ] GC(30) Pause Young (Normal) (G1 Evacuation Pause) 754M->143M(1024M) 5.805ms
[2019-08-04T17:27:37.738-0530][gc,cpu        ] GC(30) User=0.04s Sys=0.00s Real=0.00s
[2019-08-04T17:51:51.867-0530][gc,start      ] GC(31) Pause Young (Normal) (G1 Evacuation Pause)
[2019-08-04T17:51:51.868-0530][gc,task       ] GC(31) Using 10 workers of 10 for evacuation
[2019-08-04T17:51:51.871-0530][gc,phases     ] GC(31)   Pre Evacuate Collection Set: 0.0ms
[2019-08-04T17:51:51.871-0530][gc,phases     ] GC(31)   Evacuate Collection Set: 2.3ms
[2019-08-04T17:51:51.871-0530][gc,phases     ] GC(31)   Post Evacuate Collection Set: 0.9ms
[2019-08-04T17:51:51.871-0530][gc,phases     ] GC(31)   Other: 1.0ms
[2019-08-04T17:51:51.871-0530][gc,heap       ] GC(31) Eden regions: 611->0(610)
[2019-08-04T17:51:51.871-0530][gc,heap       ] GC(31) Survivor regions: 3->4(77)
[2019-08-04T17:51:51.871-0530][gc,heap       ] GC(31) Old regions: 12->12
[2019-08-04T17:51:51.871-0530][gc,heap       ] GC(31) Humongous regions: 129->129
[2019-08-04T17:51:51.871-0530][gc,metaspace  ] GC(31) Metaspace: 41792K->41792K(1087488K)
[2019-08-04T17:51:51.871-0530][gc            ] GC(31) Pause Young (Normal) (G1 Evacuation Pause) 754M->144M(1024M) 4.348ms
[2019-08-04T17:51:51.872-0530][gc,cpu        ] GC(31) User=0.02s Sys=0.00s Real=0.01s
[2019-08-04T18:15:52.298-0530][gc,start      ] GC(32) Pause Young (Normal) (G1 Evacuation Pause)
[2019-08-04T18:15:52.299-0530][gc,task       ] GC(32) Using 10 workers of 10 for evacuation
[2019-08-04T18:15:52.305-0530][gc,phases     ] GC(32)   Pre Evacuate Collection Set: 0.0ms
[2019-08-04T18:15:52.305-0530][gc,phases     ] GC(32)   Evacuate Collection Set: 3.8ms
[2019-08-04T18:15:52.305-0530][gc,phases     ] GC(32)   Post Evacuate Collection Set: 1.4ms
[2019-08-04T18:15:52.305-0530][gc,phases     ] GC(32)   Other: 1.4ms
[2019-08-04T18:15:52.305-0530][gc,heap       ] GC(32) Eden regions: 610->0(611)
[2019-08-04T18:15:52.305-0530][gc,heap       ] GC(32) Survivor regions: 4->3(77)
[2019-08-04T18:15:52.305-0530][gc,heap       ] GC(32) Old regions: 12->12
[2019-08-04T18:15:52.305-0530][gc,heap       ] GC(32) Humongous regions: 129->129
[2019-08-04T18:15:52.305-0530][gc,metaspace  ] GC(32) Metaspace: 41796K->41796K(1087488K)
[2019-08-04T18:15:52.305-0530][gc            ] GC(32) Pause Young (Normal) (G1 Evacuation Pause) 754M->143M(1024M) 6.782ms
[2019-08-04T18:15:52.305-0530][gc,cpu        ] GC(32) User=0.04s Sys=0.00s Real=0.01s
[2019-08-04T18:40:03.984-0530][gc,start      ] GC(33) Pause Young (Normal) (G1 Evacuation Pause)
[2019-08-04T18:40:03.985-0530][gc,task       ] GC(33) Using 10 workers of 10 for evacuation
[2019-08-04T18:40:03.988-0530][gc,phases     ] GC(33)   Pre Evacuate Collection Set: 0.0ms
[2019-08-04T18:40:03.988-0530][gc,phases     ] GC(33)   Evacuate Collection Set: 1.9ms
[2019-08-04T18:40:03.988-0530][gc,phases     ] GC(33)   Post Evacuate Collection Set: 0.9ms
[2019-08-04T18:40:03.988-0530][gc,phases     ] GC(33)   Other: 1.0ms
[2019-08-04T18:40:03.988-0530][gc,heap       ] GC(33) Eden regions: 611->0(610)
[2019-08-04T18:40:03.988-0530][gc,heap       ] GC(33) Survivor regions: 3->4(77)
[2019-08-04T18:40:03.988-0530][gc,heap       ] GC(33) Old regions: 12->12
[2019-08-04T18:40:03.988-0530][gc,heap       ] GC(33) Humongous regions: 129->129
[2019-08-04T18:40:03.988-0530][gc,metaspace  ] GC(33) Metaspace: 41813K->41813K(1087488K)
[2019-08-04T18:40:03.988-0530][gc            ] GC(33) Pause Young (Normal) (G1 Evacuation Pause) 754M->144M(1024M) 3.924ms
[2019-08-04T18:40:03.988-0530][gc,cpu        ] GC(33) User=0.02s Sys=0.00s Real=0.00s
[2019-08-04T19:04:11.022-0530][gc,start      ] GC(34) Pause Young (Normal) (G1 Evacuation Pause)
[2019-08-04T19:04:11.023-0530][gc,task       ] GC(34) Using 10 workers of 10 for evacuation
[2019-08-04T19:04:11.028-0530][gc,phases     ] GC(34)   Pre Evacuate Collection Set: 0.0ms
[2019-08-04T19:04:11.028-0530][gc,phases     ] GC(34)   Evacuate Collection Set: 3.1ms
[2019-08-04T19:04:11.028-0530][gc,phases     ] GC(34)   Post Evacuate Collection Set: 1.4ms
[2019-08-04T19:04:11.028-0530][gc,phases     ] GC(34)   Other: 1.4ms
[2019-08-04T19:04:11.028-0530][gc,heap       ] GC(34) Eden regions: 610->0(610)
[2019-08-04T19:04:11.028-0530][gc,heap       ] GC(34) Survivor regions: 4->4(77)
[2019-08-04T19:04:11.028-0530][gc,heap       ] GC(34) Old regions: 12->12
[2019-08-04T19:04:11.028-0530][gc,heap       ] GC(34) Humongous regions: 129->129
[2019-08-04T19:04:11.028-0530][gc,metaspace  ] GC(34) Metaspace: 41824K->41824K(1087488K)
[2019-08-04T19:04:11.028-0530][gc            ] GC(34) Pause Young (Normal) (G1 Evacuation Pause) 754M->143M(1024M) 6.129ms
[2019-08-04T19:04:11.029-0530][gc,cpu        ] GC(34) User=0.03s Sys=0.00s Real=0.00s
[2019-08-04T21:55:38.509-0530][gc,start      ] GC(35) Pause Young (Normal) (G1 Evacuation Pause)
[2019-08-04T21:55:38.510-0530][gc,task       ] GC(35) Using 10 workers of 10 for evacuation
[2019-08-04T21:55:38.522-0530][gc,phases     ] GC(35)   Pre Evacuate Collection Set: 0.0ms
[2019-08-04T21:55:38.522-0530][gc,phases     ] GC(35)   Evacuate Collection Set: 11.0ms
[2019-08-04T21:55:38.522-0530][gc,phases     ] GC(35)   Post Evacuate Collection Set: 0.5ms
[2019-08-04T21:55:38.522-0530][gc,phases     ] GC(35)   Other: 1.5ms
[2019-08-04T21:55:38.522-0530][gc,heap       ] GC(35) Eden regions: 610->0(610)
[2019-08-04T21:55:38.522-0530][gc,heap       ] GC(35) Survivor regions: 4->4(77)
[2019-08-04T21:55:38.522-0530][gc,heap       ] GC(35) Old regions: 12->12
[2019-08-04T21:55:38.522-0530][gc,heap       ] GC(35) Humongous regions: 129->129
[2019-08-04T21:55:38.522-0530][gc,metaspace  ] GC(35) Metaspace: 41828K->41828K(1087488K)
[2019-08-04T21:55:38.522-0530][gc            ] GC(35) Pause Young (Normal) (G1 Evacuation Pause) 753M->143M(1024M) 13.149ms
[2019-08-04T21:55:38.523-0530][gc,cpu        ] GC(35) User=0.03s Sys=0.04s Real=0.02s
[2019-08-04T22:19:48.654-0530][gc,start      ] GC(36) Pause Young (Normal) (G1 Evacuation Pause)
[2019-08-04T22:19:48.654-0530][gc,task       ] GC(36) Using 10 workers of 10 for evacuation
[2019-08-04T22:19:48.661-0530][gc,phases     ] GC(36)   Pre Evacuate Collection Set: 0.0ms
[2019-08-04T22:19:48.661-0530][gc,phases     ] GC(36)   Evacuate Collection Set: 6.5ms
[2019-08-04T22:19:48.661-0530][gc,phases     ] GC(36)   Post Evacuate Collection Set: 0.5ms
[2019-08-04T22:19:48.661-0530][gc,phases     ] GC(36)   Other: 0.5ms
[2019-08-04T22:19:48.661-0530][gc,heap       ] GC(36) Eden regions: 610->0(611)
[2019-08-04T22:19:48.661-0530][gc,heap       ] GC(36) Survivor regions: 4->3(77)
[2019-08-04T22:19:48.661-0530][gc,heap       ] GC(36) Old regions: 12->12
[2019-08-04T22:19:48.661-0530][gc,heap       ] GC(36) Humongous regions: 129->129
[2019-08-04T22:19:48.661-0530][gc,metaspace  ] GC(36) Metaspace: 41841K->41841K(1087488K)
[2019-08-04T22:19:48.662-0530][gc            ] GC(36) Pause Young (Normal) (G1 Evacuation Pause) 753M->143M(1024M) 7.637ms
[2019-08-04T22:19:48.662-0530][gc,cpu        ] GC(36) User=0.03s Sys=0.02s Real=0.01s
[2019-08-04T22:43:50.498-0530][gc,start      ] GC(37) Pause Young (Normal) (G1 Evacuation Pause)
[2019-08-04T22:43:50.499-0530][gc,task       ] GC(37) Using 10 workers of 10 for evacuation
[2019-08-04T22:43:50.501-0530][gc,phases     ] GC(37)   Pre Evacuate Collection Set: 0.0ms
[2019-08-04T22:43:50.501-0530][gc,phases     ] GC(37)   Evacuate Collection Set: 1.5ms
[2019-08-04T22:43:50.501-0530][gc,phases     ] GC(37)   Post Evacuate Collection Set: 0.3ms
[2019-08-04T22:43:50.501-0530][gc,phases     ] GC(37)   Other: 0.8ms
[2019-08-04T22:43:50.501-0530][gc,heap       ] GC(37) Eden regions: 611->0(610)
[2019-08-04T22:43:50.501-0530][gc,heap       ] GC(37) Survivor regions: 3->4(77)
[2019-08-04T22:43:50.501-0530][gc,heap       ] GC(37) Old regions: 12->12
[2019-08-04T22:43:50.501-0530][gc,heap       ] GC(37) Humongous regions: 129->129
[2019-08-04T22:43:50.501-0530][gc,metaspace  ] GC(37) Metaspace: 41841K->41841K(1087488K)
[2019-08-04T22:43:50.501-0530][gc            ] GC(37) Pause Young (Normal) (G1 Evacuation Pause) 754M->143M(1024M) 2.815ms
[2019-08-04T22:43:50.501-0530][gc,cpu        ] GC(37) User=0.02s Sys=0.00s Real=0.01s
[2019-08-04T23:08:00.284-0530][gc,start      ] GC(38) Pause Young (Normal) (G1 Evacuation Pause)
[2019-08-04T23:08:00.285-0530][gc,task       ] GC(38) Using 10 workers of 10 for evacuation
[2019-08-04T23:08:00.290-0530][gc,phases     ] GC(38)   Pre Evacuate Collection Set: 0.4ms
[2019-08-04T23:08:00.290-0530][gc,phases     ] GC(38)   Evacuate Collection Set: 3.5ms
[2019-08-04T23:08:00.290-0530][gc,phases     ] GC(38)   Post Evacuate Collection Set: 0.9ms
[2019-08-04T23:08:00.290-0530][gc,phases     ] GC(38)   Other: 1.1ms
[2019-08-04T23:08:00.290-0530][gc,heap       ] GC(38) Eden regions: 610->0(610)
[2019-08-04T23:08:00.290-0530][gc,heap       ] GC(38) Survivor regions: 4->4(77)
[2019-08-04T23:08:00.290-0530][gc,heap       ] GC(38) Old regions: 12->12
[2019-08-04T23:08:00.290-0530][gc,heap       ] GC(38) Humongous regions: 129->129
[2019-08-04T23:08:00.290-0530][gc,metaspace  ] GC(38) Metaspace: 41848K->41848K(1087488K)
[2019-08-04T23:08:00.291-0530][gc            ] GC(38) Pause Young (Normal) (G1 Evacuation Pause) 753M->144M(1024M) 6.006ms
[2019-08-04T23:08:00.291-0530][gc,cpu        ] GC(38) User=0.01s Sys=0.01s Real=0.01s
[2019-08-04T23:16:30.392-0530][gc,heap,exit  ] Heap
[2019-08-04T23:16:30.392-0530][gc,heap,exit  ]  garbage-first heap   total 1048576K, used 394791K [0x00000007c0000000, 0x0000000800000000)
[2019-08-04T23:16:30.392-0530][gc,heap,exit  ]   region size 1024K, 246 young (251904K), 4 survivors (4096K)
[2019-08-04T23:16:30.392-0530][gc,heap,exit  ]  Metaspace       used 43979K, capacity 46522K, committed 46640K, reserved 1089536K
[2019-08-04T23:16:30.392-0530][gc,heap,exit  ]   class space    used 5857K, capacity 7038K, committed 7040K, reserved 1048576K
