[2019-07-20T19:04:46.887-0530][gc,heap] Heap region size: 1M
[2019-07-20T19:04:46.895-0530][gc     ] Using G1
[2019-07-20T19:04:46.895-0530][gc,heap,coops] Heap address: 0x00000007c0000000, size: 1024 MB, Compressed Oops mode: Zero based, Oop shift amount: 3
[2019-07-20T19:04:47.768-0530][gc,start     ] GC(0) Pause Young (Concurrent Start) (Metadata GC Threshold)
[2019-07-20T19:04:47.769-0530][gc,task      ] GC(0) Using 10 workers of 10 for evacuation
[2019-07-20T19:04:47.774-0530][gc,phases    ] GC(0)   Pre Evacuate Collection Set: 0.0ms
[2019-07-20T19:04:47.774-0530][gc,phases    ] GC(0)   Evacuate Collection Set: 5.1ms
[2019-07-20T19:04:47.774-0530][gc,phases    ] GC(0)   Post Evacuate Collection Set: 0.3ms
[2019-07-20T19:04:47.774-0530][gc,phases    ] GC(0)   Other: 0.6ms
[2019-07-20T19:04:47.774-0530][gc,heap      ] GC(0) Eden regions: 37->0(45)
[2019-07-20T19:04:47.774-0530][gc,heap      ] GC(0) Survivor regions: 0->6(7)
[2019-07-20T19:04:47.774-0530][gc,heap      ] GC(0) Old regions: 0->0
[2019-07-20T19:04:47.774-0530][gc,heap      ] GC(0) Humongous regions: 0->0
[2019-07-20T19:04:47.774-0530][gc,metaspace ] GC(0) Metaspace: 20762K->20762K(1069056K)
[2019-07-20T19:04:47.774-0530][gc           ] GC(0) Pause Young (Concurrent Start) (Metadata GC Threshold) 36M->5M(1024M) 6.213ms
[2019-07-20T19:04:47.774-0530][gc,cpu       ] GC(0) User=0.01s Sys=0.00s Real=0.01s
[2019-07-20T19:04:47.775-0530][gc           ] GC(1) Concurrent Cycle
[2019-07-20T19:04:47.775-0530][gc,marking   ] GC(1) Concurrent Clear Claimed Marks
[2019-07-20T19:04:47.775-0530][gc,marking   ] GC(1) Concurrent Clear Claimed Marks 0.014ms
[2019-07-20T19:04:47.775-0530][gc,marking   ] GC(1) Concurrent Scan Root Regions
[2019-07-20T19:04:47.776-0530][gc,marking   ] GC(1) Concurrent Scan Root Regions 1.316ms
[2019-07-20T19:04:47.776-0530][gc,marking   ] GC(1) Concurrent Mark (0.898s)
[2019-07-20T19:04:47.776-0530][gc,marking   ] GC(1) Concurrent Mark From Roots
[2019-07-20T19:04:47.776-0530][gc,task      ] GC(1) Using 3 workers of 3 for marking
[2019-07-20T19:04:47.776-0530][gc,marking   ] GC(1) Concurrent Mark From Roots 0.168ms
[2019-07-20T19:04:47.776-0530][gc,marking   ] GC(1) Concurrent Preclean
[2019-07-20T19:04:47.776-0530][gc,marking   ] GC(1) Concurrent Preclean 0.027ms
[2019-07-20T19:04:47.776-0530][gc,marking   ] GC(1) Concurrent Mark (0.898s, 0.899s) 0.227ms
[2019-07-20T19:04:47.776-0530][gc,start     ] GC(1) Pause Remark
[2019-07-20T19:04:47.778-0530][gc,stringtable] GC(1) Cleaned string and symbol table, strings: 7307 processed, 0 removed, symbols: 63705 processed, 42 removed
[2019-07-20T19:04:47.778-0530][gc            ] GC(1) Pause Remark 6M->6M(1024M) 1.552ms
[2019-07-20T19:04:47.778-0530][gc,cpu        ] GC(1) User=0.01s Sys=0.00s Real=0.00s
[2019-07-20T19:04:47.778-0530][gc,marking    ] GC(1) Concurrent Rebuild Remembered Sets
[2019-07-20T19:04:47.778-0530][gc,marking    ] GC(1) Concurrent Rebuild Remembered Sets 0.053ms
[2019-07-20T19:04:47.778-0530][gc,start      ] GC(1) Pause Cleanup
[2019-07-20T19:04:47.778-0530][gc            ] GC(1) Pause Cleanup 6M->6M(1024M) 0.137ms
[2019-07-20T19:04:47.778-0530][gc,cpu        ] GC(1) User=0.00s Sys=0.00s Real=0.00s
[2019-07-20T19:04:47.778-0530][gc,marking    ] GC(1) Concurrent Cleanup for Next Mark
[2019-07-20T19:04:47.783-0530][gc,marking    ] GC(1) Concurrent Cleanup for Next Mark 4.549ms
[2019-07-20T19:04:47.783-0530][gc            ] GC(1) Concurrent Cycle 8.448ms
[2019-07-20T19:04:48.459-0530][gc,start      ] GC(2) Pause Young (Normal) (G1 Evacuation Pause)
[2019-07-20T19:04:48.459-0530][gc,task       ] GC(2) Using 10 workers of 10 for evacuation
[2019-07-20T19:04:48.464-0530][gc,phases     ] GC(2)   Pre Evacuate Collection Set: 0.0ms
[2019-07-20T19:04:48.464-0530][gc,phases     ] GC(2)   Evacuate Collection Set: 5.0ms
[2019-07-20T19:04:48.464-0530][gc,phases     ] GC(2)   Post Evacuate Collection Set: 0.4ms
[2019-07-20T19:04:48.464-0530][gc,phases     ] GC(2)   Other: 0.1ms
[2019-07-20T19:04:48.464-0530][gc,heap       ] GC(2) Eden regions: 45->0(47)
[2019-07-20T19:04:48.464-0530][gc,heap       ] GC(2) Survivor regions: 6->4(7)
[2019-07-20T19:04:48.464-0530][gc,heap       ] GC(2) Old regions: 0->6
[2019-07-20T19:04:48.464-0530][gc,heap       ] GC(2) Humongous regions: 129->129
[2019-07-20T19:04:48.464-0530][gc,metaspace  ] GC(2) Metaspace: 30612K->30612K(1077248K)
[2019-07-20T19:04:48.464-0530][gc            ] GC(2) Pause Young (Normal) (G1 Evacuation Pause) 179M->138M(1024M) 5.730ms
[2019-07-20T19:04:48.464-0530][gc,cpu        ] GC(2) User=0.04s Sys=0.00s Real=0.01s
[2019-07-20T19:04:48.748-0530][gc,start      ] GC(3) Pause Young (Concurrent Start) (Metadata GC Threshold)
[2019-07-20T19:04:48.748-0530][gc,task       ] GC(3) Using 10 workers of 10 for evacuation
[2019-07-20T19:04:48.753-0530][gc,phases     ] GC(3)   Pre Evacuate Collection Set: 0.1ms
[2019-07-20T19:04:48.753-0530][gc,phases     ] GC(3)   Evacuate Collection Set: 4.1ms
[2019-07-20T19:04:48.753-0530][gc,phases     ] GC(3)   Post Evacuate Collection Set: 0.2ms
[2019-07-20T19:04:48.753-0530][gc,phases     ] GC(3)   Other: 0.2ms
[2019-07-20T19:04:48.753-0530][gc,heap       ] GC(3) Eden regions: 20->0(46)
[2019-07-20T19:04:48.753-0530][gc,heap       ] GC(3) Survivor regions: 4->5(7)
[2019-07-20T19:04:48.753-0530][gc,heap       ] GC(3) Old regions: 6->6
[2019-07-20T19:04:48.753-0530][gc,heap       ] GC(3) Humongous regions: 129->129
[2019-07-20T19:04:48.753-0530][gc,metaspace  ] GC(3) Metaspace: 34874K->34874K(1081344K)
[2019-07-20T19:04:48.753-0530][gc            ] GC(3) Pause Young (Concurrent Start) (Metadata GC Threshold) 158M->139M(1024M) 4.730ms
[2019-07-20T19:04:48.753-0530][gc,cpu        ] GC(3) User=0.04s Sys=0.00s Real=0.01s
[2019-07-20T19:04:48.753-0530][gc            ] GC(4) Concurrent Cycle
[2019-07-20T19:04:48.753-0530][gc,marking    ] GC(4) Concurrent Clear Claimed Marks
[2019-07-20T19:04:48.753-0530][gc,marking    ] GC(4) Concurrent Clear Claimed Marks 0.066ms
[2019-07-20T19:04:48.753-0530][gc,marking    ] GC(4) Concurrent Scan Root Regions
[2019-07-20T19:04:48.755-0530][gc,marking    ] GC(4) Concurrent Scan Root Regions 1.971ms
[2019-07-20T19:04:48.755-0530][gc,marking    ] GC(4) Concurrent Mark (1.877s)
[2019-07-20T19:04:48.755-0530][gc,marking    ] GC(4) Concurrent Mark From Roots
[2019-07-20T19:04:48.755-0530][gc,task       ] GC(4) Using 3 workers of 3 for marking
[2019-07-20T19:04:48.759-0530][gc,marking    ] GC(4) Concurrent Mark From Roots 3.848ms
[2019-07-20T19:04:48.759-0530][gc,marking    ] GC(4) Concurrent Preclean
[2019-07-20T19:04:48.759-0530][gc,marking    ] GC(4) Concurrent Preclean 0.080ms
[2019-07-20T19:04:48.759-0530][gc,marking    ] GC(4) Concurrent Mark (1.877s, 1.882s) 4.005ms
[2019-07-20T19:04:48.759-0530][gc,start      ] GC(4) Pause Remark
[2019-07-20T19:04:48.761-0530][gc,stringtable] GC(4) Cleaned string and symbol table, strings: 12993 processed, 8 removed, symbols: 101152 processed, 28 removed
[2019-07-20T19:04:48.762-0530][gc            ] GC(4) Pause Remark 140M->140M(1024M) 2.387ms
[2019-07-20T19:04:48.762-0530][gc,cpu        ] GC(4) User=0.02s Sys=0.00s Real=0.01s
[2019-07-20T19:04:48.762-0530][gc,marking    ] GC(4) Concurrent Rebuild Remembered Sets
[2019-07-20T19:04:48.764-0530][gc,marking    ] GC(4) Concurrent Rebuild Remembered Sets 2.230ms
[2019-07-20T19:04:48.764-0530][gc,start      ] GC(4) Pause Cleanup
[2019-07-20T19:04:48.764-0530][gc            ] GC(4) Pause Cleanup 140M->140M(1024M) 0.181ms
[2019-07-20T19:04:48.764-0530][gc,cpu        ] GC(4) User=0.00s Sys=0.00s Real=0.00s
[2019-07-20T19:04:48.764-0530][gc,marking    ] GC(4) Concurrent Cleanup for Next Mark
[2019-07-20T19:04:48.770-0530][gc,marking    ] GC(4) Concurrent Cleanup for Next Mark 5.219ms
[2019-07-20T19:04:48.770-0530][gc            ] GC(4) Concurrent Cycle 16.732ms
[2019-07-20T19:13:09.487-0530][gc,start      ] GC(5) Pause Young (Normal) (G1 Evacuation Pause)
[2019-07-20T19:13:09.487-0530][gc,task       ] GC(5) Using 10 workers of 10 for evacuation
[2019-07-20T19:13:09.490-0530][gc,phases     ] GC(5)   Pre Evacuate Collection Set: 0.0ms
[2019-07-20T19:13:09.490-0530][gc,phases     ] GC(5)   Evacuate Collection Set: 2.8ms
[2019-07-20T19:13:09.490-0530][gc,phases     ] GC(5)   Post Evacuate Collection Set: 0.6ms
[2019-07-20T19:13:09.490-0530][gc,phases     ] GC(5)   Other: 0.2ms
[2019-07-20T19:13:09.490-0530][gc,heap       ] GC(5) Eden regions: 46->0(46)
[2019-07-20T19:13:09.490-0530][gc,heap       ] GC(5) Survivor regions: 5->5(7)
[2019-07-20T19:13:09.490-0530][gc,heap       ] GC(5) Old regions: 6->9
[2019-07-20T19:13:09.490-0530][gc,heap       ] GC(5) Humongous regions: 129->129
[2019-07-20T19:13:09.490-0530][gc,metaspace  ] GC(5) Metaspace: 40462K->40462K(1085440K)
[2019-07-20T19:13:09.490-0530][gc            ] GC(5) Pause Young (Normal) (G1 Evacuation Pause) 185M->142M(1024M) 3.677ms
[2019-07-20T19:13:09.490-0530][gc,cpu        ] GC(5) User=0.03s Sys=0.01s Real=0.01s
[2019-07-20T19:15:14.469-0530][gc,start      ] GC(6) Pause Young (Normal) (G1 Evacuation Pause)
[2019-07-20T19:15:14.470-0530][gc,task       ] GC(6) Using 10 workers of 10 for evacuation
[2019-07-20T19:15:14.475-0530][gc,phases     ] GC(6)   Pre Evacuate Collection Set: 0.0ms
[2019-07-20T19:15:14.475-0530][gc,phases     ] GC(6)   Evacuate Collection Set: 4.6ms
[2019-07-20T19:15:14.475-0530][gc,phases     ] GC(6)   Post Evacuate Collection Set: 0.4ms
[2019-07-20T19:15:14.475-0530][gc,phases     ] GC(6)   Other: 0.4ms
[2019-07-20T19:15:14.475-0530][gc,heap       ] GC(6) Eden regions: 46->0(47)
[2019-07-20T19:15:14.475-0530][gc,heap       ] GC(6) Survivor regions: 5->4(7)
[2019-07-20T19:15:14.475-0530][gc,heap       ] GC(6) Old regions: 9->11
[2019-07-20T19:15:14.475-0530][gc,heap       ] GC(6) Humongous regions: 129->129
[2019-07-20T19:15:14.475-0530][gc,metaspace  ] GC(6) Metaspace: 40751K->40751K(1085440K)
[2019-07-20T19:15:14.475-0530][gc            ] GC(6) Pause Young (Normal) (G1 Evacuation Pause) 188M->143M(1024M) 5.488ms
[2019-07-20T19:15:14.475-0530][gc,cpu        ] GC(6) User=0.04s Sys=0.01s Real=0.01s
[2019-07-20T19:17:32.749-0530][gc,start      ] GC(7) Pause Young (Normal) (G1 Evacuation Pause)
[2019-07-20T19:17:32.749-0530][gc,task       ] GC(7) Using 10 workers of 10 for evacuation
[2019-07-20T19:17:32.753-0530][gc,phases     ] GC(7)   Pre Evacuate Collection Set: 0.0ms
[2019-07-20T19:17:32.753-0530][gc,phases     ] GC(7)   Evacuate Collection Set: 3.8ms
[2019-07-20T19:17:32.753-0530][gc,phases     ] GC(7)   Post Evacuate Collection Set: 0.5ms
[2019-07-20T19:17:32.753-0530][gc,phases     ] GC(7)   Other: 0.3ms
[2019-07-20T19:17:32.753-0530][gc,heap       ] GC(7) Eden regions: 47->0(47)
[2019-07-20T19:17:32.754-0530][gc,heap       ] GC(7) Survivor regions: 4->4(7)
[2019-07-20T19:17:32.754-0530][gc,heap       ] GC(7) Old regions: 11->11
[2019-07-20T19:17:32.754-0530][gc,heap       ] GC(7) Humongous regions: 129->129
[2019-07-20T19:17:32.754-0530][gc,metaspace  ] GC(7) Metaspace: 40906K->40906K(1085440K)
[2019-07-20T19:17:32.754-0530][gc            ] GC(7) Pause Young (Normal) (G1 Evacuation Pause) 190M->143M(1024M) 4.732ms
[2019-07-20T19:17:32.754-0530][gc,cpu        ] GC(7) User=0.03s Sys=0.00s Real=0.01s
[2019-07-20T19:25:24.646-0530][gc,start      ] GC(8) Pause Young (Normal) (G1 Evacuation Pause)
[2019-07-20T19:25:24.646-0530][gc,task       ] GC(8) Using 10 workers of 10 for evacuation
[2019-07-20T19:25:24.649-0530][gc,phases     ] GC(8)   Pre Evacuate Collection Set: 0.0ms
[2019-07-20T19:25:24.649-0530][gc,phases     ] GC(8)   Evacuate Collection Set: 2.1ms
[2019-07-20T19:25:24.649-0530][gc,phases     ] GC(8)   Post Evacuate Collection Set: 0.3ms
[2019-07-20T19:25:24.649-0530][gc,phases     ] GC(8)   Other: 0.2ms
[2019-07-20T19:25:24.649-0530][gc,heap       ] GC(8) Eden regions: 47->0(48)
[2019-07-20T19:25:24.649-0530][gc,heap       ] GC(8) Survivor regions: 4->3(7)
[2019-07-20T19:25:24.649-0530][gc,heap       ] GC(8) Old regions: 11->12
[2019-07-20T19:25:24.649-0530][gc,heap       ] GC(8) Humongous regions: 129->129
[2019-07-20T19:25:24.649-0530][gc,metaspace  ] GC(8) Metaspace: 41025K->41025K(1085440K)
[2019-07-20T19:25:24.649-0530][gc            ] GC(8) Pause Young (Normal) (G1 Evacuation Pause) 190M->143M(1024M) 2.601ms
[2019-07-20T19:25:24.649-0530][gc,cpu        ] GC(8) User=0.02s Sys=0.01s Real=0.00s
[2019-07-20T19:37:10.000-0530][gc,start      ] GC(9) Pause Young (Normal) (G1 Evacuation Pause)
[2019-07-20T19:37:10.000-0530][gc,task       ] GC(9) Using 10 workers of 10 for evacuation
[2019-07-20T19:37:10.004-0530][gc,phases     ] GC(9)   Pre Evacuate Collection Set: 0.0ms
[2019-07-20T19:37:10.004-0530][gc,phases     ] GC(9)   Evacuate Collection Set: 3.3ms
[2019-07-20T19:37:10.004-0530][gc,phases     ] GC(9)   Post Evacuate Collection Set: 0.3ms
[2019-07-20T19:37:10.004-0530][gc,phases     ] GC(9)   Other: 0.3ms
[2019-07-20T19:37:10.004-0530][gc,heap       ] GC(9) Eden regions: 48->0(50)
[2019-07-20T19:37:10.004-0530][gc,heap       ] GC(9) Survivor regions: 3->4(7)
[2019-07-20T19:37:10.004-0530][gc,heap       ] GC(9) Old regions: 12->12
[2019-07-20T19:37:10.004-0530][gc,heap       ] GC(9) Humongous regions: 129->129
[2019-07-20T19:37:10.004-0530][gc,metaspace  ] GC(9) Metaspace: 41140K->41140K(1087488K)
[2019-07-20T19:37:10.004-0530][gc            ] GC(9) Pause Young (Normal) (G1 Evacuation Pause) 191M->144M(1024M) 4.143ms
[2019-07-20T19:37:10.004-0530][gc,cpu        ] GC(9) User=0.03s Sys=0.00s Real=0.00s
[2019-07-20T19:40:32.343-0530][gc,start      ] GC(10) Pause Young (Normal) (G1 Evacuation Pause)
[2019-07-20T19:40:32.343-0530][gc,task       ] GC(10) Using 10 workers of 10 for evacuation
[2019-07-20T19:40:32.349-0530][gc,phases     ] GC(10)   Pre Evacuate Collection Set: 0.0ms
[2019-07-20T19:40:32.349-0530][gc,phases     ] GC(10)   Evacuate Collection Set: 5.8ms
[2019-07-20T19:40:32.349-0530][gc,phases     ] GC(10)   Post Evacuate Collection Set: 0.4ms
[2019-07-20T19:40:32.349-0530][gc,phases     ] GC(10)   Other: 0.3ms
[2019-07-20T19:40:32.349-0530][gc,heap       ] GC(10) Eden regions: 50->0(57)
[2019-07-20T19:40:32.349-0530][gc,heap       ] GC(10) Survivor regions: 4->6(7)
[2019-07-20T19:40:32.349-0530][gc,heap       ] GC(10) Old regions: 12->12
[2019-07-20T19:40:32.349-0530][gc,heap       ] GC(10) Humongous regions: 129->129
[2019-07-20T19:40:32.349-0530][gc,metaspace  ] GC(10) Metaspace: 41640K->41640K(1087488K)
[2019-07-20T19:40:32.349-0530][gc            ] GC(10) Pause Young (Normal) (G1 Evacuation Pause) 194M->146M(1024M) 6.751ms
[2019-07-20T19:40:32.350-0530][gc,cpu        ] GC(10) User=0.05s Sys=0.01s Real=0.01s
[2019-07-20T19:42:38.987-0530][gc,start      ] GC(11) Pause Young (Normal) (G1 Evacuation Pause)
[2019-07-20T19:42:38.987-0530][gc,task       ] GC(11) Using 10 workers of 10 for evacuation
[2019-07-20T19:42:38.995-0530][gc,phases     ] GC(11)   Pre Evacuate Collection Set: 0.0ms
[2019-07-20T19:42:38.995-0530][gc,phases     ] GC(11)   Evacuate Collection Set: 7.7ms
[2019-07-20T19:42:38.995-0530][gc,phases     ] GC(11)   Post Evacuate Collection Set: 0.2ms
[2019-07-20T19:42:38.995-0530][gc,phases     ] GC(11)   Other: 0.4ms
[2019-07-20T19:42:38.996-0530][gc,heap       ] GC(11) Eden regions: 57->0(59)
[2019-07-20T19:42:38.996-0530][gc,heap       ] GC(11) Survivor regions: 6->7(8)
[2019-07-20T19:42:38.996-0530][gc,heap       ] GC(11) Old regions: 12->14
[2019-07-20T19:42:38.996-0530][gc,heap       ] GC(11) Humongous regions: 129->129
[2019-07-20T19:42:38.996-0530][gc,metaspace  ] GC(11) Metaspace: 41662K->41662K(1087488K)
[2019-07-20T19:42:38.996-0530][gc            ] GC(11) Pause Young (Normal) (G1 Evacuation Pause) 203M->149M(1024M) 8.431ms
[2019-07-20T19:42:38.996-0530][gc,cpu        ] GC(11) User=0.07s Sys=0.01s Real=0.01s
[2019-07-20T19:44:51.378-0530][gc,start      ] GC(12) Pause Young (Normal) (G1 Evacuation Pause)
[2019-07-20T19:44:51.378-0530][gc,task       ] GC(12) Using 10 workers of 10 for evacuation
[2019-07-20T19:44:51.384-0530][gc,phases     ] GC(12)   Pre Evacuate Collection Set: 0.0ms
[2019-07-20T19:44:51.384-0530][gc,phases     ] GC(12)   Evacuate Collection Set: 5.1ms
[2019-07-20T19:44:51.384-0530][gc,phases     ] GC(12)   Post Evacuate Collection Set: 0.2ms
[2019-07-20T19:44:51.384-0530][gc,phases     ] GC(12)   Other: 0.2ms
[2019-07-20T19:44:51.384-0530][gc,heap       ] GC(12) Eden regions: 59->0(77)
[2019-07-20T19:44:51.384-0530][gc,heap       ] GC(12) Survivor regions: 7->7(9)
[2019-07-20T19:44:51.384-0530][gc,heap       ] GC(12) Old regions: 14->18
[2019-07-20T19:44:51.384-0530][gc,heap       ] GC(12) Humongous regions: 129->129
[2019-07-20T19:44:51.384-0530][gc,metaspace  ] GC(12) Metaspace: 41682K->41682K(1087488K)
[2019-07-20T19:44:51.384-0530][gc            ] GC(12) Pause Young (Normal) (G1 Evacuation Pause) 208M->152M(1024M) 5.679ms
[2019-07-20T19:44:51.384-0530][gc,cpu        ] GC(12) User=0.05s Sys=0.01s Real=0.01s
[2019-07-20T19:47:43.878-0530][gc,start      ] GC(13) Pause Young (Normal) (G1 Evacuation Pause)
[2019-07-20T19:47:43.878-0530][gc,task       ] GC(13) Using 10 workers of 10 for evacuation
[2019-07-20T19:47:43.886-0530][gc,phases     ] GC(13)   Pre Evacuate Collection Set: 0.0ms
[2019-07-20T19:47:43.886-0530][gc,phases     ] GC(13)   Evacuate Collection Set: 7.0ms
[2019-07-20T19:47:43.886-0530][gc,phases     ] GC(13)   Post Evacuate Collection Set: 0.3ms
[2019-07-20T19:47:43.886-0530][gc,phases     ] GC(13)   Other: 0.3ms
[2019-07-20T19:47:43.886-0530][gc,heap       ] GC(13) Eden regions: 76->0(176)
[2019-07-20T19:47:43.886-0530][gc,heap       ] GC(13) Survivor regions: 7->8(11)
[2019-07-20T19:47:43.886-0530][gc,heap       ] GC(13) Old regions: 18->20
[2019-07-20T19:47:43.886-0530][gc,heap       ] GC(13) Humongous regions: 129->129
[2019-07-20T19:47:43.886-0530][gc,metaspace  ] GC(13) Metaspace: 41716K->41716K(1087488K)
[2019-07-20T19:47:43.886-0530][gc            ] GC(13) Pause Young (Normal) (G1 Evacuation Pause) 228M->156M(1024M) 7.775ms
[2019-07-20T19:47:43.886-0530][gc,cpu        ] GC(13) User=0.06s Sys=0.01s Real=0.01s
[2019-07-20T19:54:15.003-0530][gc,start      ] GC(14) Pause Young (Normal) (G1 Evacuation Pause)
[2019-07-20T19:54:15.003-0530][gc,task       ] GC(14) Using 10 workers of 10 for evacuation
[2019-07-20T19:54:15.017-0530][gc,phases     ] GC(14)   Pre Evacuate Collection Set: 0.0ms
[2019-07-20T19:54:15.017-0530][gc,phases     ] GC(14)   Evacuate Collection Set: 13.2ms
[2019-07-20T19:54:15.017-0530][gc,phases     ] GC(14)   Post Evacuate Collection Set: 0.2ms
[2019-07-20T19:54:15.017-0530][gc,phases     ] GC(14)   Other: 0.4ms
[2019-07-20T19:54:15.017-0530][gc,heap       ] GC(14) Eden regions: 170->0(109)
[2019-07-20T19:54:15.017-0530][gc,heap       ] GC(14) Survivor regions: 8->17(23)
[2019-07-20T19:54:15.017-0530][gc,heap       ] GC(14) Old regions: 20->20
[2019-07-20T19:54:15.017-0530][gc,heap       ] GC(14) Humongous regions: 129->129
[2019-07-20T19:54:15.017-0530][gc,metaspace  ] GC(14) Metaspace: 41825K->41825K(1087488K)
[2019-07-20T19:54:15.017-0530][gc            ] GC(14) Pause Young (Normal) (G1 Evacuation Pause) 326M->165M(1024M) 14.005ms
[2019-07-20T19:54:15.017-0530][gc,cpu        ] GC(14) User=0.10s Sys=0.02s Real=0.01s
[2019-07-20T19:58:12.796-0530][gc,start      ] GC(15) Pause Young (Normal) (G1 Evacuation Pause)
[2019-07-20T19:58:12.796-0530][gc,task       ] GC(15) Using 10 workers of 10 for evacuation
[2019-07-20T19:58:12.808-0530][gc,phases     ] GC(15)   Pre Evacuate Collection Set: 0.0ms
[2019-07-20T19:58:12.808-0530][gc,phases     ] GC(15)   Evacuate Collection Set: 11.2ms
[2019-07-20T19:58:12.808-0530][gc,phases     ] GC(15)   Post Evacuate Collection Set: 0.2ms
[2019-07-20T19:58:12.808-0530][gc,phases     ] GC(15)   Other: 0.2ms
[2019-07-20T19:58:12.808-0530][gc,heap       ] GC(15) Eden regions: 105->0(117)
[2019-07-20T19:58:12.808-0530][gc,heap       ] GC(15) Survivor regions: 17->8(16)
[2019-07-20T19:58:12.808-0530][gc,heap       ] GC(15) Old regions: 20->36
[2019-07-20T19:58:12.808-0530][gc,heap       ] GC(15) Humongous regions: 129->129
[2019-07-20T19:58:12.808-0530][gc,metaspace  ] GC(15) Metaspace: 41905K->41905K(1087488K)
[2019-07-20T19:58:12.808-0530][gc            ] GC(15) Pause Young (Normal) (G1 Evacuation Pause) 270M->172M(1024M) 11.816ms
[2019-07-20T19:58:12.808-0530][gc,cpu        ] GC(15) User=0.09s Sys=0.01s Real=0.01s
[2019-07-20T20:02:35.281-0530][gc,start      ] GC(16) Pause Young (Normal) (G1 Evacuation Pause)
[2019-07-20T20:02:35.281-0530][gc,task       ] GC(16) Using 10 workers of 10 for evacuation
[2019-07-20T20:02:35.290-0530][gc,phases     ] GC(16)   Pre Evacuate Collection Set: 0.1ms
[2019-07-20T20:02:35.290-0530][gc,phases     ] GC(16)   Evacuate Collection Set: 8.5ms
[2019-07-20T20:02:35.290-0530][gc,phases     ] GC(16)   Post Evacuate Collection Set: 0.2ms
[2019-07-20T20:02:35.290-0530][gc,phases     ] GC(16)   Other: 0.4ms
[2019-07-20T20:02:35.290-0530][gc,heap       ] GC(16) Eden regions: 117->0(108)
[2019-07-20T20:02:35.290-0530][gc,heap       ] GC(16) Survivor regions: 8->13(16)
[2019-07-20T20:02:35.290-0530][gc,heap       ] GC(16) Old regions: 36->36
[2019-07-20T20:02:35.290-0530][gc,heap       ] GC(16) Humongous regions: 129->129
[2019-07-20T20:02:35.290-0530][gc,metaspace  ] GC(16) Metaspace: 41938K->41938K(1087488K)
[2019-07-20T20:02:35.290-0530][gc            ] GC(16) Pause Young (Normal) (G1 Evacuation Pause) 289M->177M(1024M) 9.244ms
[2019-07-20T20:02:35.290-0530][gc,cpu        ] GC(16) User=0.09s Sys=0.00s Real=0.01s
[2019-07-20T20:06:27.898-0530][gc,start      ] GC(17) Pause Young (Normal) (G1 Evacuation Pause)
[2019-07-20T20:06:27.898-0530][gc,task       ] GC(17) Using 10 workers of 10 for evacuation
[2019-07-20T20:06:27.910-0530][gc,phases     ] GC(17)   Pre Evacuate Collection Set: 0.0ms
[2019-07-20T20:06:27.910-0530][gc,phases     ] GC(17)   Evacuate Collection Set: 11.8ms
[2019-07-20T20:06:27.910-0530][gc,phases     ] GC(17)   Post Evacuate Collection Set: 0.3ms
[2019-07-20T20:06:27.910-0530][gc,phases     ] GC(17)   Other: 0.4ms
[2019-07-20T20:06:27.910-0530][gc,heap       ] GC(17) Eden regions: 107->0(115)
[2019-07-20T20:06:27.910-0530][gc,heap       ] GC(17) Survivor regions: 13->14(15)
[2019-07-20T20:06:27.910-0530][gc,heap       ] GC(17) Old regions: 36->42
[2019-07-20T20:06:27.910-0530][gc,heap       ] GC(17) Humongous regions: 129->129
[2019-07-20T20:06:27.910-0530][gc,metaspace  ] GC(17) Metaspace: 42018K->42018K(1087488K)
[2019-07-20T20:06:27.910-0530][gc            ] GC(17) Pause Young (Normal) (G1 Evacuation Pause) 284M->183M(1024M) 12.568ms
[2019-07-20T20:06:27.910-0530][gc,cpu        ] GC(17) User=0.11s Sys=0.01s Real=0.02s
[2019-07-20T20:12:56.161-0530][gc,start      ] GC(18) Pause Young (Normal) (G1 Evacuation Pause)
[2019-07-20T20:12:56.161-0530][gc,task       ] GC(18) Using 10 workers of 10 for evacuation
[2019-07-20T20:12:56.170-0530][gc,phases     ] GC(18)   Pre Evacuate Collection Set: 0.0ms
[2019-07-20T20:12:56.170-0530][gc,phases     ] GC(18)   Evacuate Collection Set: 8.8ms
[2019-07-20T20:12:56.170-0530][gc,phases     ] GC(18)   Post Evacuate Collection Set: 0.3ms
[2019-07-20T20:12:56.170-0530][gc,phases     ] GC(18)   Other: 0.3ms
[2019-07-20T20:12:56.170-0530][gc,heap       ] GC(18) Eden regions: 115->0(167)
[2019-07-20T20:12:56.170-0530][gc,heap       ] GC(18) Survivor regions: 14->8(17)
[2019-07-20T20:12:56.170-0530][gc,heap       ] GC(18) Old regions: 42->49
[2019-07-20T20:12:56.170-0530][gc,heap       ] GC(18) Humongous regions: 129->129
[2019-07-20T20:12:56.170-0530][gc,metaspace  ] GC(18) Metaspace: 42088K->42088K(1087488K)
[2019-07-20T20:12:56.170-0530][gc            ] GC(18) Pause Young (Normal) (G1 Evacuation Pause) 298M->185M(1024M) 9.567ms
[2019-07-20T20:12:56.170-0530][gc,cpu        ] GC(18) User=0.08s Sys=0.01s Real=0.01s
[2019-07-20T20:19:13.491-0530][gc,start      ] GC(19) Pause Young (Normal) (G1 Evacuation Pause)
[2019-07-20T20:19:13.491-0530][gc,task       ] GC(19) Using 10 workers of 10 for evacuation
[2019-07-20T20:19:13.499-0530][gc,phases     ] GC(19)   Pre Evacuate Collection Set: 0.0ms
[2019-07-20T20:19:13.499-0530][gc,phases     ] GC(19)   Evacuate Collection Set: 6.7ms
[2019-07-20T20:19:13.499-0530][gc,phases     ] GC(19)   Post Evacuate Collection Set: 0.3ms
[2019-07-20T20:19:13.499-0530][gc,phases     ] GC(19)   Other: 0.4ms
[2019-07-20T20:19:13.499-0530][gc,heap       ] GC(19) Eden regions: 167->0(186)
[2019-07-20T20:19:13.499-0530][gc,heap       ] GC(19) Survivor regions: 8->8(22)
[2019-07-20T20:19:13.499-0530][gc,heap       ] GC(19) Old regions: 49->49
[2019-07-20T20:19:13.499-0530][gc,heap       ] GC(19) Humongous regions: 129->129
[2019-07-20T20:19:13.499-0530][gc,metaspace  ] GC(19) Metaspace: 42091K->42091K(1087488K)
[2019-07-20T20:19:13.499-0530][gc            ] GC(19) Pause Young (Normal) (G1 Evacuation Pause) 352M->185M(1024M) 7.587ms
[2019-07-20T20:19:13.499-0530][gc,cpu        ] GC(19) User=0.07s Sys=0.01s Real=0.00s
[2019-07-20T20:26:17.097-0530][gc,start      ] GC(20) Pause Young (Normal) (G1 Evacuation Pause)
[2019-07-20T20:26:17.097-0530][gc,task       ] GC(20) Using 10 workers of 10 for evacuation
[2019-07-20T20:26:17.105-0530][gc,phases     ] GC(20)   Pre Evacuate Collection Set: 0.0ms
[2019-07-20T20:26:17.105-0530][gc,phases     ] GC(20)   Evacuate Collection Set: 6.6ms
[2019-07-20T20:26:17.105-0530][gc,phases     ] GC(20)   Post Evacuate Collection Set: 1.1ms
[2019-07-20T20:26:17.105-0530][gc,phases     ] GC(20)   Other: 0.4ms
[2019-07-20T20:26:17.105-0530][gc,heap       ] GC(20) Eden regions: 185->0(210)
[2019-07-20T20:26:17.105-0530][gc,heap       ] GC(20) Survivor regions: 8->8(25)
[2019-07-20T20:26:17.105-0530][gc,heap       ] GC(20) Old regions: 49->49
[2019-07-20T20:26:17.105-0530][gc,heap       ] GC(20) Humongous regions: 129->129
[2019-07-20T20:26:17.105-0530][gc,metaspace  ] GC(20) Metaspace: 42118K->42118K(1087488K)
[2019-07-20T20:26:17.105-0530][gc            ] GC(20) Pause Young (Normal) (G1 Evacuation Pause) 370M->185M(1024M) 8.152ms
[2019-07-20T20:26:17.105-0530][gc,cpu        ] GC(20) User=0.06s Sys=0.00s Real=0.01s
[2019-07-20T20:34:12.100-0530][gc,start      ] GC(21) Pause Young (Normal) (G1 Evacuation Pause)
[2019-07-20T20:34:12.100-0530][gc,task       ] GC(21) Using 10 workers of 10 for evacuation
[2019-07-20T20:34:12.107-0530][gc,phases     ] GC(21)   Pre Evacuate Collection Set: 0.0ms
[2019-07-20T20:34:12.107-0530][gc,phases     ] GC(21)   Evacuate Collection Set: 6.4ms
[2019-07-20T20:34:12.107-0530][gc,phases     ] GC(21)   Post Evacuate Collection Set: 0.3ms
[2019-07-20T20:34:12.107-0530][gc,phases     ] GC(21)   Other: 0.4ms
[2019-07-20T20:34:12.107-0530][gc,heap       ] GC(21) Eden regions: 208->0(606)
[2019-07-20T20:34:12.107-0530][gc,heap       ] GC(21) Survivor regions: 8->8(27)
[2019-07-20T20:34:12.107-0530][gc,heap       ] GC(21) Old regions: 49->49
[2019-07-20T20:34:12.107-0530][gc,heap       ] GC(21) Humongous regions: 129->129
[2019-07-20T20:34:12.107-0530][gc,metaspace  ] GC(21) Metaspace: 42146K->42146K(1087488K)
[2019-07-20T20:34:12.107-0530][gc            ] GC(21) Pause Young (Normal) (G1 Evacuation Pause) 393M->185M(1024M) 7.277ms
[2019-07-20T20:34:12.107-0530][gc,cpu        ] GC(21) User=0.06s Sys=0.01s Real=0.00s
[2019-07-20T20:57:16.040-0530][gc,start      ] GC(22) Pause Young (Normal) (G1 Evacuation Pause)
[2019-07-20T20:57:16.040-0530][gc,task       ] GC(22) Using 10 workers of 10 for evacuation
[2019-07-20T20:57:16.048-0530][gc,phases     ] GC(22)   Pre Evacuate Collection Set: 0.0ms
[2019-07-20T20:57:16.048-0530][gc,phases     ] GC(22)   Evacuate Collection Set: 7.2ms
[2019-07-20T20:57:16.048-0530][gc,phases     ] GC(22)   Post Evacuate Collection Set: 0.5ms
[2019-07-20T20:57:16.048-0530][gc,phases     ] GC(22)   Other: 0.4ms
[2019-07-20T20:57:16.048-0530][gc,heap       ] GC(22) Eden regions: 606->0(606)
[2019-07-20T20:57:16.048-0530][gc,heap       ] GC(22) Survivor regions: 8->8(77)
[2019-07-20T20:57:16.048-0530][gc,heap       ] GC(22) Old regions: 49->49
[2019-07-20T20:57:16.048-0530][gc,heap       ] GC(22) Humongous regions: 129->129
[2019-07-20T20:57:16.048-0530][gc,metaspace  ] GC(22) Metaspace: 42164K->42164K(1087488K)
[2019-07-20T20:57:16.048-0530][gc            ] GC(22) Pause Young (Normal) (G1 Evacuation Pause) 791M->185M(1024M) 8.180ms
[2019-07-20T20:57:16.048-0530][gc,cpu        ] GC(22) User=0.06s Sys=0.01s Real=0.00s
[2019-07-20T21:51:27.899-0530][gc,start      ] GC(23) Pause Young (Normal) (G1 Evacuation Pause)
[2019-07-20T21:51:27.899-0530][gc,task       ] GC(23) Using 10 workers of 10 for evacuation
[2019-07-20T21:51:27.906-0530][gc,phases     ] GC(23)   Pre Evacuate Collection Set: 0.0ms
[2019-07-20T21:51:27.906-0530][gc,phases     ] GC(23)   Evacuate Collection Set: 6.7ms
[2019-07-20T21:51:27.906-0530][gc,phases     ] GC(23)   Post Evacuate Collection Set: 0.4ms
[2019-07-20T21:51:27.906-0530][gc,phases     ] GC(23)   Other: 0.4ms
[2019-07-20T21:51:27.906-0530][gc,heap       ] GC(23) Eden regions: 606->0(606)
[2019-07-20T21:51:27.906-0530][gc,heap       ] GC(23) Survivor regions: 8->8(77)
[2019-07-20T21:51:27.906-0530][gc,heap       ] GC(23) Old regions: 49->49
[2019-07-20T21:51:27.906-0530][gc,heap       ] GC(23) Humongous regions: 129->129
[2019-07-20T21:51:27.906-0530][gc,metaspace  ] GC(23) Metaspace: 42254K->42254K(1087488K)
[2019-07-20T21:51:27.906-0530][gc            ] GC(23) Pause Young (Normal) (G1 Evacuation Pause) 791M->185M(1024M) 7.679ms
[2019-07-20T21:51:27.906-0530][gc,cpu        ] GC(23) User=0.07s Sys=0.00s Real=0.01s
[2019-07-20T22:14:31.015-0530][gc,start      ] GC(24) Pause Young (Normal) (G1 Evacuation Pause)
[2019-07-20T22:14:31.015-0530][gc,task       ] GC(24) Using 10 workers of 10 for evacuation
[2019-07-20T22:14:31.020-0530][gc,phases     ] GC(24)   Pre Evacuate Collection Set: 0.0ms
[2019-07-20T22:14:31.020-0530][gc,phases     ] GC(24)   Evacuate Collection Set: 3.8ms
[2019-07-20T22:14:31.020-0530][gc,phases     ] GC(24)   Post Evacuate Collection Set: 0.9ms
[2019-07-20T22:14:31.020-0530][gc,phases     ] GC(24)   Other: 0.2ms
[2019-07-20T22:14:31.020-0530][gc,heap       ] GC(24) Eden regions: 606->0(605)
[2019-07-20T22:14:31.020-0530][gc,heap       ] GC(24) Survivor regions: 8->9(77)
[2019-07-20T22:14:31.020-0530][gc,heap       ] GC(24) Old regions: 49->49
[2019-07-20T22:14:31.020-0530][gc,heap       ] GC(24) Humongous regions: 129->129
[2019-07-20T22:14:31.020-0530][gc,metaspace  ] GC(24) Metaspace: 42268K->42268K(1087488K)
[2019-07-20T22:14:31.020-0530][gc            ] GC(24) Pause Young (Normal) (G1 Evacuation Pause) 791M->185M(1024M) 5.039ms
[2019-07-20T22:14:31.020-0530][gc,cpu        ] GC(24) User=0.05s Sys=0.00s Real=0.01s
[2019-07-20T22:38:32.188-0530][gc,start      ] GC(25) Pause Young (Normal) (G1 Evacuation Pause)
[2019-07-20T22:38:32.189-0530][gc,task       ] GC(25) Using 10 workers of 10 for evacuation
[2019-07-20T22:38:32.194-0530][gc,phases     ] GC(25)   Pre Evacuate Collection Set: 0.0ms
[2019-07-20T22:38:32.194-0530][gc,phases     ] GC(25)   Evacuate Collection Set: 3.9ms
[2019-07-20T22:38:32.194-0530][gc,phases     ] GC(25)   Post Evacuate Collection Set: 1.0ms
[2019-07-20T22:38:32.194-0530][gc,phases     ] GC(25)   Other: 0.9ms
[2019-07-20T22:38:32.194-0530][gc,heap       ] GC(25) Eden regions: 605->0(605)
[2019-07-20T22:38:32.194-0530][gc,heap       ] GC(25) Survivor regions: 9->9(77)
[2019-07-20T22:38:32.194-0530][gc,heap       ] GC(25) Old regions: 49->49
[2019-07-20T22:38:32.194-0530][gc,heap       ] GC(25) Humongous regions: 129->129
[2019-07-20T22:38:32.194-0530][gc,metaspace  ] GC(25) Metaspace: 42277K->42277K(1087488K)
[2019-07-20T22:38:32.194-0530][gc            ] GC(25) Pause Young (Normal) (G1 Evacuation Pause) 790M->185M(1024M) 5.976ms
[2019-07-20T22:38:32.194-0530][gc,cpu        ] GC(25) User=0.05s Sys=0.00s Real=0.01s
[2019-07-20T23:01:27.906-0530][gc,start      ] GC(26) Pause Young (Normal) (G1 Evacuation Pause)
[2019-07-20T23:01:27.906-0530][gc,task       ] GC(26) Using 10 workers of 10 for evacuation
[2019-07-20T23:01:27.913-0530][gc,phases     ] GC(26)   Pre Evacuate Collection Set: 0.0ms
[2019-07-20T23:01:27.913-0530][gc,phases     ] GC(26)   Evacuate Collection Set: 4.8ms
[2019-07-20T23:01:27.913-0530][gc,phases     ] GC(26)   Post Evacuate Collection Set: 1.3ms
[2019-07-20T23:01:27.913-0530][gc,phases     ] GC(26)   Other: 1.0ms
[2019-07-20T23:01:27.913-0530][gc,heap       ] GC(26) Eden regions: 605->0(606)
[2019-07-20T23:01:27.913-0530][gc,heap       ] GC(26) Survivor regions: 9->8(77)
[2019-07-20T23:01:27.913-0530][gc,heap       ] GC(26) Old regions: 49->49
[2019-07-20T23:01:27.913-0530][gc,heap       ] GC(26) Humongous regions: 129->129
[2019-07-20T23:01:27.913-0530][gc,metaspace  ] GC(26) Metaspace: 42317K->42317K(1087488K)
[2019-07-20T23:01:27.913-0530][gc            ] GC(26) Pause Young (Normal) (G1 Evacuation Pause) 790M->184M(1024M) 7.225ms
[2019-07-20T23:01:27.913-0530][gc,cpu        ] GC(26) User=0.05s Sys=0.00s Real=0.01s
[2019-07-21T10:04:36.681-0530][gc,start      ] GC(27) Pause Young (Normal) (G1 Evacuation Pause)
[2019-07-21T10:04:36.682-0530][gc,task       ] GC(27) Using 10 workers of 10 for evacuation
[2019-07-21T10:04:36.707-0530][gc,mmu        ] GC(27) MMU target violated: 21.0ms (20.0ms/21.0ms)
[2019-07-21T10:04:36.707-0530][gc,phases     ] GC(27)   Pre Evacuate Collection Set: 0.4ms
[2019-07-21T10:04:36.707-0530][gc,phases     ] GC(27)   Evacuate Collection Set: 23.2ms
[2019-07-21T10:04:36.707-0530][gc,phases     ] GC(27)   Post Evacuate Collection Set: 1.6ms
[2019-07-21T10:04:36.707-0530][gc,phases     ] GC(27)   Other: 1.0ms
[2019-07-21T10:04:36.707-0530][gc,heap       ] GC(27) Eden regions: 606->0(607)
[2019-07-21T10:04:36.707-0530][gc,heap       ] GC(27) Survivor regions: 8->7(77)
[2019-07-21T10:04:36.707-0530][gc,heap       ] GC(27) Old regions: 49->49
[2019-07-21T10:04:36.707-0530][gc,heap       ] GC(27) Humongous regions: 129->129
[2019-07-21T10:04:36.707-0530][gc,metaspace  ] GC(27) Metaspace: 42622K->42622K(1087488K)
[2019-07-21T10:04:36.707-0530][gc            ] GC(27) Pause Young (Normal) (G1 Evacuation Pause) 790M->184M(1024M) 26.258ms
[2019-07-21T10:04:36.707-0530][gc,cpu        ] GC(27) User=0.05s Sys=0.09s Real=0.02s
[2019-07-21T10:28:53.407-0530][gc,start      ] GC(28) Pause Young (Normal) (G1 Evacuation Pause)
[2019-07-21T10:28:53.409-0530][gc,task       ] GC(28) Using 10 workers of 10 for evacuation
[2019-07-21T10:28:53.414-0530][gc,phases     ] GC(28)   Pre Evacuate Collection Set: 0.0ms
[2019-07-21T10:28:53.415-0530][gc,phases     ] GC(28)   Evacuate Collection Set: 4.8ms
[2019-07-21T10:28:53.415-0530][gc,phases     ] GC(28)   Post Evacuate Collection Set: 0.9ms
[2019-07-21T10:28:53.415-0530][gc,phases     ] GC(28)   Other: 1.4ms
[2019-07-21T10:28:53.415-0530][gc,heap       ] GC(28) Eden regions: 607->0(606)
[2019-07-21T10:28:53.415-0530][gc,heap       ] GC(28) Survivor regions: 7->8(77)
[2019-07-21T10:28:53.415-0530][gc,heap       ] GC(28) Old regions: 49->49
[2019-07-21T10:28:53.415-0530][gc,heap       ] GC(28) Humongous regions: 129->129
[2019-07-21T10:28:53.415-0530][gc,metaspace  ] GC(28) Metaspace: 42689K->42689K(1087488K)
[2019-07-21T10:28:53.415-0530][gc            ] GC(28) Pause Young (Normal) (G1 Evacuation Pause) 791M->185M(1024M) 7.279ms
[2019-07-21T10:28:53.415-0530][gc,cpu        ] GC(28) User=0.04s Sys=0.01s Real=0.01s
[2019-07-21T10:58:22.462-0530][gc,start      ] GC(29) Pause Young (Normal) (G1 Evacuation Pause)
[2019-07-21T10:58:22.462-0530][gc,task       ] GC(29) Using 10 workers of 10 for evacuation
[2019-07-21T10:58:22.470-0530][gc,phases     ] GC(29)   Pre Evacuate Collection Set: 0.0ms
[2019-07-21T10:58:22.470-0530][gc,phases     ] GC(29)   Evacuate Collection Set: 6.4ms
[2019-07-21T10:58:22.470-0530][gc,phases     ] GC(29)   Post Evacuate Collection Set: 0.6ms
[2019-07-21T10:58:22.470-0530][gc,phases     ] GC(29)   Other: 0.4ms
[2019-07-21T10:58:22.470-0530][gc,heap       ] GC(29) Eden regions: 606->0(606)
[2019-07-21T10:58:22.470-0530][gc,heap       ] GC(29) Survivor regions: 8->8(77)
[2019-07-21T10:58:22.470-0530][gc,heap       ] GC(29) Old regions: 49->49
[2019-07-21T10:58:22.470-0530][gc,heap       ] GC(29) Humongous regions: 129->129
[2019-07-21T10:58:22.470-0530][gc,metaspace  ] GC(29) Metaspace: 42777K->42777K(1087488K)
[2019-07-21T10:58:22.470-0530][gc            ] GC(29) Pause Young (Normal) (G1 Evacuation Pause) 791M->184M(1024M) 7.542ms
[2019-07-21T10:58:22.470-0530][gc,cpu        ] GC(29) User=0.06s Sys=0.01s Real=0.01s
[2019-07-21T11:21:28.759-0530][gc,start      ] GC(30) Pause Young (Normal) (G1 Evacuation Pause)
[2019-07-21T11:21:28.759-0530][gc,task       ] GC(30) Using 10 workers of 10 for evacuation
[2019-07-21T11:21:28.765-0530][gc,phases     ] GC(30)   Pre Evacuate Collection Set: 0.0ms
[2019-07-21T11:21:28.765-0530][gc,phases     ] GC(30)   Evacuate Collection Set: 5.2ms
[2019-07-21T11:21:28.765-0530][gc,phases     ] GC(30)   Post Evacuate Collection Set: 1.2ms
[2019-07-21T11:21:28.765-0530][gc,phases     ] GC(30)   Other: 0.3ms
[2019-07-21T11:21:28.765-0530][gc,heap       ] GC(30) Eden regions: 606->0(606)
[2019-07-21T11:21:28.765-0530][gc,heap       ] GC(30) Survivor regions: 8->8(77)
[2019-07-21T11:21:28.765-0530][gc,heap       ] GC(30) Old regions: 49->49
[2019-07-21T11:21:28.765-0530][gc,heap       ] GC(30) Humongous regions: 129->129
[2019-07-21T11:21:28.765-0530][gc,metaspace  ] GC(30) Metaspace: 42800K->42800K(1087488K)
[2019-07-21T11:21:28.765-0530][gc            ] GC(30) Pause Young (Normal) (G1 Evacuation Pause) 790M->184M(1024M) 6.908ms
[2019-07-21T11:21:28.766-0530][gc,cpu        ] GC(30) User=0.05s Sys=0.00s Real=0.01s
[2019-07-21T12:07:10.639-0530][gc,start      ] GC(31) Pause Young (Normal) (G1 Evacuation Pause)
[2019-07-21T12:07:10.639-0530][gc,task       ] GC(31) Using 10 workers of 10 for evacuation
[2019-07-21T12:07:10.646-0530][gc,phases     ] GC(31)   Pre Evacuate Collection Set: 0.0ms
[2019-07-21T12:07:10.646-0530][gc,phases     ] GC(31)   Evacuate Collection Set: 5.8ms
[2019-07-21T12:07:10.646-0530][gc,phases     ] GC(31)   Post Evacuate Collection Set: 1.0ms
[2019-07-21T12:07:10.646-0530][gc,phases     ] GC(31)   Other: 0.3ms
[2019-07-21T12:07:10.646-0530][gc,heap       ] GC(31) Eden regions: 606->0(606)
[2019-07-21T12:07:10.646-0530][gc,heap       ] GC(31) Survivor regions: 8->8(77)
[2019-07-21T12:07:10.646-0530][gc,heap       ] GC(31) Old regions: 49->49
[2019-07-21T12:07:10.646-0530][gc,heap       ] GC(31) Humongous regions: 129->129
[2019-07-21T12:07:10.646-0530][gc,metaspace  ] GC(31) Metaspace: 42803K->42803K(1087488K)
[2019-07-21T12:07:10.646-0530][gc            ] GC(31) Pause Young (Normal) (G1 Evacuation Pause) 790M->184M(1024M) 7.196ms
[2019-07-21T12:07:10.646-0530][gc,cpu        ] GC(31) User=0.06s Sys=0.01s Real=0.01s
[2019-07-21T12:30:21.975-0530][gc,start      ] GC(32) Pause Young (Normal) (G1 Evacuation Pause)
[2019-07-21T12:30:21.976-0530][gc,task       ] GC(32) Using 10 workers of 10 for evacuation
[2019-07-21T12:30:21.981-0530][gc,phases     ] GC(32)   Pre Evacuate Collection Set: 0.0ms
[2019-07-21T12:30:21.981-0530][gc,phases     ] GC(32)   Evacuate Collection Set: 4.5ms
[2019-07-21T12:30:21.981-0530][gc,phases     ] GC(32)   Post Evacuate Collection Set: 1.0ms
[2019-07-21T12:30:21.981-0530][gc,phases     ] GC(32)   Other: 0.8ms
[2019-07-21T12:30:21.981-0530][gc,heap       ] GC(32) Eden regions: 606->0(610)
[2019-07-21T12:30:21.981-0530][gc,heap       ] GC(32) Survivor regions: 8->4(77)
[2019-07-21T12:30:21.981-0530][gc,heap       ] GC(32) Old regions: 49->53
[2019-07-21T12:30:21.981-0530][gc,heap       ] GC(32) Humongous regions: 129->129
[2019-07-21T12:30:21.981-0530][gc,metaspace  ] GC(32) Metaspace: 42817K->42817K(1087488K)
[2019-07-21T12:30:21.981-0530][gc            ] GC(32) Pause Young (Normal) (G1 Evacuation Pause) 790M->184M(1024M) 6.433ms
[2019-07-21T12:30:21.981-0530][gc,cpu        ] GC(32) User=0.04s Sys=0.01s Real=0.01s
[2019-07-21T12:55:29.760-0530][gc,start      ] GC(33) Pause Young (Normal) (G1 Evacuation Pause)
[2019-07-21T12:55:29.760-0530][gc,task       ] GC(33) Using 10 workers of 10 for evacuation
[2019-07-21T12:55:29.764-0530][gc,phases     ] GC(33)   Pre Evacuate Collection Set: 0.0ms
[2019-07-21T12:55:29.764-0530][gc,phases     ] GC(33)   Evacuate Collection Set: 2.7ms
[2019-07-21T12:55:29.764-0530][gc,phases     ] GC(33)   Post Evacuate Collection Set: 1.4ms
[2019-07-21T12:55:29.764-0530][gc,phases     ] GC(33)   Other: 0.4ms
[2019-07-21T12:55:29.764-0530][gc,heap       ] GC(33) Eden regions: 610->0(610)
[2019-07-21T12:55:29.764-0530][gc,heap       ] GC(33) Survivor regions: 4->4(77)
[2019-07-21T12:55:29.764-0530][gc,heap       ] GC(33) Old regions: 53->53
[2019-07-21T12:55:29.764-0530][gc,heap       ] GC(33) Humongous regions: 129->129
[2019-07-21T12:55:29.764-0530][gc,metaspace  ] GC(33) Metaspace: 42859K->42859K(1087488K)
[2019-07-21T12:55:29.764-0530][gc            ] GC(33) Pause Young (Normal) (G1 Evacuation Pause) 794M->184M(1024M) 4.629ms
[2019-07-21T12:55:29.764-0530][gc,cpu        ] GC(33) User=0.03s Sys=0.00s Real=0.00s
[2019-07-21T13:18:59.753-0530][gc,start      ] GC(34) Pause Young (Normal) (G1 Evacuation Pause)
[2019-07-21T13:18:59.753-0530][gc,task       ] GC(34) Using 10 workers of 10 for evacuation
[2019-07-21T13:18:59.758-0530][gc,phases     ] GC(34)   Pre Evacuate Collection Set: 0.0ms
[2019-07-21T13:18:59.758-0530][gc,phases     ] GC(34)   Evacuate Collection Set: 3.5ms
[2019-07-21T13:18:59.758-0530][gc,phases     ] GC(34)   Post Evacuate Collection Set: 1.4ms
[2019-07-21T13:18:59.758-0530][gc,phases     ] GC(34)   Other: 0.4ms
[2019-07-21T13:18:59.758-0530][gc,heap       ] GC(34) Eden regions: 610->0(610)
[2019-07-21T13:18:59.758-0530][gc,heap       ] GC(34) Survivor regions: 4->4(77)
[2019-07-21T13:18:59.758-0530][gc,heap       ] GC(34) Old regions: 53->53
[2019-07-21T13:18:59.758-0530][gc,heap       ] GC(34) Humongous regions: 129->129
[2019-07-21T13:18:59.758-0530][gc,metaspace  ] GC(34) Metaspace: 42929K->42929K(1087488K)
[2019-07-21T13:18:59.758-0530][gc            ] GC(34) Pause Young (Normal) (G1 Evacuation Pause) 794M->185M(1024M) 5.365ms
[2019-07-21T13:18:59.758-0530][gc,cpu        ] GC(34) User=0.04s Sys=0.00s Real=0.00s
[2019-07-21T14:10:27.854-0530][gc,start      ] GC(35) Pause Young (Normal) (G1 Evacuation Pause)
[2019-07-21T14:10:27.854-0530][gc,task       ] GC(35) Using 10 workers of 10 for evacuation
[2019-07-21T14:10:27.858-0530][gc,phases     ] GC(35)   Pre Evacuate Collection Set: 0.0ms
[2019-07-21T14:10:27.858-0530][gc,phases     ] GC(35)   Evacuate Collection Set: 3.0ms
[2019-07-21T14:10:27.858-0530][gc,phases     ] GC(35)   Post Evacuate Collection Set: 1.0ms
[2019-07-21T14:10:27.858-0530][gc,phases     ] GC(35)   Other: 0.3ms
[2019-07-21T14:10:27.858-0530][gc,heap       ] GC(35) Eden regions: 610->0(610)
[2019-07-21T14:10:27.858-0530][gc,heap       ] GC(35) Survivor regions: 4->4(77)
[2019-07-21T14:10:27.858-0530][gc,heap       ] GC(35) Old regions: 53->53
[2019-07-21T14:10:27.858-0530][gc,heap       ] GC(35) Humongous regions: 129->129
[2019-07-21T14:10:27.858-0530][gc,metaspace  ] GC(35) Metaspace: 42951K->42951K(1087488K)
[2019-07-21T14:10:27.858-0530][gc            ] GC(35) Pause Young (Normal) (G1 Evacuation Pause) 795M->185M(1024M) 4.492ms
[2019-07-21T14:10:27.858-0530][gc,cpu        ] GC(35) User=0.03s Sys=0.00s Real=0.00s
[2019-07-21T14:33:57.411-0530][gc,start      ] GC(36) Pause Young (Normal) (G1 Evacuation Pause)
[2019-07-21T14:33:57.411-0530][gc,task       ] GC(36) Using 10 workers of 10 for evacuation
[2019-07-21T14:33:57.416-0530][gc,phases     ] GC(36)   Pre Evacuate Collection Set: 0.1ms
[2019-07-21T14:33:57.416-0530][gc,phases     ] GC(36)   Evacuate Collection Set: 3.1ms
[2019-07-21T14:33:57.416-0530][gc,phases     ] GC(36)   Post Evacuate Collection Set: 1.4ms
[2019-07-21T14:33:57.416-0530][gc,phases     ] GC(36)   Other: 0.4ms
[2019-07-21T14:33:57.416-0530][gc,heap       ] GC(36) Eden regions: 610->0(610)
[2019-07-21T14:33:57.416-0530][gc,heap       ] GC(36) Survivor regions: 4->4(77)
[2019-07-21T14:33:57.416-0530][gc,heap       ] GC(36) Old regions: 53->53
[2019-07-21T14:33:57.416-0530][gc,heap       ] GC(36) Humongous regions: 129->129
[2019-07-21T14:33:57.416-0530][gc,metaspace  ] GC(36) Metaspace: 42969K->42969K(1087488K)
[2019-07-21T14:33:57.416-0530][gc            ] GC(36) Pause Young (Normal) (G1 Evacuation Pause) 795M->185M(1024M) 5.007ms
[2019-07-21T14:33:57.416-0530][gc,cpu        ] GC(36) User=0.04s Sys=0.00s Real=0.00s
