[2019-07-20T19:04:39.048-0530][gc,heap] Heap region size: 1M
[2019-07-20T19:04:39.056-0530][gc     ] Using G1
[2019-07-20T19:04:39.056-0530][gc,heap,coops] Heap address: 0x00000007c0000000, size: 1024 MB, Compressed Oops mode: Zero based, Oop shift amount: 3
[2019-07-20T19:04:40.137-0530][gc,start     ] GC(0) Pause Young (Concurrent Start) (Metadata GC Threshold)
[2019-07-20T19:04:40.137-0530][gc,task      ] GC(0) Using 10 workers of 10 for evacuation
[2019-07-20T19:04:40.144-0530][gc,phases    ] GC(0)   Pre Evacuate Collection Set: 0.0ms
[2019-07-20T19:04:40.144-0530][gc,phases    ] GC(0)   Evacuate Collection Set: 5.6ms
[2019-07-20T19:04:40.144-0530][gc,phases    ] GC(0)   Post Evacuate Collection Set: 0.3ms
[2019-07-20T19:04:40.144-0530][gc,phases    ] GC(0)   Other: 0.6ms
[2019-07-20T19:04:40.144-0530][gc,heap      ] GC(0) Eden regions: 37->0(45)
[2019-07-20T19:04:40.144-0530][gc,heap      ] GC(0) Survivor regions: 0->6(7)
[2019-07-20T19:04:40.144-0530][gc,heap      ] GC(0) Old regions: 0->0
[2019-07-20T19:04:40.144-0530][gc,heap      ] GC(0) Humongous regions: 0->0
[2019-07-20T19:04:40.144-0530][gc,metaspace ] GC(0) Metaspace: 20753K->20753K(1069056K)
[2019-07-20T19:04:40.144-0530][gc           ] GC(0) Pause Young (Concurrent Start) (Metadata GC Threshold) 36M->5M(1024M) 6.734ms
[2019-07-20T19:04:40.144-0530][gc,cpu       ] GC(0) User=0.02s Sys=0.00s Real=0.01s
[2019-07-20T19:04:40.144-0530][gc           ] GC(1) Concurrent Cycle
[2019-07-20T19:04:40.144-0530][gc,marking   ] GC(1) Concurrent Clear Claimed Marks
[2019-07-20T19:04:40.144-0530][gc,marking   ] GC(1) Concurrent Clear Claimed Marks 0.017ms
[2019-07-20T19:04:40.144-0530][gc,marking   ] GC(1) Concurrent Scan Root Regions
[2019-07-20T19:04:40.145-0530][gc,marking   ] GC(1) Concurrent Scan Root Regions 1.463ms
[2019-07-20T19:04:40.145-0530][gc,marking   ] GC(1) Concurrent Mark (1.109s)
[2019-07-20T19:04:40.145-0530][gc,marking   ] GC(1) Concurrent Mark From Roots
[2019-07-20T19:04:40.145-0530][gc,task      ] GC(1) Using 3 workers of 3 for marking
[2019-07-20T19:04:40.146-0530][gc,marking   ] GC(1) Concurrent Mark From Roots 0.165ms
[2019-07-20T19:04:40.146-0530][gc,marking   ] GC(1) Concurrent Preclean
[2019-07-20T19:04:40.146-0530][gc,marking   ] GC(1) Concurrent Preclean 0.032ms
[2019-07-20T19:04:40.146-0530][gc,marking   ] GC(1) Concurrent Mark (1.109s, 1.109s) 0.247ms
[2019-07-20T19:04:40.146-0530][gc,start     ] GC(1) Pause Remark
[2019-07-20T19:04:40.147-0530][gc,stringtable] GC(1) Cleaned string and symbol table, strings: 7302 processed, 0 removed, symbols: 63645 processed, 43 removed
[2019-07-20T19:04:40.148-0530][gc            ] GC(1) Pause Remark 6M->6M(1024M) 1.956ms
[2019-07-20T19:04:40.148-0530][gc,cpu        ] GC(1) User=0.01s Sys=0.00s Real=0.00s
[2019-07-20T19:04:40.148-0530][gc,marking    ] GC(1) Concurrent Rebuild Remembered Sets
[2019-07-20T19:04:40.148-0530][gc,marking    ] GC(1) Concurrent Rebuild Remembered Sets 0.084ms
[2019-07-20T19:04:40.148-0530][gc,start      ] GC(1) Pause Cleanup
[2019-07-20T19:04:40.148-0530][gc            ] GC(1) Pause Cleanup 6M->6M(1024M) 0.168ms
[2019-07-20T19:04:40.148-0530][gc,cpu        ] GC(1) User=0.00s Sys=0.00s Real=0.00s
[2019-07-20T19:04:40.148-0530][gc,marking    ] GC(1) Concurrent Cleanup for Next Mark
[2019-07-20T19:04:40.155-0530][gc,marking    ] GC(1) Concurrent Cleanup for Next Mark 6.290ms
[2019-07-20T19:04:40.155-0530][gc            ] GC(1) Concurrent Cycle 10.719ms
[2019-07-20T19:04:41.116-0530][gc,start      ] GC(2) Pause Young (Normal) (G1 Evacuation Pause)
[2019-07-20T19:04:41.116-0530][gc,task       ] GC(2) Using 10 workers of 10 for evacuation
[2019-07-20T19:04:41.122-0530][gc,phases     ] GC(2)   Pre Evacuate Collection Set: 0.0ms
[2019-07-20T19:04:41.122-0530][gc,phases     ] GC(2)   Evacuate Collection Set: 5.3ms
[2019-07-20T19:04:41.122-0530][gc,phases     ] GC(2)   Post Evacuate Collection Set: 0.4ms
[2019-07-20T19:04:41.122-0530][gc,phases     ] GC(2)   Other: 0.1ms
[2019-07-20T19:04:41.122-0530][gc,heap       ] GC(2) Eden regions: 45->0(47)
[2019-07-20T19:04:41.122-0530][gc,heap       ] GC(2) Survivor regions: 6->4(7)
[2019-07-20T19:04:41.122-0530][gc,heap       ] GC(2) Old regions: 0->6
[2019-07-20T19:04:41.122-0530][gc,heap       ] GC(2) Humongous regions: 129->129
[2019-07-20T19:04:41.122-0530][gc,metaspace  ] GC(2) Metaspace: 30625K->30625K(1077248K)
[2019-07-20T19:04:41.122-0530][gc            ] GC(2) Pause Young (Normal) (G1 Evacuation Pause) 179M->138M(1024M) 5.976ms
[2019-07-20T19:04:41.122-0530][gc,cpu        ] GC(2) User=0.05s Sys=0.01s Real=0.01s
[2019-07-20T19:04:41.337-0530][gc,start      ] GC(3) Pause Young (Concurrent Start) (Metadata GC Threshold)
[2019-07-20T19:04:41.338-0530][gc,task       ] GC(3) Using 10 workers of 10 for evacuation
[2019-07-20T19:04:41.341-0530][gc,phases     ] GC(3)   Pre Evacuate Collection Set: 0.1ms
[2019-07-20T19:04:41.341-0530][gc,phases     ] GC(3)   Evacuate Collection Set: 3.3ms
[2019-07-20T19:04:41.341-0530][gc,phases     ] GC(3)   Post Evacuate Collection Set: 0.2ms
[2019-07-20T19:04:41.341-0530][gc,phases     ] GC(3)   Other: 0.2ms
[2019-07-20T19:04:41.341-0530][gc,heap       ] GC(3) Eden regions: 19->0(46)
[2019-07-20T19:04:41.341-0530][gc,heap       ] GC(3) Survivor regions: 4->5(7)
[2019-07-20T19:04:41.341-0530][gc,heap       ] GC(3) Old regions: 6->6
[2019-07-20T19:04:41.341-0530][gc,heap       ] GC(3) Humongous regions: 129->129
[2019-07-20T19:04:41.341-0530][gc,metaspace  ] GC(3) Metaspace: 34579K->34579K(1081344K)
[2019-07-20T19:04:41.341-0530][gc            ] GC(3) Pause Young (Concurrent Start) (Metadata GC Threshold) 157M->139M(1024M) 3.960ms
[2019-07-20T19:04:41.341-0530][gc,cpu        ] GC(3) User=0.03s Sys=0.00s Real=0.01s
[2019-07-20T19:04:41.342-0530][gc            ] GC(4) Concurrent Cycle
[2019-07-20T19:04:41.342-0530][gc,marking    ] GC(4) Concurrent Clear Claimed Marks
[2019-07-20T19:04:41.342-0530][gc,marking    ] GC(4) Concurrent Clear Claimed Marks 0.038ms
[2019-07-20T19:04:41.342-0530][gc,marking    ] GC(4) Concurrent Scan Root Regions
[2019-07-20T19:04:41.343-0530][gc,marking    ] GC(4) Concurrent Scan Root Regions 1.749ms
[2019-07-20T19:04:41.343-0530][gc,marking    ] GC(4) Concurrent Mark (2.307s)
[2019-07-20T19:04:41.343-0530][gc,marking    ] GC(4) Concurrent Mark From Roots
[2019-07-20T19:04:41.343-0530][gc,task       ] GC(4) Using 3 workers of 3 for marking
[2019-07-20T19:04:41.348-0530][gc,marking    ] GC(4) Concurrent Mark From Roots 4.957ms
[2019-07-20T19:04:41.348-0530][gc,marking    ] GC(4) Concurrent Preclean
[2019-07-20T19:04:41.348-0530][gc,marking    ] GC(4) Concurrent Preclean 0.061ms
[2019-07-20T19:04:41.348-0530][gc,marking    ] GC(4) Concurrent Mark (2.307s, 2.312s) 5.068ms
[2019-07-20T19:04:41.349-0530][gc,start      ] GC(4) Pause Remark
[2019-07-20T19:04:41.350-0530][gc,stringtable] GC(4) Cleaned string and symbol table, strings: 13098 processed, 7 removed, symbols: 100744 processed, 28 removed
[2019-07-20T19:04:41.351-0530][gc            ] GC(4) Pause Remark 141M->141M(1024M) 2.092ms
[2019-07-20T19:04:41.351-0530][gc,cpu        ] GC(4) User=0.01s Sys=0.00s Real=0.01s
[2019-07-20T19:04:41.351-0530][gc,marking    ] GC(4) Concurrent Rebuild Remembered Sets
[2019-07-20T19:04:41.353-0530][gc,marking    ] GC(4) Concurrent Rebuild Remembered Sets 2.374ms
[2019-07-20T19:04:41.354-0530][gc,start      ] GC(4) Pause Cleanup
[2019-07-20T19:04:41.354-0530][gc            ] GC(4) Pause Cleanup 141M->141M(1024M) 0.140ms
[2019-07-20T19:04:41.354-0530][gc,cpu        ] GC(4) User=0.00s Sys=0.00s Real=0.00s
[2019-07-20T19:04:41.354-0530][gc,marking    ] GC(4) Concurrent Cleanup for Next Mark
[2019-07-20T19:04:41.359-0530][gc,marking    ] GC(4) Concurrent Cleanup for Next Mark 5.285ms
[2019-07-20T19:04:41.359-0530][gc            ] GC(4) Concurrent Cycle 17.590ms
[2019-07-20T19:12:56.999-0530][gc,start      ] GC(5) Pause Young (Normal) (G1 Evacuation Pause)
[2019-07-20T19:12:56.999-0530][gc,task       ] GC(5) Using 10 workers of 10 for evacuation
[2019-07-20T19:12:57.006-0530][gc,phases     ] GC(5)   Pre Evacuate Collection Set: 0.0ms
[2019-07-20T19:12:57.006-0530][gc,phases     ] GC(5)   Evacuate Collection Set: 6.3ms
[2019-07-20T19:12:57.006-0530][gc,phases     ] GC(5)   Post Evacuate Collection Set: 0.6ms
[2019-07-20T19:12:57.006-0530][gc,phases     ] GC(5)   Other: 0.3ms
[2019-07-20T19:12:57.006-0530][gc,heap       ] GC(5) Eden regions: 46->0(45)
[2019-07-20T19:12:57.006-0530][gc,heap       ] GC(5) Survivor regions: 5->6(7)
[2019-07-20T19:12:57.006-0530][gc,heap       ] GC(5) Old regions: 6->9
[2019-07-20T19:12:57.006-0530][gc,heap       ] GC(5) Humongous regions: 129->129
[2019-07-20T19:12:57.006-0530][gc,metaspace  ] GC(5) Metaspace: 41274K->41274K(1087488K)
[2019-07-20T19:12:57.006-0530][gc            ] GC(5) Pause Young (Normal) (G1 Evacuation Pause) 185M->143M(1024M) 7.422ms
[2019-07-20T19:12:57.006-0530][gc,cpu        ] GC(5) User=0.06s Sys=0.01s Real=0.01s
[2019-07-20T19:14:54.079-0530][gc,start      ] GC(6) Pause Young (Normal) (G1 Evacuation Pause)
[2019-07-20T19:14:54.085-0530][gc,task       ] GC(6) Using 10 workers of 10 for evacuation
[2019-07-20T19:14:54.089-0530][gc,phases     ] GC(6)   Pre Evacuate Collection Set: 0.0ms
[2019-07-20T19:14:54.089-0530][gc,phases     ] GC(6)   Evacuate Collection Set: 3.9ms
[2019-07-20T19:14:54.089-0530][gc,phases     ] GC(6)   Post Evacuate Collection Set: 0.5ms
[2019-07-20T19:14:54.089-0530][gc,phases     ] GC(6)   Other: 5.8ms
[2019-07-20T19:14:54.089-0530][gc,heap       ] GC(6) Eden regions: 45->0(47)
[2019-07-20T19:14:54.089-0530][gc,heap       ] GC(6) Survivor regions: 6->4(7)
[2019-07-20T19:14:54.089-0530][gc,heap       ] GC(6) Old regions: 9->11
[2019-07-20T19:14:54.089-0530][gc,heap       ] GC(6) Humongous regions: 129->129
[2019-07-20T19:14:54.089-0530][gc,metaspace  ] GC(6) Metaspace: 41812K->41812K(1087488K)
[2019-07-20T19:14:54.089-0530][gc            ] GC(6) Pause Young (Normal) (G1 Evacuation Pause) 188M->143M(1024M) 10.343ms
[2019-07-20T19:14:54.089-0530][gc,cpu        ] GC(6) User=0.04s Sys=0.00s Real=0.01s
[2019-07-20T19:17:08.779-0530][gc,start      ] GC(7) Pause Young (Normal) (G1 Evacuation Pause)
[2019-07-20T19:17:08.779-0530][gc,task       ] GC(7) Using 10 workers of 10 for evacuation
[2019-07-20T19:17:08.782-0530][gc,phases     ] GC(7)   Pre Evacuate Collection Set: 0.0ms
[2019-07-20T19:17:08.782-0530][gc,phases     ] GC(7)   Evacuate Collection Set: 2.4ms
[2019-07-20T19:17:08.782-0530][gc,phases     ] GC(7)   Post Evacuate Collection Set: 0.3ms
[2019-07-20T19:17:08.782-0530][gc,phases     ] GC(7)   Other: 0.2ms
[2019-07-20T19:17:08.782-0530][gc,heap       ] GC(7) Eden regions: 47->0(47)
[2019-07-20T19:17:08.782-0530][gc,heap       ] GC(7) Survivor regions: 4->4(7)
[2019-07-20T19:17:08.782-0530][gc,heap       ] GC(7) Old regions: 11->11
[2019-07-20T19:17:08.782-0530][gc,heap       ] GC(7) Humongous regions: 129->129
[2019-07-20T19:17:08.782-0530][gc,metaspace  ] GC(7) Metaspace: 41939K->41939K(1087488K)
[2019-07-20T19:17:08.782-0530][gc            ] GC(7) Pause Young (Normal) (G1 Evacuation Pause) 190M->143M(1024M) 2.941ms
[2019-07-20T19:17:08.782-0530][gc,cpu        ] GC(7) User=0.02s Sys=0.00s Real=0.01s
[2019-07-20T19:22:49.025-0530][gc,start      ] GC(8) Pause Young (Normal) (G1 Evacuation Pause)
[2019-07-20T19:22:49.025-0530][gc,task       ] GC(8) Using 10 workers of 10 for evacuation
[2019-07-20T19:22:49.030-0530][gc,phases     ] GC(8)   Pre Evacuate Collection Set: 0.0ms
[2019-07-20T19:22:49.030-0530][gc,phases     ] GC(8)   Evacuate Collection Set: 3.7ms
[2019-07-20T19:22:49.030-0530][gc,phases     ] GC(8)   Post Evacuate Collection Set: 0.4ms
[2019-07-20T19:22:49.030-0530][gc,phases     ] GC(8)   Other: 0.3ms
[2019-07-20T19:22:49.030-0530][gc,heap       ] GC(8) Eden regions: 47->0(47)
[2019-07-20T19:22:49.030-0530][gc,heap       ] GC(8) Survivor regions: 4->4(7)
[2019-07-20T19:22:49.030-0530][gc,heap       ] GC(8) Old regions: 11->11
[2019-07-20T19:22:49.030-0530][gc,heap       ] GC(8) Humongous regions: 129->129
[2019-07-20T19:22:49.030-0530][gc,metaspace  ] GC(8) Metaspace: 42118K->42118K(1087488K)
[2019-07-20T19:22:49.030-0530][gc            ] GC(8) Pause Young (Normal) (G1 Evacuation Pause) 190M->143M(1024M) 4.668ms
[2019-07-20T19:22:49.030-0530][gc,cpu        ] GC(8) User=0.04s Sys=0.00s Real=0.01s
[2019-07-20T19:34:34.432-0530][gc,start      ] GC(9) Pause Young (Normal) (G1 Evacuation Pause)
[2019-07-20T19:34:34.432-0530][gc,task       ] GC(9) Using 10 workers of 10 for evacuation
[2019-07-20T19:34:34.437-0530][gc,phases     ] GC(9)   Pre Evacuate Collection Set: 0.0ms
[2019-07-20T19:34:34.437-0530][gc,phases     ] GC(9)   Evacuate Collection Set: 4.0ms
[2019-07-20T19:34:34.437-0530][gc,phases     ] GC(9)   Post Evacuate Collection Set: 0.4ms
[2019-07-20T19:34:34.437-0530][gc,phases     ] GC(9)   Other: 0.3ms
[2019-07-20T19:34:34.437-0530][gc,heap       ] GC(9) Eden regions: 47->0(57)
[2019-07-20T19:34:34.437-0530][gc,heap       ] GC(9) Survivor regions: 4->4(7)
[2019-07-20T19:34:34.437-0530][gc,heap       ] GC(9) Old regions: 11->13
[2019-07-20T19:34:34.437-0530][gc,heap       ] GC(9) Humongous regions: 129->129
[2019-07-20T19:34:34.437-0530][gc,metaspace  ] GC(9) Metaspace: 42217K->42217K(1087488K)
[2019-07-20T19:34:34.437-0530][gc            ] GC(9) Pause Young (Normal) (G1 Evacuation Pause) 190M->144M(1024M) 4.816ms
[2019-07-20T19:34:34.437-0530][gc,cpu        ] GC(9) User=0.04s Sys=0.00s Real=0.00s
[2019-07-20T19:40:17.845-0530][gc,start      ] GC(10) Pause Young (Normal) (G1 Evacuation Pause)
[2019-07-20T19:40:17.845-0530][gc,task       ] GC(10) Using 10 workers of 10 for evacuation
[2019-07-20T19:40:17.850-0530][gc,phases     ] GC(10)   Pre Evacuate Collection Set: 0.0ms
[2019-07-20T19:40:17.850-0530][gc,phases     ] GC(10)   Evacuate Collection Set: 4.2ms
[2019-07-20T19:40:17.850-0530][gc,phases     ] GC(10)   Post Evacuate Collection Set: 1.2ms
[2019-07-20T19:40:17.850-0530][gc,phases     ] GC(10)   Other: 0.3ms
[2019-07-20T19:40:17.850-0530][gc,heap       ] GC(10) Eden regions: 57->0(435)
[2019-07-20T19:40:17.850-0530][gc,heap       ] GC(10) Survivor regions: 4->4(8)
[2019-07-20T19:40:17.850-0530][gc,heap       ] GC(10) Old regions: 13->13
[2019-07-20T19:40:17.850-0530][gc,heap       ] GC(10) Humongous regions: 129->129
[2019-07-20T19:40:17.850-0530][gc,metaspace  ] GC(10) Metaspace: 42864K->42864K(1087488K)
[2019-07-20T19:40:17.850-0530][gc            ] GC(10) Pause Young (Normal) (G1 Evacuation Pause) 201M->144M(1024M) 5.795ms
[2019-07-20T19:40:17.850-0530][gc,cpu        ] GC(10) User=0.04s Sys=0.01s Real=0.01s
[2019-07-20T19:56:34.879-0530][gc,start      ] GC(11) Pause Young (Normal) (G1 Evacuation Pause)
[2019-07-20T19:56:34.879-0530][gc,task       ] GC(11) Using 10 workers of 10 for evacuation
[2019-07-20T19:56:34.893-0530][gc,phases     ] GC(11)   Pre Evacuate Collection Set: 0.0ms
[2019-07-20T19:56:34.893-0530][gc,phases     ] GC(11)   Evacuate Collection Set: 13.3ms
[2019-07-20T19:56:34.893-0530][gc,phases     ] GC(11)   Post Evacuate Collection Set: 0.8ms
[2019-07-20T19:56:34.893-0530][gc,phases     ] GC(11)   Other: 0.3ms
[2019-07-20T19:56:34.893-0530][gc,heap       ] GC(11) Eden regions: 435->0(147)
[2019-07-20T19:56:34.893-0530][gc,heap       ] GC(11) Survivor regions: 4->11(55)
[2019-07-20T19:56:34.893-0530][gc,heap       ] GC(11) Old regions: 13->13
[2019-07-20T19:56:34.893-0530][gc,heap       ] GC(11) Humongous regions: 129->129
[2019-07-20T19:56:34.893-0530][gc,metaspace  ] GC(11) Metaspace: 43485K->43485K(1089536K)
[2019-07-20T19:56:34.893-0530][gc            ] GC(11) Pause Young (Normal) (G1 Evacuation Pause) 579M->151M(1024M) 14.653ms
[2019-07-20T19:56:34.894-0530][gc,cpu        ] GC(11) User=0.11s Sys=0.01s Real=0.02s
[2019-07-20T20:02:00.097-0530][gc,start      ] GC(12) Pause Young (Normal) (G1 Evacuation Pause)
[2019-07-20T20:02:00.097-0530][gc,task       ] GC(12) Using 10 workers of 10 for evacuation
[2019-07-20T20:02:00.113-0530][gc,phases     ] GC(12)   Pre Evacuate Collection Set: 0.0ms
[2019-07-20T20:02:00.113-0530][gc,phases     ] GC(12)   Evacuate Collection Set: 14.4ms
[2019-07-20T20:02:00.113-0530][gc,phases     ] GC(12)   Post Evacuate Collection Set: 1.0ms
[2019-07-20T20:02:00.113-0530][gc,phases     ] GC(12)   Other: 0.4ms
[2019-07-20T20:02:00.113-0530][gc,heap       ] GC(12) Eden regions: 147->0(67)
[2019-07-20T20:02:00.113-0530][gc,heap       ] GC(12) Survivor regions: 11->13(20)
[2019-07-20T20:02:00.113-0530][gc,heap       ] GC(12) Old regions: 13->14
[2019-07-20T20:02:00.113-0530][gc,heap       ] GC(12) Humongous regions: 129->129
[2019-07-20T20:02:00.113-0530][gc,metaspace  ] GC(12) Metaspace: 43573K->43573K(1089536K)
[2019-07-20T20:02:00.113-0530][gc            ] GC(12) Pause Young (Normal) (G1 Evacuation Pause) 298M->154M(1024M) 15.965ms
[2019-07-20T20:02:00.113-0530][gc,cpu        ] GC(12) User=0.13s Sys=0.00s Real=0.02s
[2019-07-20T20:04:28.342-0530][gc,start      ] GC(13) Pause Young (Normal) (G1 Evacuation Pause)
[2019-07-20T20:04:28.342-0530][gc,task       ] GC(13) Using 10 workers of 10 for evacuation
[2019-07-20T20:04:28.356-0530][gc,phases     ] GC(13)   Pre Evacuate Collection Set: 0.0ms
[2019-07-20T20:04:28.356-0530][gc,phases     ] GC(13)   Evacuate Collection Set: 12.6ms
[2019-07-20T20:04:28.356-0530][gc,phases     ] GC(13)   Post Evacuate Collection Set: 0.2ms
[2019-07-20T20:04:28.356-0530][gc,phases     ] GC(13)   Other: 0.3ms
[2019-07-20T20:04:28.356-0530][gc,heap       ] GC(13) Eden regions: 67->0(154)
[2019-07-20T20:04:28.356-0530][gc,heap       ] GC(13) Survivor regions: 13->6(10)
[2019-07-20T20:04:28.356-0530][gc,heap       ] GC(13) Old regions: 14->21
[2019-07-20T20:04:28.356-0530][gc,heap       ] GC(13) Humongous regions: 129->129
[2019-07-20T20:04:28.356-0530][gc,metaspace  ] GC(13) Metaspace: 43620K->43620K(1089536K)
[2019-07-20T20:04:28.356-0530][gc            ] GC(13) Pause Young (Normal) (G1 Evacuation Pause) 221M->155M(1024M) 13.307ms
[2019-07-20T20:04:28.356-0530][gc,cpu        ] GC(13) User=0.12s Sys=0.00s Real=0.01s
[2019-07-20T20:12:12.004-0530][gc,start      ] GC(14) Pause Young (Normal) (G1 Evacuation Pause)
[2019-07-20T20:12:12.004-0530][gc,task       ] GC(14) Using 10 workers of 10 for evacuation
[2019-07-20T20:12:12.009-0530][gc,phases     ] GC(14)   Pre Evacuate Collection Set: 0.0ms
[2019-07-20T20:12:12.009-0530][gc,phases     ] GC(14)   Evacuate Collection Set: 4.8ms
[2019-07-20T20:12:12.009-0530][gc,phases     ] GC(14)   Post Evacuate Collection Set: 0.3ms
[2019-07-20T20:12:12.009-0530][gc,phases     ] GC(14)   Other: 0.2ms
[2019-07-20T20:12:12.009-0530][gc,heap       ] GC(14) Eden regions: 154->0(162)
[2019-07-20T20:12:12.009-0530][gc,heap       ] GC(14) Survivor regions: 6->8(20)
[2019-07-20T20:12:12.009-0530][gc,heap       ] GC(14) Old regions: 21->21
[2019-07-20T20:12:12.009-0530][gc,heap       ] GC(14) Humongous regions: 129->129
[2019-07-20T20:12:12.009-0530][gc,metaspace  ] GC(14) Metaspace: 43717K->43717K(1089536K)
[2019-07-20T20:12:12.009-0530][gc            ] GC(14) Pause Young (Normal) (G1 Evacuation Pause) 309M->157M(1024M) 5.481ms
[2019-07-20T20:12:12.009-0530][gc,cpu        ] GC(14) User=0.05s Sys=0.00s Real=0.00s
[2019-07-20T20:18:06.450-0530][gc,start      ] GC(15) Pause Young (Normal) (G1 Evacuation Pause)
[2019-07-20T20:18:06.452-0530][gc,task       ] GC(15) Using 10 workers of 10 for evacuation
[2019-07-20T20:18:06.458-0530][gc,phases     ] GC(15)   Pre Evacuate Collection Set: 0.0ms
[2019-07-20T20:18:06.458-0530][gc,phases     ] GC(15)   Evacuate Collection Set: 6.2ms
[2019-07-20T20:18:06.458-0530][gc,phases     ] GC(15)   Post Evacuate Collection Set: 0.4ms
[2019-07-20T20:18:06.459-0530][gc,phases     ] GC(15)   Other: 1.8ms
[2019-07-20T20:18:06.459-0530][gc,heap       ] GC(15) Eden regions: 161->0(174)
[2019-07-20T20:18:06.459-0530][gc,heap       ] GC(15) Survivor regions: 8->8(22)
[2019-07-20T20:18:06.459-0530][gc,heap       ] GC(15) Old regions: 21->21
[2019-07-20T20:18:06.459-0530][gc,heap       ] GC(15) Humongous regions: 129->129
[2019-07-20T20:18:06.459-0530][gc,metaspace  ] GC(15) Metaspace: 43724K->43724K(1089536K)
[2019-07-20T20:18:06.459-0530][gc            ] GC(15) Pause Young (Normal) (G1 Evacuation Pause) 318M->157M(1024M) 8.493ms
[2019-07-20T20:18:06.459-0530][gc,cpu        ] GC(15) User=0.06s Sys=0.00s Real=0.00s
[2019-07-20T20:24:35.104-0530][gc,start      ] GC(16) Pause Young (Normal) (G1 Evacuation Pause)
[2019-07-20T20:24:35.104-0530][gc,task       ] GC(16) Using 10 workers of 10 for evacuation
[2019-07-20T20:24:35.110-0530][gc,phases     ] GC(16)   Pre Evacuate Collection Set: 0.0ms
[2019-07-20T20:24:35.110-0530][gc,phases     ] GC(16)   Evacuate Collection Set: 5.4ms
[2019-07-20T20:24:35.110-0530][gc,phases     ] GC(16)   Post Evacuate Collection Set: 0.3ms
[2019-07-20T20:24:35.110-0530][gc,phases     ] GC(16)   Other: 0.4ms
[2019-07-20T20:24:35.110-0530][gc,heap       ] GC(16) Eden regions: 173->0(185)
[2019-07-20T20:24:35.110-0530][gc,heap       ] GC(16) Survivor regions: 8->9(23)
[2019-07-20T20:24:35.110-0530][gc,heap       ] GC(16) Old regions: 21->21
[2019-07-20T20:24:35.110-0530][gc,heap       ] GC(16) Humongous regions: 129->129
[2019-07-20T20:24:35.110-0530][gc,metaspace  ] GC(16) Metaspace: 43745K->43745K(1089536K)
[2019-07-20T20:24:35.110-0530][gc            ] GC(16) Pause Young (Normal) (G1 Evacuation Pause) 330M->157M(1024M) 6.281ms
[2019-07-20T20:24:35.110-0530][gc,cpu        ] GC(16) User=0.06s Sys=0.00s Real=0.01s
[2019-07-20T20:31:28.910-0530][gc,start      ] GC(17) Pause Young (Normal) (G1 Evacuation Pause)
[2019-07-20T20:31:28.910-0530][gc,task       ] GC(17) Using 10 workers of 10 for evacuation
[2019-07-20T20:31:28.917-0530][gc,phases     ] GC(17)   Pre Evacuate Collection Set: 0.0ms
[2019-07-20T20:31:28.917-0530][gc,phases     ] GC(17)   Evacuate Collection Set: 6.1ms
[2019-07-20T20:31:28.917-0530][gc,phases     ] GC(17)   Post Evacuate Collection Set: 0.5ms
[2019-07-20T20:31:28.917-0530][gc,phases     ] GC(17)   Other: 0.4ms
[2019-07-20T20:31:28.917-0530][gc,heap       ] GC(17) Eden regions: 185->0(197)
[2019-07-20T20:31:28.917-0530][gc,heap       ] GC(17) Survivor regions: 9->8(25)
[2019-07-20T20:31:28.917-0530][gc,heap       ] GC(17) Old regions: 21->21
[2019-07-20T20:31:28.917-0530][gc,heap       ] GC(17) Humongous regions: 129->129
[2019-07-20T20:31:28.917-0530][gc,metaspace  ] GC(17) Metaspace: 43791K->43791K(1089536K)
[2019-07-20T20:31:28.917-0530][gc            ] GC(17) Pause Young (Normal) (G1 Evacuation Pause) 342M->157M(1024M) 7.129ms
[2019-07-20T20:31:28.917-0530][gc,cpu        ] GC(17) User=0.06s Sys=0.00s Real=0.00s
[2019-07-20T20:38:47.506-0530][gc,start      ] GC(18) Pause Young (Normal) (G1 Evacuation Pause)
[2019-07-20T20:38:47.507-0530][gc,task       ] GC(18) Using 10 workers of 10 for evacuation
[2019-07-20T20:38:47.513-0530][gc,phases     ] GC(18)   Pre Evacuate Collection Set: 0.0ms
[2019-07-20T20:38:47.514-0530][gc,phases     ] GC(18)   Evacuate Collection Set: 6.3ms
[2019-07-20T20:38:47.514-0530][gc,phases     ] GC(18)   Post Evacuate Collection Set: 0.3ms
[2019-07-20T20:38:47.514-0530][gc,phases     ] GC(18)   Other: 0.4ms
[2019-07-20T20:38:47.514-0530][gc,heap       ] GC(18) Eden regions: 197->0(209)
[2019-07-20T20:38:47.514-0530][gc,heap       ] GC(18) Survivor regions: 8->9(26)
[2019-07-20T20:38:47.514-0530][gc,heap       ] GC(18) Old regions: 21->21
[2019-07-20T20:38:47.514-0530][gc,heap       ] GC(18) Humongous regions: 129->129
[2019-07-20T20:38:47.514-0530][gc,metaspace  ] GC(18) Metaspace: 43810K->43810K(1089536K)
[2019-07-20T20:38:47.514-0530][gc            ] GC(18) Pause Young (Normal) (G1 Evacuation Pause) 354M->158M(1024M) 7.214ms
[2019-07-20T20:38:47.514-0530][gc,cpu        ] GC(18) User=0.06s Sys=0.00s Real=0.01s
[2019-07-20T20:46:33.854-0530][gc,start      ] GC(19) Pause Young (Normal) (G1 Evacuation Pause)
[2019-07-20T20:46:33.854-0530][gc,task       ] GC(19) Using 10 workers of 10 for evacuation
[2019-07-20T20:46:33.861-0530][gc,phases     ] GC(19)   Pre Evacuate Collection Set: 0.0ms
[2019-07-20T20:46:33.862-0530][gc,phases     ] GC(19)   Evacuate Collection Set: 6.5ms
[2019-07-20T20:46:33.862-0530][gc,phases     ] GC(19)   Post Evacuate Collection Set: 0.4ms
[2019-07-20T20:46:33.862-0530][gc,phases     ] GC(19)   Other: 0.4ms
[2019-07-20T20:46:33.862-0530][gc,heap       ] GC(19) Eden regions: 209->0(229)
[2019-07-20T20:46:33.862-0530][gc,heap       ] GC(19) Survivor regions: 9->9(28)
[2019-07-20T20:46:33.862-0530][gc,heap       ] GC(19) Old regions: 21->21
[2019-07-20T20:46:33.862-0530][gc,heap       ] GC(19) Humongous regions: 129->129
[2019-07-20T20:46:33.862-0530][gc,metaspace  ] GC(19) Metaspace: 43836K->43836K(1089536K)
[2019-07-20T20:46:33.862-0530][gc            ] GC(19) Pause Young (Normal) (G1 Evacuation Pause) 367M->158M(1024M) 7.344ms
[2019-07-20T20:46:33.862-0530][gc,cpu        ] GC(19) User=0.06s Sys=0.00s Real=0.01s
[2019-07-20T20:55:03.732-0530][gc,start      ] GC(20) Pause Young (Normal) (G1 Evacuation Pause)
[2019-07-20T20:55:03.732-0530][gc,task       ] GC(20) Using 10 workers of 10 for evacuation
[2019-07-20T20:55:03.737-0530][gc,phases     ] GC(20)   Pre Evacuate Collection Set: 0.0ms
[2019-07-20T20:55:03.737-0530][gc,phases     ] GC(20)   Evacuate Collection Set: 4.0ms
[2019-07-20T20:55:03.737-0530][gc,phases     ] GC(20)   Post Evacuate Collection Set: 0.3ms
[2019-07-20T20:55:03.737-0530][gc,phases     ] GC(20)   Other: 0.2ms
[2019-07-20T20:55:03.737-0530][gc,heap       ] GC(20) Eden regions: 228->0(258)
[2019-07-20T20:55:03.737-0530][gc,heap       ] GC(20) Survivor regions: 9->8(30)
[2019-07-20T20:55:03.737-0530][gc,heap       ] GC(20) Old regions: 21->21
[2019-07-20T20:55:03.737-0530][gc,heap       ] GC(20) Humongous regions: 129->129
[2019-07-20T20:55:03.737-0530][gc,metaspace  ] GC(20) Metaspace: 43841K->43841K(1089536K)
[2019-07-20T20:55:03.737-0530][gc            ] GC(20) Pause Young (Normal) (G1 Evacuation Pause) 386M->157M(1024M) 4.605ms
[2019-07-20T20:55:03.737-0530][gc,cpu        ] GC(20) User=0.04s Sys=0.00s Real=0.00s
[2019-07-20T21:04:41.103-0530][gc,start      ] GC(21) Pause Young (Normal) (G1 Evacuation Pause)
[2019-07-20T21:04:41.103-0530][gc,task       ] GC(21) Using 10 workers of 10 for evacuation
[2019-07-20T21:04:41.107-0530][gc,phases     ] GC(21)   Pre Evacuate Collection Set: 0.0ms
[2019-07-20T21:04:41.107-0530][gc,phases     ] GC(21)   Evacuate Collection Set: 3.8ms
[2019-07-20T21:04:41.107-0530][gc,phases     ] GC(21)   Post Evacuate Collection Set: 0.3ms
[2019-07-20T21:04:41.107-0530][gc,phases     ] GC(21)   Other: 0.2ms
[2019-07-20T21:04:41.107-0530][gc,heap       ] GC(21) Eden regions: 257->0(284)
[2019-07-20T21:04:41.107-0530][gc,heap       ] GC(21) Survivor regions: 8->8(34)
[2019-07-20T21:04:41.107-0530][gc,heap       ] GC(21) Old regions: 21->21
[2019-07-20T21:04:41.107-0530][gc,heap       ] GC(21) Humongous regions: 129->129
[2019-07-20T21:04:41.107-0530][gc,metaspace  ] GC(21) Metaspace: 43854K->43854K(1089536K)
[2019-07-20T21:04:41.107-0530][gc            ] GC(21) Pause Young (Normal) (G1 Evacuation Pause) 414M->157M(1024M) 4.469ms
[2019-07-20T21:04:41.107-0530][gc,cpu        ] GC(21) User=0.04s Sys=0.00s Real=0.00s
[2019-07-20T21:46:23.397-0530][gc,start      ] GC(22) Pause Young (Normal) (G1 Evacuation Pause)
[2019-07-20T21:46:23.397-0530][gc,task       ] GC(22) Using 10 workers of 10 for evacuation
[2019-07-20T21:46:23.404-0530][gc,phases     ] GC(22)   Pre Evacuate Collection Set: 0.0ms
[2019-07-20T21:46:23.404-0530][gc,phases     ] GC(22)   Evacuate Collection Set: 6.5ms
[2019-07-20T21:46:23.404-0530][gc,phases     ] GC(22)   Post Evacuate Collection Set: 0.4ms
[2019-07-20T21:46:23.404-0530][gc,phases     ] GC(22)   Other: 0.4ms
[2019-07-20T21:46:23.404-0530][gc,heap       ] GC(22) Eden regions: 284->0(297)
[2019-07-20T21:46:23.404-0530][gc,heap       ] GC(22) Survivor regions: 8->9(37)
[2019-07-20T21:46:23.404-0530][gc,heap       ] GC(22) Old regions: 21->21
[2019-07-20T21:46:23.404-0530][gc,heap       ] GC(22) Humongous regions: 129->129
[2019-07-20T21:46:23.404-0530][gc,metaspace  ] GC(22) Metaspace: 43923K->43923K(1089536K)
[2019-07-20T21:46:23.404-0530][gc            ] GC(22) Pause Young (Normal) (G1 Evacuation Pause) 441M->157M(1024M) 7.477ms
[2019-07-20T21:46:23.404-0530][gc,cpu        ] GC(22) User=0.07s Sys=0.00s Real=0.01s
[2019-07-20T21:57:27.403-0530][gc,start      ] GC(23) Pause Young (Normal) (G1 Evacuation Pause)
[2019-07-20T21:57:27.403-0530][gc,task       ] GC(23) Using 10 workers of 10 for evacuation
[2019-07-20T21:57:27.410-0530][gc,phases     ] GC(23)   Pre Evacuate Collection Set: 0.0ms
[2019-07-20T21:57:27.410-0530][gc,phases     ] GC(23)   Evacuate Collection Set: 6.5ms
[2019-07-20T21:57:27.410-0530][gc,phases     ] GC(23)   Post Evacuate Collection Set: 0.4ms
[2019-07-20T21:57:27.410-0530][gc,phases     ] GC(23)   Other: 0.4ms
[2019-07-20T21:57:27.410-0530][gc,heap       ] GC(23) Eden regions: 297->0(320)
[2019-07-20T21:57:27.410-0530][gc,heap       ] GC(23) Survivor regions: 9->9(39)
[2019-07-20T21:57:27.410-0530][gc,heap       ] GC(23) Old regions: 21->21
[2019-07-20T21:57:27.410-0530][gc,heap       ] GC(23) Humongous regions: 129->129
[2019-07-20T21:57:27.410-0530][gc,metaspace  ] GC(23) Metaspace: 43923K->43923K(1089536K)
[2019-07-20T21:57:27.410-0530][gc            ] GC(23) Pause Young (Normal) (G1 Evacuation Pause) 454M->157M(1024M) 7.415ms
[2019-07-20T21:57:27.410-0530][gc,cpu        ] GC(23) User=0.06s Sys=0.00s Real=0.01s
[2019-07-20T22:09:23.217-0530][gc,start      ] GC(24) Pause Young (Normal) (G1 Evacuation Pause)
[2019-07-20T22:09:23.217-0530][gc,task       ] GC(24) Using 10 workers of 10 for evacuation
[2019-07-20T22:09:23.221-0530][gc,phases     ] GC(24)   Pre Evacuate Collection Set: 0.0ms
[2019-07-20T22:09:23.221-0530][gc,phases     ] GC(24)   Evacuate Collection Set: 3.3ms
[2019-07-20T22:09:23.221-0530][gc,phases     ] GC(24)   Post Evacuate Collection Set: 0.8ms
[2019-07-20T22:09:23.221-0530][gc,phases     ] GC(24)   Other: 0.2ms
[2019-07-20T22:09:23.221-0530][gc,heap       ] GC(24) Eden regions: 320->0(362)
[2019-07-20T22:09:23.221-0530][gc,heap       ] GC(24) Survivor regions: 9->9(42)
[2019-07-20T22:09:23.221-0530][gc,heap       ] GC(24) Old regions: 21->21
[2019-07-20T22:09:23.221-0530][gc,heap       ] GC(24) Humongous regions: 129->129
[2019-07-20T22:09:23.221-0530][gc,metaspace  ] GC(24) Metaspace: 43926K->43926K(1089536K)
[2019-07-20T22:09:23.221-0530][gc            ] GC(24) Pause Young (Normal) (G1 Evacuation Pause) 477M->158M(1024M) 4.397ms
[2019-07-20T22:09:23.221-0530][gc,cpu        ] GC(24) User=0.03s Sys=0.00s Real=0.01s
[2019-07-20T22:22:52.976-0530][gc,start      ] GC(25) Pause Young (Normal) (G1 Evacuation Pause)
[2019-07-20T22:22:52.977-0530][gc,task       ] GC(25) Using 10 workers of 10 for evacuation
[2019-07-20T22:22:52.984-0530][gc,phases     ] GC(25)   Pre Evacuate Collection Set: 0.0ms
[2019-07-20T22:22:52.984-0530][gc,phases     ] GC(25)   Evacuate Collection Set: 6.1ms
[2019-07-20T22:22:52.984-0530][gc,phases     ] GC(25)   Post Evacuate Collection Set: 1.1ms
[2019-07-20T22:22:52.984-0530][gc,phases     ] GC(25)   Other: 1.2ms
[2019-07-20T22:22:52.984-0530][gc,heap       ] GC(25) Eden regions: 362->0(383)
[2019-07-20T22:22:52.984-0530][gc,heap       ] GC(25) Survivor regions: 9->9(47)
[2019-07-20T22:22:52.984-0530][gc,heap       ] GC(25) Old regions: 21->21
[2019-07-20T22:22:52.984-0530][gc,heap       ] GC(25) Humongous regions: 129->129
[2019-07-20T22:22:52.984-0530][gc,metaspace  ] GC(25) Metaspace: 43930K->43930K(1089536K)
[2019-07-20T22:22:52.984-0530][gc            ] GC(25) Pause Young (Normal) (G1 Evacuation Pause) 520M->158M(1024M) 8.522ms
[2019-07-20T22:22:52.984-0530][gc,cpu        ] GC(25) User=0.07s Sys=0.00s Real=0.01s
[2019-07-20T22:38:12.982-0530][gc,start      ] GC(26) Pause Young (Normal) (G1 Evacuation Pause)
[2019-07-20T22:38:12.982-0530][gc,task       ] GC(26) Using 10 workers of 10 for evacuation
[2019-07-20T22:38:12.987-0530][gc,phases     ] GC(26)   Pre Evacuate Collection Set: 0.0ms
[2019-07-20T22:38:12.987-0530][gc,phases     ] GC(26)   Evacuate Collection Set: 4.0ms
[2019-07-20T22:38:12.987-0530][gc,phases     ] GC(26)   Post Evacuate Collection Set: 0.9ms
[2019-07-20T22:38:12.987-0530][gc,phases     ] GC(26)   Other: 0.2ms
[2019-07-20T22:38:12.987-0530][gc,heap       ] GC(26) Eden regions: 383->0(425)
[2019-07-20T22:38:12.987-0530][gc,heap       ] GC(26) Survivor regions: 9->8(49)
[2019-07-20T22:38:12.987-0530][gc,heap       ] GC(26) Old regions: 21->21
[2019-07-20T22:38:12.988-0530][gc,heap       ] GC(26) Humongous regions: 129->129
[2019-07-20T22:38:12.988-0530][gc,metaspace  ] GC(26) Metaspace: 43945K->43945K(1089536K)
[2019-07-20T22:38:12.988-0530][gc            ] GC(26) Pause Young (Normal) (G1 Evacuation Pause) 541M->157M(1024M) 5.284ms
[2019-07-20T22:38:12.988-0530][gc,cpu        ] GC(26) User=0.05s Sys=0.00s Real=0.00s
[2019-07-20T22:54:00.749-0530][gc,start      ] GC(27) Pause Young (Normal) (G1 Evacuation Pause)
[2019-07-20T22:54:00.751-0530][gc,task       ] GC(27) Using 10 workers of 10 for evacuation
[2019-07-20T22:54:00.759-0530][gc,phases     ] GC(27)   Pre Evacuate Collection Set: 0.0ms
[2019-07-20T22:54:00.759-0530][gc,phases     ] GC(27)   Evacuate Collection Set: 6.9ms
[2019-07-20T22:54:00.759-0530][gc,phases     ] GC(27)   Post Evacuate Collection Set: 1.1ms
[2019-07-20T22:54:00.759-0530][gc,phases     ] GC(27)   Other: 1.3ms
[2019-07-20T22:54:00.759-0530][gc,heap       ] GC(27) Eden regions: 425->0(435)
[2019-07-20T22:54:00.759-0530][gc,heap       ] GC(27) Survivor regions: 8->7(55)
[2019-07-20T22:54:00.759-0530][gc,heap       ] GC(27) Old regions: 21->24
[2019-07-20T22:54:00.759-0530][gc,heap       ] GC(27) Humongous regions: 129->129
[2019-07-20T22:54:00.759-0530][gc,metaspace  ] GC(27) Metaspace: 43988K->43988K(1089536K)
[2019-07-20T22:54:00.759-0530][gc            ] GC(27) Pause Young (Normal) (G1 Evacuation Pause) 582M->158M(1024M) 9.518ms
[2019-07-20T22:54:00.759-0530][gc,cpu        ] GC(27) User=0.07s Sys=0.01s Real=0.01s
[2019-07-21T09:49:58.870-0530][gc,start      ] GC(28) Pause Young (Normal) (G1 Evacuation Pause)
[2019-07-21T09:49:58.870-0530][gc,task       ] GC(28) Using 10 workers of 10 for evacuation
[2019-07-21T09:49:58.887-0530][gc,phases     ] GC(28)   Pre Evacuate Collection Set: 0.6ms
[2019-07-21T09:49:58.887-0530][gc,phases     ] GC(28)   Evacuate Collection Set: 13.7ms
[2019-07-21T09:49:58.887-0530][gc,phases     ] GC(28)   Post Evacuate Collection Set: 1.1ms
[2019-07-21T09:49:58.887-0530][gc,phases     ] GC(28)   Other: 1.5ms
[2019-07-21T09:49:58.887-0530][gc,heap       ] GC(28) Eden regions: 435->0(351)
[2019-07-21T09:49:58.887-0530][gc,heap       ] GC(28) Survivor regions: 7->5(56)
[2019-07-21T09:49:58.887-0530][gc,heap       ] GC(28) Old regions: 24->25
[2019-07-21T09:49:58.887-0530][gc,heap       ] GC(28) Humongous regions: 129->129
[2019-07-21T09:49:58.887-0530][gc,metaspace  ] GC(28) Metaspace: 44650K->44650K(1089536K)
[2019-07-21T09:49:58.887-0530][gc            ] GC(28) Pause Young (Normal) (G1 Evacuation Pause) 593M->158M(1024M) 16.979ms
[2019-07-21T09:49:58.887-0530][gc,cpu        ] GC(28) User=0.04s Sys=0.07s Real=0.01s
[2019-07-21T10:03:01.856-0530][gc,start      ] GC(29) Pause Young (Normal) (G1 Evacuation Pause)
[2019-07-21T10:03:01.856-0530][gc,task       ] GC(29) Using 10 workers of 10 for evacuation
[2019-07-21T10:03:01.862-0530][gc,phases     ] GC(29)   Pre Evacuate Collection Set: 0.0ms
[2019-07-21T10:03:01.862-0530][gc,phases     ] GC(29)   Evacuate Collection Set: 4.6ms
[2019-07-21T10:03:01.862-0530][gc,phases     ] GC(29)   Post Evacuate Collection Set: 0.9ms
[2019-07-21T10:03:01.862-0530][gc,phases     ] GC(29)   Other: 0.2ms
[2019-07-21T10:03:01.862-0530][gc,heap       ] GC(29) Eden regions: 351->0(374)
[2019-07-21T10:03:01.862-0530][gc,heap       ] GC(29) Survivor regions: 5->5(45)
[2019-07-21T10:03:01.862-0530][gc,heap       ] GC(29) Old regions: 25->26
[2019-07-21T10:03:01.862-0530][gc,heap       ] GC(29) Humongous regions: 129->129
[2019-07-21T10:03:01.862-0530][gc,metaspace  ] GC(29) Metaspace: 44657K->44657K(1089536K)
[2019-07-21T10:03:01.862-0530][gc            ] GC(29) Pause Young (Normal) (G1 Evacuation Pause) 509M->159M(1024M) 5.855ms
[2019-07-21T10:03:01.862-0530][gc,cpu        ] GC(29) User=0.04s Sys=0.01s Real=0.01s
[2019-07-21T10:17:59.755-0530][gc,start      ] GC(30) Pause Young (Normal) (G1 Evacuation Pause)
[2019-07-21T10:17:59.756-0530][gc,task       ] GC(30) Using 10 workers of 10 for evacuation
[2019-07-21T10:17:59.760-0530][gc,phases     ] GC(30)   Pre Evacuate Collection Set: 0.0ms
[2019-07-21T10:17:59.760-0530][gc,phases     ] GC(30)   Evacuate Collection Set: 2.8ms
[2019-07-21T10:17:59.760-0530][gc,phases     ] GC(30)   Post Evacuate Collection Set: 1.4ms
[2019-07-21T10:17:59.760-0530][gc,phases     ] GC(30)   Other: 0.7ms
[2019-07-21T10:17:59.760-0530][gc,heap       ] GC(30) Eden regions: 374->0(410)
[2019-07-21T10:17:59.760-0530][gc,heap       ] GC(30) Survivor regions: 5->4(48)
[2019-07-21T10:17:59.760-0530][gc,heap       ] GC(30) Old regions: 26->26
[2019-07-21T10:17:59.760-0530][gc,heap       ] GC(30) Humongous regions: 129->129
[2019-07-21T10:17:59.760-0530][gc,metaspace  ] GC(30) Metaspace: 44685K->44685K(1089536K)
[2019-07-21T10:17:59.760-0530][gc            ] GC(30) Pause Young (Normal) (G1 Evacuation Pause) 533M->158M(1024M) 5.194ms
[2019-07-21T10:17:59.760-0530][gc,cpu        ] GC(30) User=0.03s Sys=0.00s Real=0.01s
[2019-07-21T10:33:15.284-0530][gc,start      ] GC(31) Pause Young (Normal) (G1 Evacuation Pause)
[2019-07-21T10:33:15.284-0530][gc,task       ] GC(31) Using 10 workers of 10 for evacuation
[2019-07-21T10:33:15.288-0530][gc,phases     ] GC(31)   Pre Evacuate Collection Set: 0.0ms
[2019-07-21T10:33:15.288-0530][gc,phases     ] GC(31)   Evacuate Collection Set: 2.3ms
[2019-07-21T10:33:15.288-0530][gc,phases     ] GC(31)   Post Evacuate Collection Set: 0.9ms
[2019-07-21T10:33:15.288-0530][gc,phases     ] GC(31)   Other: 0.2ms
[2019-07-21T10:33:15.288-0530][gc,heap       ] GC(31) Eden regions: 410->0(445)
[2019-07-21T10:33:15.288-0530][gc,heap       ] GC(31) Survivor regions: 4->5(52)
[2019-07-21T10:33:15.288-0530][gc,heap       ] GC(31) Old regions: 26->26
[2019-07-21T10:33:15.288-0530][gc,heap       ] GC(31) Humongous regions: 129->129
[2019-07-21T10:33:15.288-0530][gc,metaspace  ] GC(31) Metaspace: 44730K->44730K(1089536K)
[2019-07-21T10:33:15.288-0530][gc            ] GC(31) Pause Young (Normal) (G1 Evacuation Pause) 568M->158M(1024M) 3.528ms
[2019-07-21T10:33:15.288-0530][gc,cpu        ] GC(31) User=0.03s Sys=0.00s Real=0.00s
[2019-07-21T10:56:10.121-0530][gc,start      ] GC(32) Pause Young (Normal) (G1 Evacuation Pause)
[2019-07-21T10:56:10.122-0530][gc,task       ] GC(32) Using 10 workers of 10 for evacuation
[2019-07-21T10:56:10.136-0530][gc,phases     ] GC(32)   Pre Evacuate Collection Set: 0.0ms
[2019-07-21T10:56:10.136-0530][gc,phases     ] GC(32)   Evacuate Collection Set: 4.7ms
[2019-07-21T10:56:10.136-0530][gc,phases     ] GC(32)   Post Evacuate Collection Set: 1.2ms
[2019-07-21T10:56:10.136-0530][gc,phases     ] GC(32)   Other: 8.8ms
[2019-07-21T10:56:10.136-0530][gc,heap       ] GC(32) Eden regions: 445->0(610)
[2019-07-21T10:56:10.136-0530][gc,heap       ] GC(32) Survivor regions: 5->4(57)
[2019-07-21T10:56:10.136-0530][gc,heap       ] GC(32) Old regions: 26->26
[2019-07-21T10:56:10.136-0530][gc,heap       ] GC(32) Humongous regions: 129->129
[2019-07-21T10:56:10.137-0530][gc,metaspace  ] GC(32) Metaspace: 44761K->44761K(1089536K)
[2019-07-21T10:56:10.137-0530][gc            ] GC(32) Pause Young (Normal) (G1 Evacuation Pause) 603M->158M(1024M) 15.283ms
[2019-07-21T10:56:10.137-0530][gc,cpu        ] GC(32) User=0.04s Sys=0.01s Real=0.01s
[2019-07-21T11:18:56.126-0530][gc,start      ] GC(33) Pause Young (Normal) (G1 Evacuation Pause)
[2019-07-21T11:18:56.126-0530][gc,task       ] GC(33) Using 10 workers of 10 for evacuation
[2019-07-21T11:18:56.130-0530][gc,phases     ] GC(33)   Pre Evacuate Collection Set: 0.0ms
[2019-07-21T11:18:56.130-0530][gc,phases     ] GC(33)   Evacuate Collection Set: 2.8ms
[2019-07-21T11:18:56.130-0530][gc,phases     ] GC(33)   Post Evacuate Collection Set: 0.8ms
[2019-07-21T11:18:56.130-0530][gc,phases     ] GC(33)   Other: 0.3ms
[2019-07-21T11:18:56.130-0530][gc,heap       ] GC(33) Eden regions: 610->0(610)
[2019-07-21T11:18:56.130-0530][gc,heap       ] GC(33) Survivor regions: 4->4(77)
[2019-07-21T11:18:56.130-0530][gc,heap       ] GC(33) Old regions: 26->26
[2019-07-21T11:18:56.130-0530][gc,heap       ] GC(33) Humongous regions: 129->129
[2019-07-21T11:18:56.130-0530][gc,metaspace  ] GC(33) Metaspace: 44768K->44768K(1089536K)
[2019-07-21T11:18:56.130-0530][gc            ] GC(33) Pause Young (Normal) (G1 Evacuation Pause) 768M->158M(1024M) 4.093ms
[2019-07-21T11:18:56.130-0530][gc,cpu        ] GC(33) User=0.02s Sys=0.00s Real=0.01s
[2019-07-21T12:04:15.106-0530][gc,start      ] GC(34) Pause Young (Normal) (G1 Evacuation Pause)
[2019-07-21T12:04:15.108-0530][gc,task       ] GC(34) Using 10 workers of 10 for evacuation
[2019-07-21T12:04:15.112-0530][gc,phases     ] GC(34)   Pre Evacuate Collection Set: 0.0ms
[2019-07-21T12:04:15.112-0530][gc,phases     ] GC(34)   Evacuate Collection Set: 2.9ms
[2019-07-21T12:04:15.112-0530][gc,phases     ] GC(34)   Post Evacuate Collection Set: 1.4ms
[2019-07-21T12:04:15.112-0530][gc,phases     ] GC(34)   Other: 1.8ms
[2019-07-21T12:04:15.112-0530][gc,heap       ] GC(34) Eden regions: 610->0(610)
[2019-07-21T12:04:15.112-0530][gc,heap       ] GC(34) Survivor regions: 4->4(77)
[2019-07-21T12:04:15.112-0530][gc,heap       ] GC(34) Old regions: 26->26
[2019-07-21T12:04:15.112-0530][gc,heap       ] GC(34) Humongous regions: 129->129
[2019-07-21T12:04:15.112-0530][gc,metaspace  ] GC(34) Metaspace: 44773K->44773K(1089536K)
[2019-07-21T12:04:15.112-0530][gc            ] GC(34) Pause Young (Normal) (G1 Evacuation Pause) 768M->158M(1024M) 6.155ms
[2019-07-21T12:04:15.112-0530][gc,cpu        ] GC(34) User=0.03s Sys=0.00s Real=0.01s
[2019-07-21T12:27:00.482-0530][gc,start      ] GC(35) Pause Young (Normal) (G1 Evacuation Pause)
[2019-07-21T12:27:00.482-0530][gc,task       ] GC(35) Using 10 workers of 10 for evacuation
[2019-07-21T12:27:00.485-0530][gc,phases     ] GC(35)   Pre Evacuate Collection Set: 0.0ms
[2019-07-21T12:27:00.485-0530][gc,phases     ] GC(35)   Evacuate Collection Set: 1.9ms
[2019-07-21T12:27:00.485-0530][gc,phases     ] GC(35)   Post Evacuate Collection Set: 1.0ms
[2019-07-21T12:27:00.485-0530][gc,phases     ] GC(35)   Other: 0.8ms
[2019-07-21T12:27:00.485-0530][gc,heap       ] GC(35) Eden regions: 610->0(610)
[2019-07-21T12:27:00.485-0530][gc,heap       ] GC(35) Survivor regions: 4->4(77)
[2019-07-21T12:27:00.485-0530][gc,heap       ] GC(35) Old regions: 26->26
[2019-07-21T12:27:00.485-0530][gc,heap       ] GC(35) Humongous regions: 129->129
[2019-07-21T12:27:00.485-0530][gc,metaspace  ] GC(35) Metaspace: 44816K->44816K(1089536K)
[2019-07-21T12:27:00.485-0530][gc            ] GC(35) Pause Young (Normal) (G1 Evacuation Pause) 768M->157M(1024M) 3.825ms
[2019-07-21T12:27:00.485-0530][gc,cpu        ] GC(35) User=0.02s Sys=0.00s Real=0.00s
[2019-07-21T12:51:12.027-0530][gc,start      ] GC(36) Pause Young (Normal) (G1 Evacuation Pause)
[2019-07-21T12:51:12.027-0530][gc,task       ] GC(36) Using 10 workers of 10 for evacuation
[2019-07-21T12:51:12.033-0530][gc,phases     ] GC(36)   Pre Evacuate Collection Set: 0.0ms
[2019-07-21T12:51:12.033-0530][gc,phases     ] GC(36)   Evacuate Collection Set: 3.7ms
[2019-07-21T12:51:12.033-0530][gc,phases     ] GC(36)   Post Evacuate Collection Set: 1.4ms
[2019-07-21T12:51:12.033-0530][gc,phases     ] GC(36)   Other: 0.4ms
[2019-07-21T12:51:12.033-0530][gc,heap       ] GC(36) Eden regions: 610->0(609)
[2019-07-21T12:51:12.033-0530][gc,heap       ] GC(36) Survivor regions: 4->5(77)
[2019-07-21T12:51:12.033-0530][gc,heap       ] GC(36) Old regions: 26->26
[2019-07-21T12:51:12.033-0530][gc,heap       ] GC(36) Humongous regions: 129->129
[2019-07-21T12:51:12.033-0530][gc,metaspace  ] GC(36) Metaspace: 44856K->44856K(1089536K)
[2019-07-21T12:51:12.033-0530][gc            ] GC(36) Pause Young (Normal) (G1 Evacuation Pause) 767M->158M(1024M) 5.673ms
[2019-07-21T12:51:12.033-0530][gc,cpu        ] GC(36) User=0.05s Sys=0.00s Real=0.01s
[2019-07-21T13:14:14.414-0530][gc,start      ] GC(37) Pause Young (Normal) (G1 Evacuation Pause)
[2019-07-21T13:14:14.414-0530][gc,task       ] GC(37) Using 10 workers of 10 for evacuation
[2019-07-21T13:14:14.424-0530][gc,phases     ] GC(37)   Pre Evacuate Collection Set: 0.0ms
[2019-07-21T13:14:14.424-0530][gc,phases     ] GC(37)   Evacuate Collection Set: 2.3ms
[2019-07-21T13:14:14.424-0530][gc,phases     ] GC(37)   Post Evacuate Collection Set: 1.0ms
[2019-07-21T13:14:14.424-0530][gc,phases     ] GC(37)   Other: 7.0ms
[2019-07-21T13:14:14.424-0530][gc,heap       ] GC(37) Eden regions: 609->0(609)
[2019-07-21T13:14:14.424-0530][gc,heap       ] GC(37) Survivor regions: 5->5(77)
[2019-07-21T13:14:14.424-0530][gc,heap       ] GC(37) Old regions: 26->26
[2019-07-21T13:14:14.424-0530][gc,heap       ] GC(37) Humongous regions: 129->129
[2019-07-21T13:14:14.424-0530][gc,metaspace  ] GC(37) Metaspace: 44936K->44936K(1089536K)
[2019-07-21T13:14:14.424-0530][gc            ] GC(37) Pause Young (Normal) (G1 Evacuation Pause) 767M->159M(1024M) 10.415ms
[2019-07-21T13:14:14.424-0530][gc,cpu        ] GC(37) User=0.03s Sys=0.00s Real=0.01s
[2019-07-21T14:05:04.673-0530][gc,start      ] GC(38) Pause Young (Normal) (G1 Evacuation Pause)
[2019-07-21T14:05:04.673-0530][gc,task       ] GC(38) Using 10 workers of 10 for evacuation
[2019-07-21T14:05:04.680-0530][gc,phases     ] GC(38)   Pre Evacuate Collection Set: 0.0ms
[2019-07-21T14:05:04.680-0530][gc,phases     ] GC(38)   Evacuate Collection Set: 4.8ms
[2019-07-21T14:05:04.680-0530][gc,phases     ] GC(38)   Post Evacuate Collection Set: 1.4ms
[2019-07-21T14:05:04.680-0530][gc,phases     ] GC(38)   Other: 0.4ms
[2019-07-21T14:05:04.680-0530][gc,heap       ] GC(38) Eden regions: 609->0(609)
[2019-07-21T14:05:04.680-0530][gc,heap       ] GC(38) Survivor regions: 5->5(77)
[2019-07-21T14:05:04.680-0530][gc,heap       ] GC(38) Old regions: 26->26
[2019-07-21T14:05:04.680-0530][gc,heap       ] GC(38) Humongous regions: 129->129
[2019-07-21T14:05:04.680-0530][gc,metaspace  ] GC(38) Metaspace: 44953K->44953K(1089536K)
[2019-07-21T14:05:04.680-0530][gc            ] GC(38) Pause Young (Normal) (G1 Evacuation Pause) 768M->159M(1024M) 6.705ms
[2019-07-21T14:05:04.680-0530][gc,cpu        ] GC(38) User=0.04s Sys=0.00s Real=0.01s
[2019-07-21T14:27:47.841-0530][gc,start      ] GC(39) Pause Young (Normal) (G1 Evacuation Pause)
[2019-07-21T14:27:47.841-0530][gc,task       ] GC(39) Using 10 workers of 10 for evacuation
[2019-07-21T14:27:47.848-0530][gc,phases     ] GC(39)   Pre Evacuate Collection Set: 0.0ms
[2019-07-21T14:27:47.848-0530][gc,phases     ] GC(39)   Evacuate Collection Set: 4.5ms
[2019-07-21T14:27:47.848-0530][gc,phases     ] GC(39)   Post Evacuate Collection Set: 1.4ms
[2019-07-21T14:27:47.848-0530][gc,phases     ] GC(39)   Other: 0.4ms
[2019-07-21T14:27:47.848-0530][gc,heap       ] GC(39) Eden regions: 609->0(610)
[2019-07-21T14:27:47.848-0530][gc,heap       ] GC(39) Survivor regions: 5->4(77)
[2019-07-21T14:27:47.848-0530][gc,heap       ] GC(39) Old regions: 26->26
[2019-07-21T14:27:47.848-0530][gc,heap       ] GC(39) Humongous regions: 129->129
[2019-07-21T14:27:47.848-0530][gc,metaspace  ] GC(39) Metaspace: 44956K->44956K(1089536K)
[2019-07-21T14:27:47.848-0530][gc            ] GC(39) Pause Young (Normal) (G1 Evacuation Pause) 768M->158M(1024M) 6.391ms
[2019-07-21T14:27:47.848-0530][gc,cpu        ] GC(39) User=0.04s Sys=0.00s Real=0.00s
[2019-07-21T16:39:42.297-0530][gc,heap,exit  ] Heap
[2019-07-21T16:39:42.297-0530][gc,heap,exit  ]  garbage-first heap   total 1048576K, used 657836K [0x00000007c0000000, 0x0000000800000000)
[2019-07-21T16:39:42.297-0530][gc,heap,exit  ]   region size 1024K, 490 young (501760K), 4 survivors (4096K)
[2019-07-21T16:39:42.297-0530][gc,heap,exit  ]  Metaspace       used 45727K, capacity 48606K, committed 48840K, reserved 1091584K
[2019-07-21T16:39:42.297-0530][gc,heap,exit  ]   class space    used 6276K, capacity 7650K, committed 7756K, reserved 1048576K
