[2019-08-03T12:21:59.546-0530][gc,heap] Heap region size: 1M
[2019-08-03T12:21:59.558-0530][gc     ] Using G1
[2019-08-03T12:21:59.559-0530][gc,heap,coops] Heap address: 0x00000007c0000000, size: 1024 MB, Compressed Oops mode: Zero based, Oop shift amount: 3
[2019-08-03T12:22:00.857-0530][gc,start     ] GC(0) Pause Young (Concurrent Start) (Metadata GC Threshold)
[2019-08-03T12:22:00.857-0530][gc,task      ] GC(0) Using 10 workers of 10 for evacuation
[2019-08-03T12:22:00.866-0530][gc,phases    ] GC(0)   Pre Evacuate Collection Set: 0.0ms
[2019-08-03T12:22:00.866-0530][gc,phases    ] GC(0)   Evacuate Collection Set: 7.5ms
[2019-08-03T12:22:00.866-0530][gc,phases    ] GC(0)   Post Evacuate Collection Set: 0.6ms
[2019-08-03T12:22:00.866-0530][gc,phases    ] GC(0)   Other: 0.8ms
[2019-08-03T12:22:00.866-0530][gc,heap      ] GC(0) Eden regions: 37->0(45)
[2019-08-03T12:22:00.866-0530][gc,heap      ] GC(0) Survivor regions: 0->6(7)
[2019-08-03T12:22:00.866-0530][gc,heap      ] GC(0) Old regions: 0->0
[2019-08-03T12:22:00.866-0530][gc,heap      ] GC(0) Humongous regions: 0->0
[2019-08-03T12:22:00.866-0530][gc,metaspace ] GC(0) Metaspace: 20768K->20768K(1069056K)
[2019-08-03T12:22:00.866-0530][gc           ] GC(0) Pause Young (Concurrent Start) (Metadata GC Threshold) 36M->5M(1024M) 9.151ms
[2019-08-03T12:22:00.866-0530][gc,cpu       ] GC(0) User=0.03s Sys=0.00s Real=0.01s
[2019-08-03T12:22:00.866-0530][gc           ] GC(1) Concurrent Cycle
[2019-08-03T12:22:00.866-0530][gc,marking   ] GC(1) Concurrent Clear Claimed Marks
[2019-08-03T12:22:00.866-0530][gc,marking   ] GC(1) Concurrent Clear Claimed Marks 0.062ms
[2019-08-03T12:22:00.866-0530][gc,marking   ] GC(1) Concurrent Scan Root Regions
[2019-08-03T12:22:00.869-0530][gc,marking   ] GC(1) Concurrent Scan Root Regions 2.739ms
[2019-08-03T12:22:00.869-0530][gc,marking   ] GC(1) Concurrent Mark (1.336s)
[2019-08-03T12:22:00.869-0530][gc,marking   ] GC(1) Concurrent Mark From Roots
[2019-08-03T12:22:00.869-0530][gc,task      ] GC(1) Using 3 workers of 3 for marking
[2019-08-03T12:22:00.870-0530][gc,marking   ] GC(1) Concurrent Mark From Roots 0.346ms
[2019-08-03T12:22:00.870-0530][gc,marking   ] GC(1) Concurrent Preclean
[2019-08-03T12:22:00.870-0530][gc,marking   ] GC(1) Concurrent Preclean 0.058ms
[2019-08-03T12:22:00.870-0530][gc,marking   ] GC(1) Concurrent Mark (1.336s, 1.336s) 0.496ms
[2019-08-03T12:22:00.870-0530][gc,start     ] GC(1) Pause Remark
[2019-08-03T12:22:00.872-0530][gc,stringtable] GC(1) Cleaned string and symbol table, strings: 7296 processed, 0 removed, symbols: 63656 processed, 42 removed
[2019-08-03T12:22:00.873-0530][gc            ] GC(1) Pause Remark 6M->6M(1024M) 2.811ms
[2019-08-03T12:22:00.873-0530][gc,cpu        ] GC(1) User=0.02s Sys=0.00s Real=0.00s
[2019-08-03T12:22:00.873-0530][gc,marking    ] GC(1) Concurrent Rebuild Remembered Sets
[2019-08-03T12:22:00.873-0530][gc,marking    ] GC(1) Concurrent Rebuild Remembered Sets 0.104ms
[2019-08-03T12:22:00.873-0530][gc,start      ] GC(1) Pause Cleanup
[2019-08-03T12:22:00.873-0530][gc            ] GC(1) Pause Cleanup 6M->6M(1024M) 0.210ms
[2019-08-03T12:22:00.873-0530][gc,cpu        ] GC(1) User=0.00s Sys=0.00s Real=0.00s
[2019-08-03T12:22:00.873-0530][gc,marking    ] GC(1) Concurrent Cleanup for Next Mark
[2019-08-03T12:22:00.883-0530][gc,marking    ] GC(1) Concurrent Cleanup for Next Mark 9.768ms
[2019-08-03T12:22:00.883-0530][gc            ] GC(1) Concurrent Cycle 16.877ms
[2019-08-03T12:22:02.019-0530][gc,start      ] GC(2) Pause Young (Normal) (G1 Evacuation Pause)
[2019-08-03T12:22:02.019-0530][gc,task       ] GC(2) Using 10 workers of 10 for evacuation
[2019-08-03T12:22:02.025-0530][gc,phases     ] GC(2)   Pre Evacuate Collection Set: 0.0ms
[2019-08-03T12:22:02.026-0530][gc,phases     ] GC(2)   Evacuate Collection Set: 5.6ms
[2019-08-03T12:22:02.026-0530][gc,phases     ] GC(2)   Post Evacuate Collection Set: 0.4ms
[2019-08-03T12:22:02.026-0530][gc,phases     ] GC(2)   Other: 0.1ms
[2019-08-03T12:22:02.026-0530][gc,heap       ] GC(2) Eden regions: 45->0(47)
[2019-08-03T12:22:02.026-0530][gc,heap       ] GC(2) Survivor regions: 6->4(7)
[2019-08-03T12:22:02.026-0530][gc,heap       ] GC(2) Old regions: 0->6
[2019-08-03T12:22:02.026-0530][gc,heap       ] GC(2) Humongous regions: 129->129
[2019-08-03T12:22:02.026-0530][gc,metaspace  ] GC(2) Metaspace: 30620K->30620K(1077248K)
[2019-08-03T12:22:02.026-0530][gc            ] GC(2) Pause Young (Normal) (G1 Evacuation Pause) 179M->138M(1024M) 6.287ms
[2019-08-03T12:22:02.026-0530][gc,cpu        ] GC(2) User=0.04s Sys=0.01s Real=0.01s
[2019-08-03T12:22:02.295-0530][gc,start      ] GC(3) Pause Young (Concurrent Start) (Metadata GC Threshold)
[2019-08-03T12:22:02.295-0530][gc,task       ] GC(3) Using 10 workers of 10 for evacuation
[2019-08-03T12:22:02.299-0530][gc,phases     ] GC(3)   Pre Evacuate Collection Set: 0.1ms
[2019-08-03T12:22:02.299-0530][gc,phases     ] GC(3)   Evacuate Collection Set: 2.5ms
[2019-08-03T12:22:02.299-0530][gc,phases     ] GC(3)   Post Evacuate Collection Set: 0.3ms
[2019-08-03T12:22:02.299-0530][gc,phases     ] GC(3)   Other: 0.2ms
[2019-08-03T12:22:02.299-0530][gc,heap       ] GC(3) Eden regions: 20->0(46)
[2019-08-03T12:22:02.299-0530][gc,heap       ] GC(3) Survivor regions: 4->5(7)
[2019-08-03T12:22:02.299-0530][gc,heap       ] GC(3) Old regions: 6->6
[2019-08-03T12:22:02.299-0530][gc,heap       ] GC(3) Humongous regions: 129->129
[2019-08-03T12:22:02.299-0530][gc,metaspace  ] GC(3) Metaspace: 34550K->34550K(1081344K)
[2019-08-03T12:22:02.299-0530][gc            ] GC(3) Pause Young (Concurrent Start) (Metadata GC Threshold) 157M->139M(1024M) 3.313ms
[2019-08-03T12:22:02.299-0530][gc,cpu        ] GC(3) User=0.02s Sys=0.00s Real=0.00s
[2019-08-03T12:22:02.299-0530][gc            ] GC(4) Concurrent Cycle
[2019-08-03T12:22:02.299-0530][gc,marking    ] GC(4) Concurrent Clear Claimed Marks
[2019-08-03T12:22:02.299-0530][gc,marking    ] GC(4) Concurrent Clear Claimed Marks 0.092ms
[2019-08-03T12:22:02.299-0530][gc,marking    ] GC(4) Concurrent Scan Root Regions
[2019-08-03T12:22:02.301-0530][gc,marking    ] GC(4) Concurrent Scan Root Regions 2.070ms
[2019-08-03T12:22:02.301-0530][gc,marking    ] GC(4) Concurrent Mark (2.767s)
[2019-08-03T12:22:02.301-0530][gc,marking    ] GC(4) Concurrent Mark From Roots
[2019-08-03T12:22:02.301-0530][gc,task       ] GC(4) Using 3 workers of 3 for marking
[2019-08-03T12:22:02.306-0530][gc,marking    ] GC(4) Concurrent Mark From Roots 5.417ms
[2019-08-03T12:22:02.306-0530][gc,marking    ] GC(4) Concurrent Preclean
[2019-08-03T12:22:02.307-0530][gc,marking    ] GC(4) Concurrent Preclean 0.085ms
[2019-08-03T12:22:02.307-0530][gc,marking    ] GC(4) Concurrent Mark (2.767s, 2.773s) 5.571ms
[2019-08-03T12:22:02.307-0530][gc,start      ] GC(4) Pause Remark
[2019-08-03T12:22:02.311-0530][gc,stringtable] GC(4) Cleaned string and symbol table, strings: 12926 processed, 8 removed, symbols: 100847 processed, 30 removed
[2019-08-03T12:22:02.311-0530][gc            ] GC(4) Pause Remark 140M->140M(1024M) 4.061ms
[2019-08-03T12:22:02.311-0530][gc,cpu        ] GC(4) User=0.02s Sys=0.00s Real=0.01s
[2019-08-03T12:22:02.311-0530][gc,marking    ] GC(4) Concurrent Rebuild Remembered Sets
[2019-08-03T12:22:02.314-0530][gc,marking    ] GC(4) Concurrent Rebuild Remembered Sets 2.725ms
[2019-08-03T12:22:02.314-0530][gc,start      ] GC(4) Pause Cleanup
[2019-08-03T12:22:02.314-0530][gc            ] GC(4) Pause Cleanup 140M->140M(1024M) 0.191ms
[2019-08-03T12:22:02.314-0530][gc,cpu        ] GC(4) User=0.00s Sys=0.00s Real=0.00s
[2019-08-03T12:22:02.314-0530][gc,marking    ] GC(4) Concurrent Cleanup for Next Mark
[2019-08-03T12:22:02.323-0530][gc,marking    ] GC(4) Concurrent Cleanup for Next Mark 8.857ms
[2019-08-03T12:22:02.323-0530][gc            ] GC(4) Concurrent Cycle 24.177ms
[2019-08-03T12:23:33.670-0530][gc,start      ] GC(5) Pause Young (Normal) (G1 Evacuation Pause)
[2019-08-03T12:23:33.671-0530][gc,task       ] GC(5) Using 10 workers of 10 for evacuation
[2019-08-03T12:23:33.677-0530][gc,phases     ] GC(5)   Pre Evacuate Collection Set: 0.0ms
[2019-08-03T12:23:33.677-0530][gc,phases     ] GC(5)   Evacuate Collection Set: 4.8ms
[2019-08-03T12:23:33.677-0530][gc,phases     ] GC(5)   Post Evacuate Collection Set: 0.5ms
[2019-08-03T12:23:33.677-0530][gc,phases     ] GC(5)   Other: 1.3ms
[2019-08-03T12:23:33.677-0530][gc,heap       ] GC(5) Eden regions: 46->0(46)
[2019-08-03T12:23:33.677-0530][gc,heap       ] GC(5) Survivor regions: 5->5(7)
[2019-08-03T12:23:33.677-0530][gc,heap       ] GC(5) Old regions: 6->9
[2019-08-03T12:23:33.677-0530][gc,heap       ] GC(5) Humongous regions: 129->129
[2019-08-03T12:23:33.677-0530][gc,metaspace  ] GC(5) Metaspace: 39730K->39730K(1085440K)
[2019-08-03T12:23:33.677-0530][gc            ] GC(5) Pause Young (Normal) (G1 Evacuation Pause) 185M->142M(1024M) 6.735ms
[2019-08-03T12:23:33.677-0530][gc,cpu        ] GC(5) User=0.05s Sys=0.00s Real=0.00s
[2019-08-03T12:25:04.443-0530][gc,start      ] GC(6) Pause Young (Normal) (G1 Evacuation Pause)
[2019-08-03T12:25:04.443-0530][gc,task       ] GC(6) Using 10 workers of 10 for evacuation
[2019-08-03T12:25:04.447-0530][gc,phases     ] GC(6)   Pre Evacuate Collection Set: 0.0ms
[2019-08-03T12:25:04.447-0530][gc,phases     ] GC(6)   Evacuate Collection Set: 3.8ms
[2019-08-03T12:25:04.447-0530][gc,phases     ] GC(6)   Post Evacuate Collection Set: 0.4ms
[2019-08-03T12:25:04.447-0530][gc,phases     ] GC(6)   Other: 0.3ms
[2019-08-03T12:25:04.447-0530][gc,heap       ] GC(6) Eden regions: 46->0(48)
[2019-08-03T12:25:04.447-0530][gc,heap       ] GC(6) Survivor regions: 5->3(7)
[2019-08-03T12:25:04.447-0530][gc,heap       ] GC(6) Old regions: 9->11
[2019-08-03T12:25:04.447-0530][gc,heap       ] GC(6) Humongous regions: 129->129
[2019-08-03T12:25:04.447-0530][gc,metaspace  ] GC(6) Metaspace: 39961K->39961K(1085440K)
[2019-08-03T12:25:04.447-0530][gc            ] GC(6) Pause Young (Normal) (G1 Evacuation Pause) 188M->142M(1024M) 4.650ms
[2019-08-03T12:25:04.447-0530][gc,cpu        ] GC(6) User=0.04s Sys=0.01s Real=0.00s
[2019-08-03T12:26:50.070-0530][gc,start      ] GC(7) Pause Young (Normal) (G1 Evacuation Pause)
[2019-08-03T12:26:50.070-0530][gc,task       ] GC(7) Using 10 workers of 10 for evacuation
[2019-08-03T12:26:50.072-0530][gc,phases     ] GC(7)   Pre Evacuate Collection Set: 0.0ms
[2019-08-03T12:26:50.072-0530][gc,phases     ] GC(7)   Evacuate Collection Set: 1.7ms
[2019-08-03T12:26:50.072-0530][gc,phases     ] GC(7)   Post Evacuate Collection Set: 0.3ms
[2019-08-03T12:26:50.072-0530][gc,phases     ] GC(7)   Other: 0.2ms
[2019-08-03T12:26:50.072-0530][gc,heap       ] GC(7) Eden regions: 48->0(47)
[2019-08-03T12:26:50.072-0530][gc,heap       ] GC(7) Survivor regions: 3->4(7)
[2019-08-03T12:26:50.072-0530][gc,heap       ] GC(7) Old regions: 11->11
[2019-08-03T12:26:50.072-0530][gc,heap       ] GC(7) Humongous regions: 129->129
[2019-08-03T12:26:50.072-0530][gc,metaspace  ] GC(7) Metaspace: 40079K->40079K(1085440K)
[2019-08-03T12:26:50.072-0530][gc            ] GC(7) Pause Young (Normal) (G1 Evacuation Pause) 190M->142M(1024M) 2.379ms
[2019-08-03T12:26:50.072-0530][gc,cpu        ] GC(7) User=0.01s Sys=0.00s Real=0.00s
[2019-08-03T12:28:36.431-0530][gc,start      ] GC(8) Pause Young (Normal) (G1 Evacuation Pause)
[2019-08-03T12:28:36.432-0530][gc,task       ] GC(8) Using 10 workers of 10 for evacuation
[2019-08-03T12:28:36.435-0530][gc,phases     ] GC(8)   Pre Evacuate Collection Set: 0.0ms
[2019-08-03T12:28:36.435-0530][gc,phases     ] GC(8)   Evacuate Collection Set: 2.5ms
[2019-08-03T12:28:36.435-0530][gc,phases     ] GC(8)   Post Evacuate Collection Set: 0.3ms
[2019-08-03T12:28:36.435-0530][gc,phases     ] GC(8)   Other: 0.9ms
[2019-08-03T12:28:36.435-0530][gc,heap       ] GC(8) Eden regions: 47->0(48)
[2019-08-03T12:28:36.435-0530][gc,heap       ] GC(8) Survivor regions: 4->5(7)
[2019-08-03T12:28:36.435-0530][gc,heap       ] GC(8) Old regions: 11->11
[2019-08-03T12:28:36.435-0530][gc,heap       ] GC(8) Humongous regions: 129->129
[2019-08-03T12:28:36.435-0530][gc,metaspace  ] GC(8) Metaspace: 40186K->40186K(1085440K)
[2019-08-03T12:28:36.435-0530][gc            ] GC(8) Pause Young (Normal) (G1 Evacuation Pause) 189M->143M(1024M) 3.831ms
[2019-08-03T12:28:36.435-0530][gc,cpu        ] GC(8) User=0.03s Sys=0.00s Real=0.00s
[2019-08-03T12:30:27.173-0530][gc,start      ] GC(9) Pause Young (Normal) (G1 Evacuation Pause)
[2019-08-03T12:30:27.173-0530][gc,task       ] GC(9) Using 10 workers of 10 for evacuation
[2019-08-03T12:30:27.176-0530][gc,phases     ] GC(9)   Pre Evacuate Collection Set: 0.0ms
[2019-08-03T12:30:27.176-0530][gc,phases     ] GC(9)   Evacuate Collection Set: 2.3ms
[2019-08-03T12:30:27.176-0530][gc,phases     ] GC(9)   Post Evacuate Collection Set: 0.2ms
[2019-08-03T12:30:27.176-0530][gc,phases     ] GC(9)   Other: 0.2ms
[2019-08-03T12:30:27.176-0530][gc,heap       ] GC(9) Eden regions: 48->0(75)
[2019-08-03T12:30:27.176-0530][gc,heap       ] GC(9) Survivor regions: 5->3(7)
[2019-08-03T12:30:27.176-0530][gc,heap       ] GC(9) Old regions: 11->12
[2019-08-03T12:30:27.176-0530][gc,heap       ] GC(9) Humongous regions: 129->129
[2019-08-03T12:30:27.176-0530][gc,metaspace  ] GC(9) Metaspace: 40215K->40215K(1085440K)
[2019-08-03T12:30:27.176-0530][gc            ] GC(9) Pause Young (Normal) (G1 Evacuation Pause) 191M->142M(1024M) 2.817ms
[2019-08-03T12:30:27.176-0530][gc,cpu        ] GC(9) User=0.02s Sys=0.01s Real=0.00s
[2019-08-03T12:33:15.655-0530][gc,start      ] GC(10) Pause Young (Normal) (G1 Evacuation Pause)
[2019-08-03T12:33:15.655-0530][gc,task       ] GC(10) Using 10 workers of 10 for evacuation
[2019-08-03T12:33:15.660-0530][gc,phases     ] GC(10)   Pre Evacuate Collection Set: 0.0ms
[2019-08-03T12:33:15.660-0530][gc,phases     ] GC(10)   Evacuate Collection Set: 4.0ms
[2019-08-03T12:33:15.660-0530][gc,phases     ] GC(10)   Post Evacuate Collection Set: 0.3ms
[2019-08-03T12:33:15.660-0530][gc,phases     ] GC(10)   Other: 0.4ms
[2019-08-03T12:33:15.660-0530][gc,heap       ] GC(10) Eden regions: 75->0(132)
[2019-08-03T12:33:15.660-0530][gc,heap       ] GC(10) Survivor regions: 3->5(10)
[2019-08-03T12:33:15.660-0530][gc,heap       ] GC(10) Old regions: 12->12
[2019-08-03T12:33:15.660-0530][gc,heap       ] GC(10) Humongous regions: 129->129
[2019-08-03T12:33:15.660-0530][gc,metaspace  ] GC(10) Metaspace: 40464K->40464K(1085440K)
[2019-08-03T12:33:15.660-0530][gc            ] GC(10) Pause Young (Normal) (G1 Evacuation Pause) 217M->144M(1024M) 4.769ms
[2019-08-03T12:33:15.660-0530][gc,cpu        ] GC(10) User=0.03s Sys=0.00s Real=0.01s
[2019-08-03T12:38:11.176-0530][gc,start      ] GC(11) Pause Young (Normal) (G1 Evacuation Pause)
[2019-08-03T12:38:11.177-0530][gc,task       ] GC(11) Using 10 workers of 10 for evacuation
[2019-08-03T12:38:11.183-0530][gc,phases     ] GC(11)   Pre Evacuate Collection Set: 0.1ms
[2019-08-03T12:38:11.183-0530][gc,phases     ] GC(11)   Evacuate Collection Set: 5.8ms
[2019-08-03T12:38:11.183-0530][gc,phases     ] GC(11)   Post Evacuate Collection Set: 0.2ms
[2019-08-03T12:38:11.183-0530][gc,phases     ] GC(11)   Other: 1.0ms
[2019-08-03T12:38:11.183-0530][gc,heap       ] GC(11) Eden regions: 132->0(182)
[2019-08-03T12:38:11.183-0530][gc,heap       ] GC(11) Survivor regions: 5->8(18)
[2019-08-03T12:38:11.183-0530][gc,heap       ] GC(11) Old regions: 12->12
[2019-08-03T12:38:11.183-0530][gc,heap       ] GC(11) Humongous regions: 129->129
[2019-08-03T12:38:11.183-0530][gc,metaspace  ] GC(11) Metaspace: 40531K->40531K(1085440K)
[2019-08-03T12:38:11.183-0530][gc            ] GC(11) Pause Young (Normal) (G1 Evacuation Pause) 276M->148M(1024M) 7.218ms
[2019-08-03T12:38:11.183-0530][gc,cpu        ] GC(11) User=0.05s Sys=0.00s Real=0.01s
[2019-08-03T12:45:03.423-0530][gc,start      ] GC(12) Pause Young (Normal) (G1 Evacuation Pause)
[2019-08-03T12:45:03.423-0530][gc,task       ] GC(12) Using 10 workers of 10 for evacuation
[2019-08-03T12:45:03.432-0530][gc,phases     ] GC(12)   Pre Evacuate Collection Set: 0.0ms
[2019-08-03T12:45:03.432-0530][gc,phases     ] GC(12)   Evacuate Collection Set: 8.9ms
[2019-08-03T12:45:03.432-0530][gc,phases     ] GC(12)   Post Evacuate Collection Set: 0.2ms
[2019-08-03T12:45:03.432-0530][gc,phases     ] GC(12)   Other: 0.2ms
[2019-08-03T12:45:03.432-0530][gc,heap       ] GC(12) Eden regions: 182->0(177)
[2019-08-03T12:45:03.432-0530][gc,heap       ] GC(12) Survivor regions: 8->12(24)
[2019-08-03T12:45:03.432-0530][gc,heap       ] GC(12) Old regions: 12->12
[2019-08-03T12:45:03.432-0530][gc,heap       ] GC(12) Humongous regions: 129->129
[2019-08-03T12:45:03.432-0530][gc,metaspace  ] GC(12) Metaspace: 40617K->40617K(1085440K)
[2019-08-03T12:45:03.432-0530][gc            ] GC(12) Pause Young (Normal) (G1 Evacuation Pause) 330M->152M(1024M) 9.441ms
[2019-08-03T12:45:03.432-0530][gc,cpu        ] GC(12) User=0.07s Sys=0.01s Real=0.01s
[2019-08-03T13:22:45.338-0530][gc,start      ] GC(13) Pause Young (Normal) (G1 Evacuation Pause)
[2019-08-03T13:22:45.339-0530][gc,task       ] GC(13) Using 10 workers of 10 for evacuation
[2019-08-03T13:22:45.348-0530][gc,phases     ] GC(13)   Pre Evacuate Collection Set: 0.0ms
[2019-08-03T13:22:45.348-0530][gc,phases     ] GC(13)   Evacuate Collection Set: 8.8ms
[2019-08-03T13:22:45.348-0530][gc,phases     ] GC(13)   Post Evacuate Collection Set: 0.8ms
[2019-08-03T13:22:45.348-0530][gc,phases     ] GC(13)   Other: 0.2ms
[2019-08-03T13:22:45.348-0530][gc,heap       ] GC(13) Eden regions: 177->0(153)
[2019-08-03T13:22:45.348-0530][gc,heap       ] GC(13) Survivor regions: 12->17(24)
[2019-08-03T13:22:45.348-0530][gc,heap       ] GC(13) Old regions: 12->12
[2019-08-03T13:22:45.348-0530][gc,heap       ] GC(13) Humongous regions: 129->129
[2019-08-03T13:22:45.348-0530][gc,metaspace  ] GC(13) Metaspace: 40656K->40656K(1085440K)
[2019-08-03T13:22:45.348-0530][gc            ] GC(13) Pause Young (Normal) (G1 Evacuation Pause) 329M->157M(1024M) 9.936ms
[2019-08-03T13:22:45.348-0530][gc,cpu        ] GC(13) User=0.09s Sys=0.00s Real=0.01s
[2019-08-03T13:28:34.757-0530][gc,start      ] GC(14) Pause Young (Normal) (G1 Evacuation Pause)
[2019-08-03T13:28:34.757-0530][gc,task       ] GC(14) Using 10 workers of 10 for evacuation
[2019-08-03T13:28:34.773-0530][gc,phases     ] GC(14)   Pre Evacuate Collection Set: 0.0ms
[2019-08-03T13:28:34.773-0530][gc,phases     ] GC(14)   Evacuate Collection Set: 15.4ms
[2019-08-03T13:28:34.773-0530][gc,phases     ] GC(14)   Post Evacuate Collection Set: 0.4ms
[2019-08-03T13:28:34.773-0530][gc,phases     ] GC(14)   Other: 0.2ms
[2019-08-03T13:28:34.773-0530][gc,heap       ] GC(14) Eden regions: 153->0(108)
[2019-08-03T13:28:34.773-0530][gc,heap       ] GC(14) Survivor regions: 17->15(22)
[2019-08-03T13:28:34.773-0530][gc,heap       ] GC(14) Old regions: 12->18
[2019-08-03T13:28:34.773-0530][gc,heap       ] GC(14) Humongous regions: 129->129
[2019-08-03T13:28:34.773-0530][gc,metaspace  ] GC(14) Metaspace: 40671K->40671K(1085440K)
[2019-08-03T13:28:34.773-0530][gc            ] GC(14) Pause Young (Normal) (G1 Evacuation Pause) 310M->161M(1024M) 16.156ms
[2019-08-03T13:28:34.773-0530][gc,cpu        ] GC(14) User=0.13s Sys=0.01s Real=0.02s
[2019-08-03T13:32:40.145-0530][gc,start      ] GC(15) Pause Young (Normal) (G1 Evacuation Pause)
[2019-08-03T13:32:40.145-0530][gc,task       ] GC(15) Using 10 workers of 10 for evacuation
[2019-08-03T13:32:40.160-0530][gc,phases     ] GC(15)   Pre Evacuate Collection Set: 0.0ms
[2019-08-03T13:32:40.160-0530][gc,phases     ] GC(15)   Evacuate Collection Set: 13.4ms
[2019-08-03T13:32:40.160-0530][gc,phases     ] GC(15)   Post Evacuate Collection Set: 0.4ms
[2019-08-03T13:32:40.160-0530][gc,phases     ] GC(15)   Other: 0.3ms
[2019-08-03T13:32:40.160-0530][gc,heap       ] GC(15) Eden regions: 108->0(133)
[2019-08-03T13:32:40.160-0530][gc,heap       ] GC(15) Survivor regions: 15->9(16)
[2019-08-03T13:32:40.160-0530][gc,heap       ] GC(15) Old regions: 18->27
[2019-08-03T13:32:40.160-0530][gc,heap       ] GC(15) Humongous regions: 129->129
[2019-08-03T13:32:40.160-0530][gc,metaspace  ] GC(15) Metaspace: 40684K->40684K(1085440K)
[2019-08-03T13:32:40.160-0530][gc            ] GC(15) Pause Young (Normal) (G1 Evacuation Pause) 269M->164M(1024M) 14.279ms
[2019-08-03T13:32:40.160-0530][gc,cpu        ] GC(15) User=0.12s Sys=0.01s Real=0.02s
[2019-08-03T13:37:43.126-0530][gc,start      ] GC(16) Pause Young (Normal) (G1 Evacuation Pause)
[2019-08-03T13:37:43.126-0530][gc,task       ] GC(16) Using 10 workers of 10 for evacuation
[2019-08-03T13:37:43.133-0530][gc,phases     ] GC(16)   Pre Evacuate Collection Set: 0.0ms
[2019-08-03T13:37:43.133-0530][gc,phases     ] GC(16)   Evacuate Collection Set: 6.5ms
[2019-08-03T13:37:43.133-0530][gc,phases     ] GC(16)   Post Evacuate Collection Set: 0.2ms
[2019-08-03T13:37:43.133-0530][gc,phases     ] GC(16)   Other: 0.2ms
[2019-08-03T13:37:43.133-0530][gc,heap       ] GC(16) Eden regions: 133->0(138)
[2019-08-03T13:37:43.133-0530][gc,heap       ] GC(16) Survivor regions: 9->13(18)
[2019-08-03T13:37:43.133-0530][gc,heap       ] GC(16) Old regions: 27->27
[2019-08-03T13:37:43.133-0530][gc,heap       ] GC(16) Humongous regions: 129->129
[2019-08-03T13:37:43.133-0530][gc,metaspace  ] GC(16) Metaspace: 40707K->40707K(1085440K)
[2019-08-03T13:37:43.133-0530][gc            ] GC(16) Pause Young (Normal) (G1 Evacuation Pause) 297M->168M(1024M) 7.087ms
[2019-08-03T13:37:43.133-0530][gc,cpu        ] GC(16) User=0.07s Sys=0.00s Real=0.01s
[2019-08-03T13:42:58.090-0530][gc,start      ] GC(17) Pause Young (Normal) (G1 Evacuation Pause)
[2019-08-03T13:42:58.090-0530][gc,task       ] GC(17) Using 10 workers of 10 for evacuation
[2019-08-03T13:42:58.103-0530][gc,phases     ] GC(17)   Pre Evacuate Collection Set: 0.0ms
[2019-08-03T13:42:58.103-0530][gc,phases     ] GC(17)   Evacuate Collection Set: 12.3ms
[2019-08-03T13:42:58.103-0530][gc,phases     ] GC(17)   Post Evacuate Collection Set: 0.2ms
[2019-08-03T13:42:58.103-0530][gc,phases     ] GC(17)   Other: 0.4ms
[2019-08-03T13:42:58.103-0530][gc,heap       ] GC(17) Eden regions: 138->0(146)
[2019-08-03T13:42:58.103-0530][gc,heap       ] GC(17) Survivor regions: 13->14(19)
[2019-08-03T13:42:58.103-0530][gc,heap       ] GC(17) Old regions: 27->31
[2019-08-03T13:42:58.103-0530][gc,heap       ] GC(17) Humongous regions: 129->129
[2019-08-03T13:42:58.103-0530][gc,metaspace  ] GC(17) Metaspace: 40720K->40720K(1085440K)
[2019-08-03T13:42:58.103-0530][gc            ] GC(17) Pause Young (Normal) (G1 Evacuation Pause) 306M->172M(1024M) 12.991ms
[2019-08-03T13:42:58.103-0530][gc,cpu        ] GC(17) User=0.12s Sys=0.00s Real=0.01s
[2019-08-03T13:48:33.229-0530][gc,start      ] GC(18) Pause Young (Normal) (G1 Evacuation Pause)
[2019-08-03T13:48:33.229-0530][gc,task       ] GC(18) Using 10 workers of 10 for evacuation
[2019-08-03T13:48:33.238-0530][gc,phases     ] GC(18)   Pre Evacuate Collection Set: 0.0ms
[2019-08-03T13:48:33.238-0530][gc,phases     ] GC(18)   Evacuate Collection Set: 8.8ms
[2019-08-03T13:48:33.238-0530][gc,phases     ] GC(18)   Post Evacuate Collection Set: 0.4ms
[2019-08-03T13:48:33.238-0530][gc,phases     ] GC(18)   Other: 0.2ms
[2019-08-03T13:48:33.238-0530][gc,heap       ] GC(18) Eden regions: 146->0(163)
[2019-08-03T13:48:33.238-0530][gc,heap       ] GC(18) Survivor regions: 14->16(20)
[2019-08-03T13:48:33.238-0530][gc,heap       ] GC(18) Old regions: 31->34
[2019-08-03T13:48:33.238-0530][gc,heap       ] GC(18) Humongous regions: 129->129
[2019-08-03T13:48:33.238-0530][gc,metaspace  ] GC(18) Metaspace: 40758K->40758K(1085440K)
[2019-08-03T13:48:33.238-0530][gc            ] GC(18) Pause Young (Normal) (G1 Evacuation Pause) 318M->178M(1024M) 9.595ms
[2019-08-03T13:48:33.238-0530][gc,cpu        ] GC(18) User=0.08s Sys=0.00s Real=0.01s
[2019-08-03T13:54:18.916-0530][gc,start      ] GC(19) Pause Young (Normal) (G1 Evacuation Pause)
[2019-08-03T13:54:18.916-0530][gc,task       ] GC(19) Using 10 workers of 10 for evacuation
[2019-08-03T13:54:18.926-0530][gc,phases     ] GC(19)   Pre Evacuate Collection Set: 0.0ms
[2019-08-03T13:54:18.927-0530][gc,phases     ] GC(19)   Evacuate Collection Set: 9.7ms
[2019-08-03T13:54:18.927-0530][gc,phases     ] GC(19)   Post Evacuate Collection Set: 0.3ms
[2019-08-03T13:54:18.927-0530][gc,phases     ] GC(19)   Other: 0.2ms
[2019-08-03T13:54:18.927-0530][gc,heap       ] GC(19) Eden regions: 163->0(182)
[2019-08-03T13:54:18.927-0530][gc,heap       ] GC(19) Survivor regions: 16->17(23)
[2019-08-03T13:54:18.927-0530][gc,heap       ] GC(19) Old regions: 34->38
[2019-08-03T13:54:18.927-0530][gc,heap       ] GC(19) Humongous regions: 129->129
[2019-08-03T13:54:18.927-0530][gc,metaspace  ] GC(19) Metaspace: 41563K->41563K(1087488K)
[2019-08-03T13:54:18.927-0530][gc            ] GC(19) Pause Young (Normal) (G1 Evacuation Pause) 341M->183M(1024M) 10.370ms
[2019-08-03T13:54:18.927-0530][gc,cpu        ] GC(19) User=0.09s Sys=0.01s Real=0.01s
[2019-08-03T14:01:10.352-0530][gc,start      ] GC(20) Pause Young (Normal) (G1 Evacuation Pause)
[2019-08-03T14:01:10.352-0530][gc,task       ] GC(20) Using 10 workers of 10 for evacuation
[2019-08-03T14:01:10.364-0530][gc,phases     ] GC(20)   Pre Evacuate Collection Set: 0.1ms
[2019-08-03T14:01:10.364-0530][gc,phases     ] GC(20)   Evacuate Collection Set: 11.2ms
[2019-08-03T14:01:10.364-0530][gc,phases     ] GC(20)   Post Evacuate Collection Set: 0.3ms
[2019-08-03T14:01:10.364-0530][gc,phases     ] GC(20)   Other: 0.3ms
[2019-08-03T14:01:10.364-0530][gc,heap       ] GC(20) Eden regions: 182->0(203)
[2019-08-03T14:01:10.364-0530][gc,heap       ] GC(20) Survivor regions: 17->14(25)
[2019-08-03T14:01:10.364-0530][gc,heap       ] GC(20) Old regions: 38->43
[2019-08-03T14:01:10.364-0530][gc,heap       ] GC(20) Humongous regions: 129->129
[2019-08-03T14:01:10.364-0530][gc,metaspace  ] GC(20) Metaspace: 41698K->41698K(1087488K)
[2019-08-03T14:01:10.364-0530][gc            ] GC(20) Pause Young (Normal) (G1 Evacuation Pause) 365M->184M(1024M) 11.961ms
[2019-08-03T14:01:10.364-0530][gc,cpu        ] GC(20) User=0.10s Sys=0.01s Real=0.01s
[2019-08-03T14:08:50.358-0530][gc,start      ] GC(21) Pause Young (Normal) (G1 Evacuation Pause)
[2019-08-03T14:08:50.358-0530][gc,task       ] GC(21) Using 10 workers of 10 for evacuation
[2019-08-03T14:08:50.367-0530][gc,phases     ] GC(21)   Pre Evacuate Collection Set: 0.0ms
[2019-08-03T14:08:50.367-0530][gc,phases     ] GC(21)   Evacuate Collection Set: 8.9ms
[2019-08-03T14:08:50.367-0530][gc,phases     ] GC(21)   Post Evacuate Collection Set: 0.3ms
[2019-08-03T14:08:50.367-0530][gc,phases     ] GC(21)   Other: 0.4ms
[2019-08-03T14:08:50.367-0530][gc,heap       ] GC(21) Eden regions: 203->0(602)
[2019-08-03T14:08:50.367-0530][gc,heap       ] GC(21) Survivor regions: 14->12(28)
[2019-08-03T14:08:50.367-0530][gc,heap       ] GC(21) Old regions: 43->43
[2019-08-03T14:08:50.367-0530][gc,heap       ] GC(21) Humongous regions: 129->129
[2019-08-03T14:08:50.367-0530][gc,metaspace  ] GC(21) Metaspace: 41723K->41723K(1087488K)
[2019-08-03T14:08:50.367-0530][gc            ] GC(21) Pause Young (Normal) (G1 Evacuation Pause) 387M->183M(1024M) 9.763ms
[2019-08-03T14:08:50.367-0530][gc,cpu        ] GC(21) User=0.07s Sys=0.01s Real=0.01s
[2019-08-03T14:31:51.770-0530][gc,start      ] GC(22) Pause Young (Normal) (G1 Evacuation Pause)
[2019-08-03T14:31:51.772-0530][gc,task       ] GC(22) Using 10 workers of 10 for evacuation
[2019-08-03T14:31:51.786-0530][gc,phases     ] GC(22)   Pre Evacuate Collection Set: 0.0ms
[2019-08-03T14:31:51.786-0530][gc,phases     ] GC(22)   Evacuate Collection Set: 12.3ms
[2019-08-03T14:31:51.786-0530][gc,phases     ] GC(22)   Post Evacuate Collection Set: 1.5ms
[2019-08-03T14:31:51.786-0530][gc,phases     ] GC(22)   Other: 2.2ms
[2019-08-03T14:31:51.786-0530][gc,heap       ] GC(22) Eden regions: 602->0(601)
[2019-08-03T14:31:51.786-0530][gc,heap       ] GC(22) Survivor regions: 12->13(77)
[2019-08-03T14:31:51.786-0530][gc,heap       ] GC(22) Old regions: 43->43
[2019-08-03T14:31:51.786-0530][gc,heap       ] GC(22) Humongous regions: 129->129
[2019-08-03T14:31:51.786-0530][gc,metaspace  ] GC(22) Metaspace: 41771K->41771K(1087488K)
[2019-08-03T14:31:51.786-0530][gc            ] GC(22) Pause Young (Normal) (G1 Evacuation Pause) 785M->184M(1024M) 16.153ms
[2019-08-03T14:31:51.786-0530][gc,cpu        ] GC(22) User=0.08s Sys=0.04s Real=0.01s
[2019-08-03T14:54:34.144-0530][gc,start      ] GC(23) Pause Young (Normal) (G1 Evacuation Pause)
[2019-08-03T14:54:34.144-0530][gc,task       ] GC(23) Using 10 workers of 10 for evacuation
[2019-08-03T14:54:34.153-0530][gc,phases     ] GC(23)   Pre Evacuate Collection Set: 0.0ms
[2019-08-03T14:54:34.153-0530][gc,phases     ] GC(23)   Evacuate Collection Set: 7.5ms
[2019-08-03T14:54:34.153-0530][gc,phases     ] GC(23)   Post Evacuate Collection Set: 1.2ms
[2019-08-03T14:54:34.153-0530][gc,phases     ] GC(23)   Other: 0.4ms
[2019-08-03T14:54:34.153-0530][gc,heap       ] GC(23) Eden regions: 601->0(601)
[2019-08-03T14:54:34.153-0530][gc,heap       ] GC(23) Survivor regions: 13->13(77)
[2019-08-03T14:54:34.153-0530][gc,heap       ] GC(23) Old regions: 43->43
[2019-08-03T14:54:34.153-0530][gc,heap       ] GC(23) Humongous regions: 129->129
[2019-08-03T14:54:34.153-0530][gc,metaspace  ] GC(23) Metaspace: 41784K->41784K(1087488K)
[2019-08-03T14:54:34.153-0530][gc            ] GC(23) Pause Young (Normal) (G1 Evacuation Pause) 785M->184M(1024M) 9.169ms
[2019-08-03T14:54:34.153-0530][gc,cpu        ] GC(23) User=0.07s Sys=0.00s Real=0.01s
[2019-08-03T15:17:26.296-0530][gc,start      ] GC(24) Pause Young (Normal) (G1 Evacuation Pause)
[2019-08-03T15:17:26.296-0530][gc,task       ] GC(24) Using 10 workers of 10 for evacuation
[2019-08-03T15:17:26.302-0530][gc,phases     ] GC(24)   Pre Evacuate Collection Set: 0.0ms
[2019-08-03T15:17:26.302-0530][gc,phases     ] GC(24)   Evacuate Collection Set: 5.1ms
[2019-08-03T15:17:26.302-0530][gc,phases     ] GC(24)   Post Evacuate Collection Set: 1.0ms
[2019-08-03T15:17:26.302-0530][gc,phases     ] GC(24)   Other: 0.2ms
[2019-08-03T15:17:26.302-0530][gc,heap       ] GC(24) Eden regions: 601->0(601)
[2019-08-03T15:17:26.302-0530][gc,heap       ] GC(24) Survivor regions: 13->13(77)
[2019-08-03T15:17:26.302-0530][gc,heap       ] GC(24) Old regions: 43->43
[2019-08-03T15:17:26.302-0530][gc,heap       ] GC(24) Humongous regions: 129->129
[2019-08-03T15:17:26.302-0530][gc,metaspace  ] GC(24) Metaspace: 41811K->41811K(1087488K)
[2019-08-03T15:17:26.302-0530][gc            ] GC(24) Pause Young (Normal) (G1 Evacuation Pause) 785M->184M(1024M) 6.452ms
[2019-08-03T15:17:26.302-0530][gc,cpu        ] GC(24) User=0.06s Sys=0.00s Real=0.01s
[2019-08-03T15:40:15.396-0530][gc,start      ] GC(25) Pause Young (Normal) (G1 Evacuation Pause)
[2019-08-03T15:40:15.397-0530][gc,task       ] GC(25) Using 10 workers of 10 for evacuation
[2019-08-03T15:40:15.405-0530][gc,phases     ] GC(25)   Pre Evacuate Collection Set: 0.0ms
[2019-08-03T15:40:15.405-0530][gc,phases     ] GC(25)   Evacuate Collection Set: 6.8ms
[2019-08-03T15:40:15.405-0530][gc,phases     ] GC(25)   Post Evacuate Collection Set: 1.2ms
[2019-08-03T15:40:15.405-0530][gc,phases     ] GC(25)   Other: 0.4ms
[2019-08-03T15:40:15.405-0530][gc,heap       ] GC(25) Eden regions: 601->0(601)
[2019-08-03T15:40:15.405-0530][gc,heap       ] GC(25) Survivor regions: 13->13(77)
[2019-08-03T15:40:15.405-0530][gc,heap       ] GC(25) Old regions: 43->43
[2019-08-03T15:40:15.405-0530][gc,heap       ] GC(25) Humongous regions: 129->129
[2019-08-03T15:40:15.405-0530][gc,metaspace  ] GC(25) Metaspace: 41820K->41820K(1087488K)
[2019-08-03T15:40:15.405-0530][gc            ] GC(25) Pause Young (Normal) (G1 Evacuation Pause) 785M->183M(1024M) 8.482ms
[2019-08-03T15:40:15.405-0530][gc,cpu        ] GC(25) User=0.07s Sys=0.00s Real=0.01s
[2019-08-03T16:02:56.124-0530][gc,start      ] GC(26) Pause Young (Normal) (G1 Evacuation Pause)
[2019-08-03T16:02:56.124-0530][gc,task       ] GC(26) Using 10 workers of 10 for evacuation
[2019-08-03T16:02:56.130-0530][gc,phases     ] GC(26)   Pre Evacuate Collection Set: 0.0ms
[2019-08-03T16:02:56.131-0530][gc,phases     ] GC(26)   Evacuate Collection Set: 5.1ms
[2019-08-03T16:02:56.131-0530][gc,phases     ] GC(26)   Post Evacuate Collection Set: 0.9ms
[2019-08-03T16:02:56.131-0530][gc,phases     ] GC(26)   Other: 0.2ms
[2019-08-03T16:02:56.131-0530][gc,heap       ] GC(26) Eden regions: 601->0(601)
[2019-08-03T16:02:56.131-0530][gc,heap       ] GC(26) Survivor regions: 13->13(77)
[2019-08-03T16:02:56.131-0530][gc,heap       ] GC(26) Old regions: 43->43
[2019-08-03T16:02:56.131-0530][gc,heap       ] GC(26) Humongous regions: 129->129
[2019-08-03T16:02:56.131-0530][gc,metaspace  ] GC(26) Metaspace: 41822K->41822K(1087488K)
[2019-08-03T16:02:56.131-0530][gc            ] GC(26) Pause Young (Normal) (G1 Evacuation Pause) 784M->184M(1024M) 6.378ms
[2019-08-03T16:02:56.131-0530][gc,cpu        ] GC(26) User=0.05s Sys=0.00s Real=0.01s
[2019-08-03T16:25:51.347-0530][gc,start      ] GC(27) Pause Young (Normal) (G1 Evacuation Pause)
[2019-08-03T16:25:51.347-0530][gc,task       ] GC(27) Using 10 workers of 10 for evacuation
[2019-08-03T16:25:51.353-0530][gc,phases     ] GC(27)   Pre Evacuate Collection Set: 0.0ms
[2019-08-03T16:25:51.353-0530][gc,phases     ] GC(27)   Evacuate Collection Set: 5.3ms
[2019-08-03T16:25:51.353-0530][gc,phases     ] GC(27)   Post Evacuate Collection Set: 0.5ms
[2019-08-03T16:25:51.353-0530][gc,phases     ] GC(27)   Other: 0.2ms
[2019-08-03T16:25:51.353-0530][gc,heap       ] GC(27) Eden regions: 601->0(601)
[2019-08-03T16:25:51.353-0530][gc,heap       ] GC(27) Survivor regions: 13->13(77)
[2019-08-03T16:25:51.353-0530][gc,heap       ] GC(27) Old regions: 43->43
[2019-08-03T16:25:51.353-0530][gc,heap       ] GC(27) Humongous regions: 129->129
[2019-08-03T16:25:51.353-0530][gc,metaspace  ] GC(27) Metaspace: 41831K->41831K(1087488K)
[2019-08-03T16:25:51.353-0530][gc            ] GC(27) Pause Young (Normal) (G1 Evacuation Pause) 785M->184M(1024M) 6.118ms
[2019-08-03T16:25:51.353-0530][gc,cpu        ] GC(27) User=0.06s Sys=0.00s Real=0.01s
[2019-08-03T16:49:42.787-0530][gc,start      ] GC(28) Pause Young (Normal) (G1 Evacuation Pause)
[2019-08-03T16:49:42.788-0530][gc,task       ] GC(28) Using 10 workers of 10 for evacuation
[2019-08-03T16:49:42.794-0530][gc,phases     ] GC(28)   Pre Evacuate Collection Set: 0.0ms
[2019-08-03T16:49:42.794-0530][gc,phases     ] GC(28)   Evacuate Collection Set: 5.8ms
[2019-08-03T16:49:42.794-0530][gc,phases     ] GC(28)   Post Evacuate Collection Set: 1.0ms
[2019-08-03T16:49:42.795-0530][gc,phases     ] GC(28)   Other: 0.9ms
[2019-08-03T16:49:42.795-0530][gc,heap       ] GC(28) Eden regions: 601->0(601)
[2019-08-03T16:49:42.795-0530][gc,heap       ] GC(28) Survivor regions: 13->13(77)
[2019-08-03T16:49:42.795-0530][gc,heap       ] GC(28) Old regions: 43->43
[2019-08-03T16:49:42.795-0530][gc,heap       ] GC(28) Humongous regions: 129->129
[2019-08-03T16:49:42.795-0530][gc,metaspace  ] GC(28) Metaspace: 41836K->41836K(1087488K)
[2019-08-03T16:49:42.795-0530][gc            ] GC(28) Pause Young (Normal) (G1 Evacuation Pause) 785M->184M(1024M) 7.761ms
[2019-08-03T16:49:42.795-0530][gc,cpu        ] GC(28) User=0.06s Sys=0.00s Real=0.01s
[2019-08-03T17:12:23.689-0530][gc,start      ] GC(29) Pause Young (Normal) (G1 Evacuation Pause)
[2019-08-03T17:12:23.689-0530][gc,task       ] GC(29) Using 10 workers of 10 for evacuation
[2019-08-03T17:12:23.695-0530][gc,phases     ] GC(29)   Pre Evacuate Collection Set: 0.0ms
[2019-08-03T17:12:23.695-0530][gc,phases     ] GC(29)   Evacuate Collection Set: 5.0ms
[2019-08-03T17:12:23.695-0530][gc,phases     ] GC(29)   Post Evacuate Collection Set: 0.4ms
[2019-08-03T17:12:23.695-0530][gc,phases     ] GC(29)   Other: 1.0ms
[2019-08-03T17:12:23.695-0530][gc,heap       ] GC(29) Eden regions: 601->0(601)
[2019-08-03T17:12:23.695-0530][gc,heap       ] GC(29) Survivor regions: 13->13(77)
[2019-08-03T17:12:23.695-0530][gc,heap       ] GC(29) Old regions: 43->43
[2019-08-03T17:12:23.695-0530][gc,heap       ] GC(29) Humongous regions: 129->129
[2019-08-03T17:12:23.695-0530][gc,metaspace  ] GC(29) Metaspace: 41877K->41877K(1087488K)
[2019-08-03T17:12:23.695-0530][gc            ] GC(29) Pause Young (Normal) (G1 Evacuation Pause) 785M->184M(1024M) 6.510ms
[2019-08-03T17:12:23.695-0530][gc,cpu        ] GC(29) User=0.05s Sys=0.00s Real=0.01s
[2019-08-03T17:35:19.780-0530][gc,start      ] GC(30) Pause Young (Normal) (G1 Evacuation Pause)
[2019-08-03T17:35:19.781-0530][gc,task       ] GC(30) Using 10 workers of 10 for evacuation
[2019-08-03T17:35:19.787-0530][gc,phases     ] GC(30)   Pre Evacuate Collection Set: 0.0ms
[2019-08-03T17:35:19.787-0530][gc,phases     ] GC(30)   Evacuate Collection Set: 4.8ms
[2019-08-03T17:35:19.787-0530][gc,phases     ] GC(30)   Post Evacuate Collection Set: 1.1ms
[2019-08-03T17:35:19.787-0530][gc,phases     ] GC(30)   Other: 1.0ms
[2019-08-03T17:35:19.787-0530][gc,heap       ] GC(30) Eden regions: 601->0(601)
[2019-08-03T17:35:19.787-0530][gc,heap       ] GC(30) Survivor regions: 13->13(77)
[2019-08-03T17:35:19.787-0530][gc,heap       ] GC(30) Old regions: 43->43
[2019-08-03T17:35:19.787-0530][gc,heap       ] GC(30) Humongous regions: 129->129
[2019-08-03T17:35:19.787-0530][gc,metaspace  ] GC(30) Metaspace: 41878K->41878K(1087488K)
[2019-08-03T17:35:19.787-0530][gc            ] GC(30) Pause Young (Normal) (G1 Evacuation Pause) 785M->184M(1024M) 6.926ms
[2019-08-03T17:35:19.787-0530][gc,cpu        ] GC(30) User=0.05s Sys=0.00s Real=0.00s
[2019-08-03T17:57:59.349-0530][gc,start      ] GC(31) Pause Young (Normal) (G1 Evacuation Pause)
[2019-08-03T17:57:59.350-0530][gc,task       ] GC(31) Using 10 workers of 10 for evacuation
[2019-08-03T17:57:59.358-0530][gc,phases     ] GC(31)   Pre Evacuate Collection Set: 0.1ms
[2019-08-03T17:57:59.358-0530][gc,phases     ] GC(31)   Evacuate Collection Set: 7.0ms
[2019-08-03T17:57:59.358-0530][gc,phases     ] GC(31)   Post Evacuate Collection Set: 0.6ms
[2019-08-03T17:57:59.358-0530][gc,phases     ] GC(31)   Other: 1.1ms
[2019-08-03T17:57:59.358-0530][gc,heap       ] GC(31) Eden regions: 601->0(600)
[2019-08-03T17:57:59.358-0530][gc,heap       ] GC(31) Survivor regions: 13->14(77)
[2019-08-03T17:57:59.358-0530][gc,heap       ] GC(31) Old regions: 43->43
[2019-08-03T17:57:59.358-0530][gc,heap       ] GC(31) Humongous regions: 129->129
[2019-08-03T17:57:59.358-0530][gc,metaspace  ] GC(31) Metaspace: 41901K->41901K(1087488K)
[2019-08-03T17:57:59.358-0530][gc            ] GC(31) Pause Young (Normal) (G1 Evacuation Pause) 785M->185M(1024M) 8.962ms
[2019-08-03T17:57:59.358-0530][gc,cpu        ] GC(31) User=0.07s Sys=0.00s Real=0.01s
[2019-08-03T17:59:53.704-0530][gc,heap,exit  ] Heap
[2019-08-03T17:59:53.705-0530][gc,heap,exit  ]  garbage-first heap   total 1048576K, used 246849K [0x00000007c0000000, 0x0000000800000000)
[2019-08-03T17:59:53.705-0530][gc,heap,exit  ]   region size 1024K, 71 young (72704K), 14 survivors (14336K)
[2019-08-03T17:59:53.705-0530][gc,heap,exit  ]  Metaspace       used 42634K, capacity 44804K, committed 45104K, reserved 1087488K
[2019-08-03T17:59:53.705-0530][gc,heap,exit  ]   class space    used 5503K, capacity 6472K, committed 6528K, reserved 1048576K
