[2019-08-03T12:21:39.850-0530][gc,heap] Heap region size: 1M
[2019-08-03T12:21:39.858-0530][gc     ] Using G1
[2019-08-03T12:21:39.858-0530][gc,heap,coops] Heap address: 0x00000007c0000000, size: 1024 MB, Compressed Oops mode: Zero based, Oop shift amount: 3
[2019-08-03T12:21:41.118-0530][gc,start     ] GC(0) Pause Young (Concurrent Start) (Metadata GC Threshold)
[2019-08-03T12:21:41.119-0530][gc,task      ] GC(0) Using 10 workers of 10 for evacuation
[2019-08-03T12:21:41.128-0530][gc,phases    ] GC(0)   Pre Evacuate Collection Set: 0.0ms
[2019-08-03T12:21:41.128-0530][gc,phases    ] GC(0)   Evacuate Collection Set: 6.9ms
[2019-08-03T12:21:41.128-0530][gc,phases    ] GC(0)   Post Evacuate Collection Set: 0.6ms
[2019-08-03T12:21:41.129-0530][gc,phases    ] GC(0)   Other: 2.3ms
[2019-08-03T12:21:41.129-0530][gc,heap      ] GC(0) Eden regions: 37->0(45)
[2019-08-03T12:21:41.129-0530][gc,heap      ] GC(0) Survivor regions: 0->6(7)
[2019-08-03T12:21:41.129-0530][gc,heap      ] GC(0) Old regions: 0->0
[2019-08-03T12:21:41.129-0530][gc,heap      ] GC(0) Humongous regions: 0->0
[2019-08-03T12:21:41.129-0530][gc,metaspace ] GC(0) Metaspace: 20762K->20762K(1069056K)
[2019-08-03T12:21:41.129-0530][gc           ] GC(0) Pause Young (Concurrent Start) (Metadata GC Threshold) 36M->5M(1024M) 10.595ms
[2019-08-03T12:21:41.129-0530][gc,cpu       ] GC(0) User=0.01s Sys=0.00s Real=0.01s
[2019-08-03T12:21:41.129-0530][gc           ] GC(1) Concurrent Cycle
[2019-08-03T12:21:41.129-0530][gc,marking   ] GC(1) Concurrent Clear Claimed Marks
[2019-08-03T12:21:41.129-0530][gc,marking   ] GC(1) Concurrent Clear Claimed Marks 0.026ms
[2019-08-03T12:21:41.129-0530][gc,marking   ] GC(1) Concurrent Scan Root Regions
[2019-08-03T12:21:41.131-0530][gc,marking   ] GC(1) Concurrent Scan Root Regions 1.905ms
[2019-08-03T12:21:41.131-0530][gc,marking   ] GC(1) Concurrent Mark (1.291s)
[2019-08-03T12:21:41.131-0530][gc,marking   ] GC(1) Concurrent Mark From Roots
[2019-08-03T12:21:41.131-0530][gc,task      ] GC(1) Using 3 workers of 3 for marking
[2019-08-03T12:21:41.132-0530][gc,marking   ] GC(1) Concurrent Mark From Roots 0.529ms
[2019-08-03T12:21:41.132-0530][gc,marking   ] GC(1) Concurrent Preclean
[2019-08-03T12:21:41.132-0530][gc,marking   ] GC(1) Concurrent Preclean 0.030ms
[2019-08-03T12:21:41.132-0530][gc,marking   ] GC(1) Concurrent Mark (1.291s, 1.292s) 0.619ms
[2019-08-03T12:21:41.132-0530][gc,start     ] GC(1) Pause Remark
[2019-08-03T12:21:41.134-0530][gc,stringtable] GC(1) Cleaned string and symbol table, strings: 7304 processed, 0 removed, symbols: 63705 processed, 42 removed
[2019-08-03T12:21:41.134-0530][gc            ] GC(1) Pause Remark 6M->6M(1024M) 1.707ms
[2019-08-03T12:21:41.134-0530][gc,cpu        ] GC(1) User=0.02s Sys=0.01s Real=0.00s
[2019-08-03T12:21:41.134-0530][gc,marking    ] GC(1) Concurrent Rebuild Remembered Sets
[2019-08-03T12:21:41.134-0530][gc,marking    ] GC(1) Concurrent Rebuild Remembered Sets 0.391ms
[2019-08-03T12:21:41.135-0530][gc,start      ] GC(1) Pause Cleanup
[2019-08-03T12:21:41.135-0530][gc            ] GC(1) Pause Cleanup 6M->6M(1024M) 0.112ms
[2019-08-03T12:21:41.135-0530][gc,cpu        ] GC(1) User=0.00s Sys=0.00s Real=0.00s
[2019-08-03T12:21:41.135-0530][gc,marking    ] GC(1) Concurrent Cleanup for Next Mark
[2019-08-03T12:21:41.141-0530][gc,marking    ] GC(1) Concurrent Cleanup for Next Mark 6.435ms
[2019-08-03T12:21:41.141-0530][gc            ] GC(1) Concurrent Cycle 12.538ms
[2019-08-03T12:21:42.261-0530][gc,start      ] GC(2) Pause Young (Normal) (G1 Evacuation Pause)
[2019-08-03T12:21:42.261-0530][gc,task       ] GC(2) Using 10 workers of 10 for evacuation
[2019-08-03T12:21:42.267-0530][gc,phases     ] GC(2)   Pre Evacuate Collection Set: 0.0ms
[2019-08-03T12:21:42.268-0530][gc,phases     ] GC(2)   Evacuate Collection Set: 5.2ms
[2019-08-03T12:21:42.268-0530][gc,phases     ] GC(2)   Post Evacuate Collection Set: 0.7ms
[2019-08-03T12:21:42.268-0530][gc,phases     ] GC(2)   Other: 0.3ms
[2019-08-03T12:21:42.268-0530][gc,heap       ] GC(2) Eden regions: 45->0(47)
[2019-08-03T12:21:42.268-0530][gc,heap       ] GC(2) Survivor regions: 6->4(7)
[2019-08-03T12:21:42.268-0530][gc,heap       ] GC(2) Old regions: 0->6
[2019-08-03T12:21:42.268-0530][gc,heap       ] GC(2) Humongous regions: 129->129
[2019-08-03T12:21:42.268-0530][gc,metaspace  ] GC(2) Metaspace: 30614K->30614K(1077248K)
[2019-08-03T12:21:42.268-0530][gc            ] GC(2) Pause Young (Normal) (G1 Evacuation Pause) 179M->138M(1024M) 6.846ms
[2019-08-03T12:21:42.268-0530][gc,cpu        ] GC(2) User=0.04s Sys=0.01s Real=0.00s
[2019-08-03T12:21:42.546-0530][gc,start      ] GC(3) Pause Young (Concurrent Start) (GCLocker Initiated GC)
[2019-08-03T12:21:42.546-0530][gc,task       ] GC(3) Using 10 workers of 10 for evacuation
[2019-08-03T12:21:42.550-0530][gc,phases     ] GC(3)   Pre Evacuate Collection Set: 0.1ms
[2019-08-03T12:21:42.550-0530][gc,phases     ] GC(3)   Evacuate Collection Set: 3.6ms
[2019-08-03T12:21:42.550-0530][gc,phases     ] GC(3)   Post Evacuate Collection Set: 0.3ms
[2019-08-03T12:21:42.550-0530][gc,phases     ] GC(3)   Other: 0.2ms
[2019-08-03T12:21:42.550-0530][gc,heap       ] GC(3) Eden regions: 21->0(46)
[2019-08-03T12:21:42.550-0530][gc,heap       ] GC(3) Survivor regions: 4->5(7)
[2019-08-03T12:21:42.550-0530][gc,heap       ] GC(3) Old regions: 6->6
[2019-08-03T12:21:42.550-0530][gc,heap       ] GC(3) Humongous regions: 129->129
[2019-08-03T12:21:42.550-0530][gc,metaspace  ] GC(3) Metaspace: 34774K->34774K(1081344K)
[2019-08-03T12:21:42.550-0530][gc            ] GC(3) Pause Young (Concurrent Start) (GCLocker Initiated GC) 158M->139M(1024M) 4.269ms
[2019-08-03T12:21:42.550-0530][gc,cpu        ] GC(3) User=0.02s Sys=0.00s Real=0.01s
[2019-08-03T12:21:42.550-0530][gc            ] GC(4) Concurrent Cycle
[2019-08-03T12:21:42.550-0530][gc,marking    ] GC(4) Concurrent Clear Claimed Marks
[2019-08-03T12:21:42.550-0530][gc,marking    ] GC(4) Concurrent Clear Claimed Marks 0.058ms
[2019-08-03T12:21:42.550-0530][gc,marking    ] GC(4) Concurrent Scan Root Regions
[2019-08-03T12:21:42.552-0530][gc,marking    ] GC(4) Concurrent Scan Root Regions 1.966ms
[2019-08-03T12:21:42.552-0530][gc,marking    ] GC(4) Concurrent Mark (2.712s)
[2019-08-03T12:21:42.552-0530][gc,marking    ] GC(4) Concurrent Mark From Roots
[2019-08-03T12:21:42.552-0530][gc,task       ] GC(4) Using 3 workers of 3 for marking
[2019-08-03T12:21:42.555-0530][gc,marking    ] GC(4) Concurrent Mark From Roots 2.865ms
[2019-08-03T12:21:42.555-0530][gc,marking    ] GC(4) Concurrent Preclean
[2019-08-03T12:21:42.555-0530][gc,marking    ] GC(4) Concurrent Preclean 0.053ms
[2019-08-03T12:21:42.555-0530][gc,marking    ] GC(4) Concurrent Mark (2.712s, 2.715s) 2.967ms
[2019-08-03T12:21:42.555-0530][gc,start      ] GC(4) Pause Remark
[2019-08-03T12:21:42.557-0530][gc,stringtable] GC(4) Cleaned string and symbol table, strings: 13167 processed, 7 removed, symbols: 101051 processed, 29 removed
[2019-08-03T12:21:42.558-0530][gc            ] GC(4) Pause Remark 140M->140M(1024M) 2.171ms
[2019-08-03T12:21:42.558-0530][gc,cpu        ] GC(4) User=0.01s Sys=0.00s Real=0.00s
[2019-08-03T12:21:42.558-0530][gc,marking    ] GC(4) Concurrent Rebuild Remembered Sets
[2019-08-03T12:21:42.560-0530][gc,marking    ] GC(4) Concurrent Rebuild Remembered Sets 2.112ms
[2019-08-03T12:21:42.560-0530][gc,start      ] GC(4) Pause Cleanup
[2019-08-03T12:21:42.560-0530][gc            ] GC(4) Pause Cleanup 141M->141M(1024M) 0.134ms
[2019-08-03T12:21:42.560-0530][gc,cpu        ] GC(4) User=0.01s Sys=0.00s Real=0.00s
[2019-08-03T12:21:42.560-0530][gc,marking    ] GC(4) Concurrent Cleanup for Next Mark
[2019-08-03T12:21:42.567-0530][gc,marking    ] GC(4) Concurrent Cleanup for Next Mark 6.328ms
[2019-08-03T12:21:42.567-0530][gc            ] GC(4) Concurrent Cycle 16.328ms
[2019-08-03T12:23:22.293-0530][gc,start      ] GC(5) Pause Young (Normal) (G1 Evacuation Pause)
[2019-08-03T12:23:22.293-0530][gc,task       ] GC(5) Using 10 workers of 10 for evacuation
[2019-08-03T12:23:22.298-0530][gc,phases     ] GC(5)   Pre Evacuate Collection Set: 0.0ms
[2019-08-03T12:23:22.298-0530][gc,phases     ] GC(5)   Evacuate Collection Set: 3.8ms
[2019-08-03T12:23:22.298-0530][gc,phases     ] GC(5)   Post Evacuate Collection Set: 0.6ms
[2019-08-03T12:23:22.298-0530][gc,phases     ] GC(5)   Other: 0.6ms
[2019-08-03T12:23:22.298-0530][gc,heap       ] GC(5) Eden regions: 46->0(46)
[2019-08-03T12:23:22.298-0530][gc,heap       ] GC(5) Survivor regions: 5->5(7)
[2019-08-03T12:23:22.298-0530][gc,heap       ] GC(5) Old regions: 6->9
[2019-08-03T12:23:22.298-0530][gc,heap       ] GC(5) Humongous regions: 129->129
[2019-08-03T12:23:22.298-0530][gc,metaspace  ] GC(5) Metaspace: 41357K->41357K(1087488K)
[2019-08-03T12:23:22.298-0530][gc            ] GC(5) Pause Young (Normal) (G1 Evacuation Pause) 185M->142M(1024M) 5.033ms
[2019-08-03T12:23:22.298-0530][gc,cpu        ] GC(5) User=0.03s Sys=0.00s Real=0.00s
[2019-08-03T12:24:52.652-0530][gc,start      ] GC(6) Pause Young (Normal) (G1 Evacuation Pause)
[2019-08-03T12:24:52.652-0530][gc,task       ] GC(6) Using 10 workers of 10 for evacuation
[2019-08-03T12:24:52.658-0530][gc,phases     ] GC(6)   Pre Evacuate Collection Set: 0.0ms
[2019-08-03T12:24:52.658-0530][gc,phases     ] GC(6)   Evacuate Collection Set: 4.8ms
[2019-08-03T12:24:52.658-0530][gc,phases     ] GC(6)   Post Evacuate Collection Set: 0.5ms
[2019-08-03T12:24:52.658-0530][gc,phases     ] GC(6)   Other: 0.3ms
[2019-08-03T12:24:52.658-0530][gc,heap       ] GC(6) Eden regions: 46->0(47)
[2019-08-03T12:24:52.658-0530][gc,heap       ] GC(6) Survivor regions: 5->4(7)
[2019-08-03T12:24:52.658-0530][gc,heap       ] GC(6) Old regions: 9->11
[2019-08-03T12:24:52.658-0530][gc,heap       ] GC(6) Humongous regions: 129->129
[2019-08-03T12:24:52.658-0530][gc,metaspace  ] GC(6) Metaspace: 41593K->41593K(1087488K)
[2019-08-03T12:24:52.658-0530][gc            ] GC(6) Pause Young (Normal) (G1 Evacuation Pause) 188M->143M(1024M) 5.792ms
[2019-08-03T12:24:52.658-0530][gc,cpu        ] GC(6) User=0.04s Sys=0.01s Real=0.00s
[2019-08-03T12:26:35.750-0530][gc,start      ] GC(7) Pause Young (Normal) (G1 Evacuation Pause)
[2019-08-03T12:26:35.750-0530][gc,task       ] GC(7) Using 10 workers of 10 for evacuation
[2019-08-03T12:26:35.753-0530][gc,phases     ] GC(7)   Pre Evacuate Collection Set: 0.0ms
[2019-08-03T12:26:35.753-0530][gc,phases     ] GC(7)   Evacuate Collection Set: 2.4ms
[2019-08-03T12:26:35.753-0530][gc,phases     ] GC(7)   Post Evacuate Collection Set: 0.3ms
[2019-08-03T12:26:35.753-0530][gc,phases     ] GC(7)   Other: 0.2ms
[2019-08-03T12:26:35.753-0530][gc,heap       ] GC(7) Eden regions: 47->0(49)
[2019-08-03T12:26:35.753-0530][gc,heap       ] GC(7) Survivor regions: 4->2(7)
[2019-08-03T12:26:35.753-0530][gc,heap       ] GC(7) Old regions: 11->13
[2019-08-03T12:26:35.753-0530][gc,heap       ] GC(7) Humongous regions: 129->129
[2019-08-03T12:26:35.753-0530][gc,metaspace  ] GC(7) Metaspace: 41748K->41748K(1087488K)
[2019-08-03T12:26:35.753-0530][gc            ] GC(7) Pause Young (Normal) (G1 Evacuation Pause) 190M->142M(1024M) 2.918ms
[2019-08-03T12:26:35.753-0530][gc,cpu        ] GC(7) User=0.02s Sys=0.00s Real=0.00s
[2019-08-03T12:28:26.643-0530][gc,start      ] GC(8) Pause Young (Normal) (G1 Evacuation Pause)
[2019-08-03T12:28:26.643-0530][gc,task       ] GC(8) Using 10 workers of 10 for evacuation
[2019-08-03T12:28:26.646-0530][gc,phases     ] GC(8)   Pre Evacuate Collection Set: 0.0ms
[2019-08-03T12:28:26.646-0530][gc,phases     ] GC(8)   Evacuate Collection Set: 2.1ms
[2019-08-03T12:28:26.646-0530][gc,phases     ] GC(8)   Post Evacuate Collection Set: 0.2ms
[2019-08-03T12:28:26.646-0530][gc,phases     ] GC(8)   Other: 1.0ms
[2019-08-03T12:28:26.646-0530][gc,heap       ] GC(8) Eden regions: 49->0(46)
[2019-08-03T12:28:26.646-0530][gc,heap       ] GC(8) Survivor regions: 2->5(7)
[2019-08-03T12:28:26.646-0530][gc,heap       ] GC(8) Old regions: 13->13
[2019-08-03T12:28:26.646-0530][gc,heap       ] GC(8) Humongous regions: 129->129
[2019-08-03T12:28:26.646-0530][gc,metaspace  ] GC(8) Metaspace: 41914K->41914K(1087488K)
[2019-08-03T12:28:26.646-0530][gc            ] GC(8) Pause Young (Normal) (G1 Evacuation Pause) 191M->145M(1024M) 3.402ms
[2019-08-03T12:28:26.646-0530][gc,cpu        ] GC(8) User=0.02s Sys=0.00s Real=0.00s
[2019-08-03T12:30:14.082-0530][gc,start      ] GC(9) Pause Young (Normal) (G1 Evacuation Pause)
[2019-08-03T12:30:14.082-0530][gc,task       ] GC(9) Using 10 workers of 10 for evacuation
[2019-08-03T12:30:14.087-0530][gc,phases     ] GC(9)   Pre Evacuate Collection Set: 0.0ms
[2019-08-03T12:30:14.087-0530][gc,phases     ] GC(9)   Evacuate Collection Set: 4.6ms
[2019-08-03T12:30:14.087-0530][gc,phases     ] GC(9)   Post Evacuate Collection Set: 0.2ms
[2019-08-03T12:30:14.087-0530][gc,phases     ] GC(9)   Other: 0.2ms
[2019-08-03T12:30:14.087-0530][gc,heap       ] GC(9) Eden regions: 46->0(49)
[2019-08-03T12:30:14.087-0530][gc,heap       ] GC(9) Survivor regions: 5->7(7)
[2019-08-03T12:30:14.087-0530][gc,heap       ] GC(9) Old regions: 13->14
[2019-08-03T12:30:14.087-0530][gc,heap       ] GC(9) Humongous regions: 129->129
[2019-08-03T12:30:14.087-0530][gc,metaspace  ] GC(9) Metaspace: 41943K->41943K(1087488K)
[2019-08-03T12:30:14.087-0530][gc            ] GC(9) Pause Young (Normal) (G1 Evacuation Pause) 191M->149M(1024M) 5.156ms
[2019-08-03T12:30:14.087-0530][gc,cpu        ] GC(9) User=0.04s Sys=0.00s Real=0.00s
[2019-08-03T12:32:07.590-0530][gc,start      ] GC(10) Pause Young (Normal) (G1 Evacuation Pause)
[2019-08-03T12:32:07.590-0530][gc,task       ] GC(10) Using 10 workers of 10 for evacuation
[2019-08-03T12:32:07.595-0530][gc,phases     ] GC(10)   Pre Evacuate Collection Set: 0.0ms
[2019-08-03T12:32:07.595-0530][gc,phases     ] GC(10)   Evacuate Collection Set: 4.3ms
[2019-08-03T12:32:07.595-0530][gc,phases     ] GC(10)   Post Evacuate Collection Set: 0.2ms
[2019-08-03T12:32:07.595-0530][gc,phases     ] GC(10)   Other: 0.2ms
[2019-08-03T12:32:07.595-0530][gc,heap       ] GC(10) Eden regions: 49->0(55)
[2019-08-03T12:32:07.595-0530][gc,heap       ] GC(10) Survivor regions: 7->4(7)
[2019-08-03T12:32:07.595-0530][gc,heap       ] GC(10) Old regions: 14->19
[2019-08-03T12:32:07.595-0530][gc,heap       ] GC(10) Humongous regions: 129->129
[2019-08-03T12:32:07.595-0530][gc,metaspace  ] GC(10) Metaspace: 41955K->41955K(1087488K)
[2019-08-03T12:32:07.595-0530][gc            ] GC(10) Pause Young (Normal) (G1 Evacuation Pause) 198M->151M(1024M) 4.780ms
[2019-08-03T12:32:07.595-0530][gc,cpu        ] GC(10) User=0.04s Sys=0.01s Real=0.00s
[2019-08-03T12:34:06.270-0530][gc,start      ] GC(11) Pause Young (Normal) (G1 Evacuation Pause)
[2019-08-03T12:34:06.270-0530][gc,task       ] GC(11) Using 10 workers of 10 for evacuation
[2019-08-03T12:34:06.275-0530][gc,phases     ] GC(11)   Pre Evacuate Collection Set: 0.0ms
[2019-08-03T12:34:06.275-0530][gc,phases     ] GC(11)   Evacuate Collection Set: 4.2ms
[2019-08-03T12:34:06.275-0530][gc,phases     ] GC(11)   Post Evacuate Collection Set: 0.3ms
[2019-08-03T12:34:06.275-0530][gc,phases     ] GC(11)   Other: 0.2ms
[2019-08-03T12:34:06.275-0530][gc,heap       ] GC(11) Eden regions: 55->0(63)
[2019-08-03T12:34:06.275-0530][gc,heap       ] GC(11) Survivor regions: 4->7(8)
[2019-08-03T12:34:06.275-0530][gc,heap       ] GC(11) Old regions: 19->19
[2019-08-03T12:34:06.275-0530][gc,heap       ] GC(11) Humongous regions: 129->129
[2019-08-03T12:34:06.275-0530][gc,metaspace  ] GC(11) Metaspace: 42636K->42636K(1087488K)
[2019-08-03T12:34:06.275-0530][gc            ] GC(11) Pause Young (Normal) (G1 Evacuation Pause) 206M->153M(1024M) 4.736ms
[2019-08-03T12:34:06.275-0530][gc,cpu        ] GC(11) User=0.04s Sys=0.01s Real=0.00s
[2019-08-03T12:36:10.293-0530][gc,start      ] GC(12) Pause Young (Normal) (G1 Evacuation Pause)
[2019-08-03T12:36:10.293-0530][gc,task       ] GC(12) Using 10 workers of 10 for evacuation
[2019-08-03T12:36:10.299-0530][gc,phases     ] GC(12)   Pre Evacuate Collection Set: 0.0ms
[2019-08-03T12:36:10.299-0530][gc,phases     ] GC(12)   Evacuate Collection Set: 5.3ms
[2019-08-03T12:36:10.299-0530][gc,phases     ] GC(12)   Post Evacuate Collection Set: 0.2ms
[2019-08-03T12:36:10.299-0530][gc,phases     ] GC(12)   Other: 0.2ms
[2019-08-03T12:36:10.299-0530][gc,heap       ] GC(12) Eden regions: 55->0(71)
[2019-08-03T12:36:10.299-0530][gc,heap       ] GC(12) Survivor regions: 7->8(8)
[2019-08-03T12:36:10.299-0530][gc,heap       ] GC(12) Old regions: 19->22
[2019-08-03T12:36:10.299-0530][gc,heap       ] GC(12) Humongous regions: 129->129
[2019-08-03T12:36:10.299-0530][gc,metaspace  ] GC(12) Metaspace: 42649K->42649K(1087488K)
[2019-08-03T12:36:10.299-0530][gc            ] GC(12) Pause Young (Normal) (G1 Evacuation Pause) 208M->158M(1024M) 5.839ms
[2019-08-03T12:36:10.299-0530][gc,cpu        ] GC(12) User=0.05s Sys=0.00s Real=0.00s
[2019-08-03T12:38:51.907-0530][gc,start      ] GC(13) Pause Young (Normal) (G1 Evacuation Pause)
[2019-08-03T12:38:51.908-0530][gc,task       ] GC(13) Using 10 workers of 10 for evacuation
[2019-08-03T12:38:51.914-0530][gc,phases     ] GC(13)   Pre Evacuate Collection Set: 0.0ms
[2019-08-03T12:38:51.914-0530][gc,phases     ] GC(13)   Evacuate Collection Set: 5.9ms
[2019-08-03T12:38:51.914-0530][gc,phases     ] GC(13)   Post Evacuate Collection Set: 0.2ms
[2019-08-03T12:38:51.914-0530][gc,phases     ] GC(13)   Other: 0.5ms
[2019-08-03T12:38:51.914-0530][gc,heap       ] GC(13) Eden regions: 71->0(117)
[2019-08-03T12:38:51.914-0530][gc,heap       ] GC(13) Survivor regions: 8->8(10)
[2019-08-03T12:38:51.914-0530][gc,heap       ] GC(13) Old regions: 22->25
[2019-08-03T12:38:51.914-0530][gc,heap       ] GC(13) Humongous regions: 129->129
[2019-08-03T12:38:51.914-0530][gc,metaspace  ] GC(13) Metaspace: 42673K->42673K(1087488K)
[2019-08-03T12:38:51.914-0530][gc            ] GC(13) Pause Young (Normal) (G1 Evacuation Pause) 229M->160M(1024M) 6.758ms
[2019-08-03T12:38:51.914-0530][gc,cpu        ] GC(13) User=0.05s Sys=0.00s Real=0.01s
[2019-08-03T12:43:22.029-0530][gc,start      ] GC(14) Pause Young (Normal) (G1 Evacuation Pause)
[2019-08-03T12:43:22.029-0530][gc,task       ] GC(14) Using 10 workers of 10 for evacuation
[2019-08-03T12:43:22.037-0530][gc,phases     ] GC(14)   Pre Evacuate Collection Set: 0.0ms
[2019-08-03T12:43:22.037-0530][gc,phases     ] GC(14)   Evacuate Collection Set: 7.7ms
[2019-08-03T12:43:22.037-0530][gc,phases     ] GC(14)   Post Evacuate Collection Set: 0.2ms
[2019-08-03T12:43:22.037-0530][gc,phases     ] GC(14)   Other: 0.2ms
[2019-08-03T12:43:22.037-0530][gc,heap       ] GC(14) Eden regions: 117->0(130)
[2019-08-03T12:43:22.037-0530][gc,heap       ] GC(14) Survivor regions: 8->15(16)
[2019-08-03T12:43:22.037-0530][gc,heap       ] GC(14) Old regions: 25->25
[2019-08-03T12:43:22.037-0530][gc,heap       ] GC(14) Humongous regions: 129->129
[2019-08-03T12:43:22.037-0530][gc,metaspace  ] GC(14) Metaspace: 42751K->42751K(1087488K)
[2019-08-03T12:43:22.037-0530][gc            ] GC(14) Pause Young (Normal) (G1 Evacuation Pause) 277M->167M(1024M) 8.224ms
[2019-08-03T12:43:22.037-0530][gc,cpu        ] GC(14) User=0.07s Sys=0.01s Real=0.01s
[2019-08-03T13:19:23.593-0530][gc,start      ] GC(15) Pause Young (Normal) (G1 Evacuation Pause)
[2019-08-03T13:19:23.593-0530][gc,task       ] GC(15) Using 10 workers of 10 for evacuation
[2019-08-03T13:19:23.604-0530][gc,phases     ] GC(15)   Pre Evacuate Collection Set: 0.0ms
[2019-08-03T13:19:23.604-0530][gc,phases     ] GC(15)   Evacuate Collection Set: 11.1ms
[2019-08-03T13:19:23.604-0530][gc,phases     ] GC(15)   Post Evacuate Collection Set: 0.4ms
[2019-08-03T13:19:23.605-0530][gc,phases     ] GC(15)   Other: 0.2ms
[2019-08-03T13:19:23.605-0530][gc,heap       ] GC(15) Eden regions: 130->0(93)
[2019-08-03T13:19:23.605-0530][gc,heap       ] GC(15) Survivor regions: 15->17(19)
[2019-08-03T13:19:23.605-0530][gc,heap       ] GC(15) Old regions: 25->32
[2019-08-03T13:19:23.605-0530][gc,heap       ] GC(15) Humongous regions: 129->129
[2019-08-03T13:19:23.605-0530][gc,metaspace  ] GC(15) Metaspace: 42804K->42804K(1087488K)
[2019-08-03T13:19:23.605-0530][gc            ] GC(15) Pause Young (Normal) (G1 Evacuation Pause) 297M->177M(1024M) 11.822ms
[2019-08-03T13:19:23.605-0530][gc,cpu        ] GC(15) User=0.09s Sys=0.01s Real=0.01s
[2019-08-03T13:22:56.413-0530][gc,start      ] GC(16) Pause Young (Normal) (G1 Evacuation Pause)
[2019-08-03T13:22:56.413-0530][gc,task       ] GC(16) Using 10 workers of 10 for evacuation
[2019-08-03T13:22:56.423-0530][gc,phases     ] GC(16)   Pre Evacuate Collection Set: 0.0ms
[2019-08-03T13:22:56.423-0530][gc,phases     ] GC(16)   Evacuate Collection Set: 10.2ms
[2019-08-03T13:22:56.423-0530][gc,phases     ] GC(16)   Post Evacuate Collection Set: 0.2ms
[2019-08-03T13:22:56.423-0530][gc,phases     ] GC(16)   Other: 0.2ms
[2019-08-03T13:22:56.423-0530][gc,heap       ] GC(16) Eden regions: 93->0(160)
[2019-08-03T13:22:56.423-0530][gc,heap       ] GC(16) Survivor regions: 17->8(14)
[2019-08-03T13:22:56.423-0530][gc,heap       ] GC(16) Old regions: 32->47
[2019-08-03T13:22:56.423-0530][gc,heap       ] GC(16) Humongous regions: 129->129
[2019-08-03T13:22:56.423-0530][gc,metaspace  ] GC(16) Metaspace: 42837K->42837K(1087488K)
[2019-08-03T13:22:56.423-0530][gc            ] GC(16) Pause Young (Normal) (G1 Evacuation Pause) 270M->183M(1024M) 10.781ms
[2019-08-03T13:22:56.423-0530][gc,cpu        ] GC(16) User=0.09s Sys=0.01s Real=0.01s
[2019-08-03T13:29:09.915-0530][gc,start      ] GC(17) Pause Young (Normal) (G1 Evacuation Pause)
[2019-08-03T13:29:09.915-0530][gc,task       ] GC(17) Using 10 workers of 10 for evacuation
[2019-08-03T13:29:09.927-0530][gc,phases     ] GC(17)   Pre Evacuate Collection Set: 0.0ms
[2019-08-03T13:29:09.927-0530][gc,phases     ] GC(17)   Evacuate Collection Set: 10.9ms
[2019-08-03T13:29:09.927-0530][gc,phases     ] GC(17)   Post Evacuate Collection Set: 0.3ms
[2019-08-03T13:29:09.927-0530][gc,phases     ] GC(17)   Other: 0.2ms
[2019-08-03T13:29:09.927-0530][gc,heap       ] GC(17) Eden regions: 160->0(117)
[2019-08-03T13:29:09.927-0530][gc,heap       ] GC(17) Survivor regions: 8->16(21)
[2019-08-03T13:29:09.927-0530][gc,heap       ] GC(17) Old regions: 47->47
[2019-08-03T13:29:09.927-0530][gc,heap       ] GC(17) Humongous regions: 129->129
[2019-08-03T13:29:09.927-0530][gc,metaspace  ] GC(17) Metaspace: 42886K->42886K(1087488K)
[2019-08-03T13:29:09.927-0530][gc            ] GC(17) Pause Young (Normal) (G1 Evacuation Pause) 343M->191M(1024M) 11.591ms
[2019-08-03T13:29:09.927-0530][gc,cpu        ] GC(17) User=0.09s Sys=0.02s Real=0.01s
[2019-08-03T13:33:40.396-0530][gc,start      ] GC(18) Pause Young (Normal) (G1 Evacuation Pause)
[2019-08-03T13:33:40.396-0530][gc,task       ] GC(18) Using 10 workers of 10 for evacuation
[2019-08-03T13:33:40.410-0530][gc,phases     ] GC(18)   Pre Evacuate Collection Set: 0.0ms
[2019-08-03T13:33:40.410-0530][gc,phases     ] GC(18)   Evacuate Collection Set: 13.5ms
[2019-08-03T13:33:40.411-0530][gc,phases     ] GC(18)   Post Evacuate Collection Set: 0.3ms
[2019-08-03T13:33:40.411-0530][gc,phases     ] GC(18)   Other: 0.4ms
[2019-08-03T13:33:40.411-0530][gc,heap       ] GC(18) Eden regions: 117->0(150)
[2019-08-03T13:33:40.411-0530][gc,heap       ] GC(18) Survivor regions: 16->9(17)
[2019-08-03T13:33:40.411-0530][gc,heap       ] GC(18) Old regions: 47->62
[2019-08-03T13:33:40.411-0530][gc,heap       ] GC(18) Humongous regions: 129->129
[2019-08-03T13:33:40.411-0530][gc,metaspace  ] GC(18) Metaspace: 42909K->42909K(1087488K)
[2019-08-03T13:33:40.411-0530][gc            ] GC(18) Pause Young (Normal) (G1 Evacuation Pause) 308M->199M(1024M) 14.231ms
[2019-08-03T13:33:40.411-0530][gc,cpu        ] GC(18) User=0.12s Sys=0.01s Real=0.02s
[2019-08-03T13:39:28.367-0530][gc,start      ] GC(19) Pause Young (Normal) (G1 Evacuation Pause)
[2019-08-03T13:39:28.367-0530][gc,task       ] GC(19) Using 10 workers of 10 for evacuation
[2019-08-03T13:39:28.378-0530][gc,phases     ] GC(19)   Pre Evacuate Collection Set: 0.0ms
[2019-08-03T13:39:28.378-0530][gc,phases     ] GC(19)   Evacuate Collection Set: 9.9ms
[2019-08-03T13:39:28.378-0530][gc,phases     ] GC(19)   Post Evacuate Collection Set: 0.3ms
[2019-08-03T13:39:28.378-0530][gc,phases     ] GC(19)   Other: 0.3ms
[2019-08-03T13:39:28.378-0530][gc,heap       ] GC(19) Eden regions: 150->0(144)
[2019-08-03T13:39:28.378-0530][gc,heap       ] GC(19) Survivor regions: 9->17(20)
[2019-08-03T13:39:28.378-0530][gc,heap       ] GC(19) Old regions: 62->62
[2019-08-03T13:39:28.378-0530][gc,heap       ] GC(19) Humongous regions: 129->129
[2019-08-03T13:39:28.378-0530][gc,metaspace  ] GC(19) Metaspace: 42963K->42963K(1087488K)
[2019-08-03T13:39:28.378-0530][gc            ] GC(19) Pause Young (Normal) (G1 Evacuation Pause) 349M->206M(1024M) 10.740ms
[2019-08-03T13:39:28.378-0530][gc,cpu        ] GC(19) User=0.10s Sys=0.00s Real=0.01s
[2019-08-03T13:45:04.255-0530][gc,start      ] GC(20) Pause Young (Normal) (G1 Evacuation Pause)
[2019-08-03T13:45:04.255-0530][gc,task       ] GC(20) Using 10 workers of 10 for evacuation
[2019-08-03T13:45:04.264-0530][gc,phases     ] GC(20)   Pre Evacuate Collection Set: 0.0ms
[2019-08-03T13:45:04.264-0530][gc,phases     ] GC(20)   Evacuate Collection Set: 8.7ms
[2019-08-03T13:45:04.264-0530][gc,phases     ] GC(20)   Post Evacuate Collection Set: 0.2ms
[2019-08-03T13:45:04.264-0530][gc,phases     ] GC(20)   Other: 0.2ms
[2019-08-03T13:45:04.264-0530][gc,heap       ] GC(20) Eden regions: 144->0(167)
[2019-08-03T13:45:04.264-0530][gc,heap       ] GC(20) Survivor regions: 17->17(21)
[2019-08-03T13:45:04.264-0530][gc,heap       ] GC(20) Old regions: 62->68
[2019-08-03T13:45:04.264-0530][gc,heap       ] GC(20) Humongous regions: 129->129
[2019-08-03T13:45:04.264-0530][gc,metaspace  ] GC(20) Metaspace: 42985K->42985K(1087488K)
[2019-08-03T13:45:04.264-0530][gc            ] GC(20) Pause Young (Normal) (G1 Evacuation Pause) 350M->214M(1024M) 9.244ms
[2019-08-03T13:45:04.264-0530][gc,cpu        ] GC(20) User=0.08s Sys=0.00s Real=0.01s
[2019-08-03T13:51:25.353-0530][gc,start      ] GC(21) Pause Young (Normal) (G1 Evacuation Pause)
[2019-08-03T13:51:25.353-0530][gc,task       ] GC(21) Using 10 workers of 10 for evacuation
[2019-08-03T13:51:25.366-0530][gc,phases     ] GC(21)   Pre Evacuate Collection Set: 0.0ms
[2019-08-03T13:51:25.366-0530][gc,phases     ] GC(21)   Evacuate Collection Set: 13.1ms
[2019-08-03T13:51:25.366-0530][gc,phases     ] GC(21)   Post Evacuate Collection Set: 0.2ms
[2019-08-03T13:51:25.366-0530][gc,phases     ] GC(21)   Other: 0.2ms
[2019-08-03T13:51:25.366-0530][gc,heap       ] GC(21) Eden regions: 167->0(168)
[2019-08-03T13:51:25.366-0530][gc,heap       ] GC(21) Survivor regions: 17->19(23)
[2019-08-03T13:51:25.366-0530][gc,heap       ] GC(21) Old regions: 68->77
[2019-08-03T13:51:25.366-0530][gc,heap       ] GC(21) Humongous regions: 129->129
[2019-08-03T13:51:25.366-0530][gc,metaspace  ] GC(21) Metaspace: 43184K->43184K(1087488K)
[2019-08-03T13:51:25.366-0530][gc            ] GC(21) Pause Young (Normal) (G1 Evacuation Pause) 381M->224M(1024M) 13.588ms
[2019-08-03T13:51:25.366-0530][gc,cpu        ] GC(21) User=0.11s Sys=0.01s Real=0.01s
[2019-08-03T13:57:43.759-0530][gc,start      ] GC(22) Pause Young (Normal) (G1 Evacuation Pause)
[2019-08-03T13:57:43.760-0530][gc,task       ] GC(22) Using 10 workers of 10 for evacuation
[2019-08-03T13:57:43.773-0530][gc,phases     ] GC(22)   Pre Evacuate Collection Set: 0.0ms
[2019-08-03T13:57:43.773-0530][gc,phases     ] GC(22)   Evacuate Collection Set: 13.1ms
[2019-08-03T13:57:43.773-0530][gc,phases     ] GC(22)   Post Evacuate Collection Set: 0.3ms
[2019-08-03T13:57:43.773-0530][gc,phases     ] GC(22)   Other: 0.4ms
[2019-08-03T13:57:43.773-0530][gc,heap       ] GC(22) Eden regions: 168->0(172)
[2019-08-03T13:57:43.773-0530][gc,heap       ] GC(22) Survivor regions: 19->17(24)
[2019-08-03T13:57:43.773-0530][gc,heap       ] GC(22) Old regions: 77->86
[2019-08-03T13:57:43.773-0530][gc,heap       ] GC(22) Humongous regions: 129->129
[2019-08-03T13:57:43.773-0530][gc,metaspace  ] GC(22) Metaspace: 43321K->43321K(1087488K)
[2019-08-03T13:57:43.773-0530][gc            ] GC(22) Pause Young (Normal) (G1 Evacuation Pause) 392M->230M(1024M) 13.919ms
[2019-08-03T13:57:43.773-0530][gc,cpu        ] GC(22) User=0.12s Sys=0.00s Real=0.02s
[2019-08-03T14:04:22.775-0530][gc,start      ] GC(23) Pause Young (Normal) (G1 Evacuation Pause)
[2019-08-03T14:04:22.777-0530][gc,task       ] GC(23) Using 10 workers of 10 for evacuation
[2019-08-03T14:04:22.788-0530][gc,phases     ] GC(23)   Pre Evacuate Collection Set: 0.0ms
[2019-08-03T14:04:22.788-0530][gc,phases     ] GC(23)   Evacuate Collection Set: 9.9ms
[2019-08-03T14:04:22.788-0530][gc,phases     ] GC(23)   Post Evacuate Collection Set: 0.3ms
[2019-08-03T14:04:22.788-0530][gc,phases     ] GC(23)   Other: 2.4ms
[2019-08-03T14:04:22.788-0530][gc,heap       ] GC(23) Eden regions: 172->0(607)
[2019-08-03T14:04:22.788-0530][gc,heap       ] GC(23) Survivor regions: 17->7(24)
[2019-08-03T14:04:22.788-0530][gc,heap       ] GC(23) Old regions: 86->96
[2019-08-03T14:04:22.788-0530][gc,heap       ] GC(23) Humongous regions: 129->129
[2019-08-03T14:04:22.788-0530][gc,metaspace  ] GC(23) Metaspace: 43328K->43328K(1087488K)
[2019-08-03T14:04:22.788-0530][gc            ] GC(23) Pause Young (Normal) (G1 Evacuation Pause) 402M->230M(1024M) 12.792ms
[2019-08-03T14:04:22.788-0530][gc,cpu        ] GC(23) User=0.09s Sys=0.01s Real=0.01s
[2019-08-03T14:28:08.540-0530][gc,start      ] GC(24) Pause Young (Normal) (G1 Evacuation Pause)
[2019-08-03T14:28:08.541-0530][gc,task       ] GC(24) Using 10 workers of 10 for evacuation
[2019-08-03T14:28:08.548-0530][gc,phases     ] GC(24)   Pre Evacuate Collection Set: 0.0ms
[2019-08-03T14:28:08.548-0530][gc,phases     ] GC(24)   Evacuate Collection Set: 6.3ms
[2019-08-03T14:28:08.548-0530][gc,phases     ] GC(24)   Post Evacuate Collection Set: 0.4ms
[2019-08-03T14:28:08.548-0530][gc,phases     ] GC(24)   Other: 1.1ms
[2019-08-03T14:28:08.548-0530][gc,heap       ] GC(24) Eden regions: 607->0(607)
[2019-08-03T14:28:08.548-0530][gc,heap       ] GC(24) Survivor regions: 7->7(77)
[2019-08-03T14:28:08.548-0530][gc,heap       ] GC(24) Old regions: 96->96
[2019-08-03T14:28:08.548-0530][gc,heap       ] GC(24) Humongous regions: 129->129
[2019-08-03T14:28:08.548-0530][gc,metaspace  ] GC(24) Metaspace: 43393K->43393K(1087488K)
[2019-08-03T14:28:08.548-0530][gc            ] GC(24) Pause Young (Normal) (G1 Evacuation Pause) 837M->230M(1024M) 7.947ms
[2019-08-03T14:28:08.548-0530][gc,cpu        ] GC(24) User=0.04s Sys=0.01s Real=0.00s
[2019-08-03T14:51:52.112-0530][gc,start      ] GC(25) Pause Young (Normal) (G1 Evacuation Pause)
[2019-08-03T14:51:52.112-0530][gc,task       ] GC(25) Using 10 workers of 10 for evacuation
[2019-08-03T14:51:52.117-0530][gc,phases     ] GC(25)   Pre Evacuate Collection Set: 0.0ms
[2019-08-03T14:51:52.117-0530][gc,phases     ] GC(25)   Evacuate Collection Set: 4.0ms
[2019-08-03T14:51:52.117-0530][gc,phases     ] GC(25)   Post Evacuate Collection Set: 0.9ms
[2019-08-03T14:51:52.117-0530][gc,phases     ] GC(25)   Other: 0.6ms
[2019-08-03T14:51:52.117-0530][gc,heap       ] GC(25) Eden regions: 607->0(607)
[2019-08-03T14:51:52.117-0530][gc,heap       ] GC(25) Survivor regions: 7->7(77)
[2019-08-03T14:51:52.117-0530][gc,heap       ] GC(25) Old regions: 96->96
[2019-08-03T14:51:52.117-0530][gc,heap       ] GC(25) Humongous regions: 129->129
[2019-08-03T14:51:52.117-0530][gc,metaspace  ] GC(25) Metaspace: 43413K->43413K(1087488K)
[2019-08-03T14:51:52.117-0530][gc            ] GC(25) Pause Young (Normal) (G1 Evacuation Pause) 837M->231M(1024M) 5.678ms
[2019-08-03T14:51:52.117-0530][gc,cpu        ] GC(25) User=0.05s Sys=0.00s Real=0.00s
[2019-08-03T15:15:25.383-0530][gc,start      ] GC(26) Pause Young (Normal) (G1 Evacuation Pause)
[2019-08-03T15:15:25.383-0530][gc,task       ] GC(26) Using 10 workers of 10 for evacuation
[2019-08-03T15:15:25.389-0530][gc,phases     ] GC(26)   Pre Evacuate Collection Set: 0.0ms
[2019-08-03T15:15:25.390-0530][gc,phases     ] GC(26)   Evacuate Collection Set: 5.5ms
[2019-08-03T15:15:25.390-0530][gc,phases     ] GC(26)   Post Evacuate Collection Set: 0.6ms
[2019-08-03T15:15:25.390-0530][gc,phases     ] GC(26)   Other: 0.3ms
[2019-08-03T15:15:25.390-0530][gc,heap       ] GC(26) Eden regions: 607->0(607)
[2019-08-03T15:15:25.390-0530][gc,heap       ] GC(26) Survivor regions: 7->7(77)
[2019-08-03T15:15:25.390-0530][gc,heap       ] GC(26) Old regions: 96->96
[2019-08-03T15:15:25.390-0530][gc,heap       ] GC(26) Humongous regions: 129->129
[2019-08-03T15:15:25.390-0530][gc,metaspace  ] GC(26) Metaspace: 43451K->43451K(1089536K)
[2019-08-03T15:15:25.390-0530][gc            ] GC(26) Pause Young (Normal) (G1 Evacuation Pause) 838M->231M(1024M) 6.609ms
[2019-08-03T15:15:25.390-0530][gc,cpu        ] GC(26) User=0.05s Sys=0.00s Real=0.01s
[2019-08-03T15:39:04.522-0530][gc,start      ] GC(27) Pause Young (Normal) (G1 Evacuation Pause)
[2019-08-03T15:39:04.522-0530][gc,task       ] GC(27) Using 10 workers of 10 for evacuation
[2019-08-03T15:39:04.528-0530][gc,phases     ] GC(27)   Pre Evacuate Collection Set: 0.0ms
[2019-08-03T15:39:04.528-0530][gc,phases     ] GC(27)   Evacuate Collection Set: 5.3ms
[2019-08-03T15:39:04.528-0530][gc,phases     ] GC(27)   Post Evacuate Collection Set: 0.4ms
[2019-08-03T15:39:04.528-0530][gc,phases     ] GC(27)   Other: 0.4ms
[2019-08-03T15:39:04.528-0530][gc,heap       ] GC(27) Eden regions: 607->0(608)
[2019-08-03T15:39:04.528-0530][gc,heap       ] GC(27) Survivor regions: 7->6(77)
[2019-08-03T15:39:04.528-0530][gc,heap       ] GC(27) Old regions: 96->96
[2019-08-03T15:39:04.528-0530][gc,heap       ] GC(27) Humongous regions: 129->129
[2019-08-03T15:39:04.528-0530][gc,metaspace  ] GC(27) Metaspace: 43467K->43467K(1089536K)
[2019-08-03T15:39:04.528-0530][gc            ] GC(27) Pause Young (Normal) (G1 Evacuation Pause) 838M->230M(1024M) 6.358ms
[2019-08-03T15:39:04.528-0530][gc,cpu        ] GC(27) User=0.05s Sys=0.00s Real=0.00s
[2019-08-03T16:02:40.226-0530][gc,start      ] GC(28) Pause Young (Normal) (G1 Evacuation Pause)
[2019-08-03T16:02:40.226-0530][gc,task       ] GC(28) Using 10 workers of 10 for evacuation
[2019-08-03T16:02:40.230-0530][gc,phases     ] GC(28)   Pre Evacuate Collection Set: 0.0ms
[2019-08-03T16:02:40.231-0530][gc,phases     ] GC(28)   Evacuate Collection Set: 3.5ms
[2019-08-03T16:02:40.231-0530][gc,phases     ] GC(28)   Post Evacuate Collection Set: 0.4ms
[2019-08-03T16:02:40.231-0530][gc,phases     ] GC(28)   Other: 0.2ms
[2019-08-03T16:02:40.231-0530][gc,heap       ] GC(28) Eden regions: 608->0(607)
[2019-08-03T16:02:40.231-0530][gc,heap       ] GC(28) Survivor regions: 6->7(77)
[2019-08-03T16:02:40.231-0530][gc,heap       ] GC(28) Old regions: 96->96
[2019-08-03T16:02:40.231-0530][gc,heap       ] GC(28) Humongous regions: 129->129
[2019-08-03T16:02:40.231-0530][gc,metaspace  ] GC(28) Metaspace: 43475K->43475K(1089536K)
[2019-08-03T16:02:40.231-0530][gc            ] GC(28) Pause Young (Normal) (G1 Evacuation Pause) 838M->230M(1024M) 4.195ms
[2019-08-03T16:02:40.231-0530][gc,cpu        ] GC(28) User=0.03s Sys=0.00s Real=0.01s
[2019-08-03T16:26:25.415-0530][gc,start      ] GC(29) Pause Young (Normal) (G1 Evacuation Pause)
[2019-08-03T16:26:25.415-0530][gc,task       ] GC(29) Using 10 workers of 10 for evacuation
[2019-08-03T16:26:25.419-0530][gc,phases     ] GC(29)   Pre Evacuate Collection Set: 0.0ms
[2019-08-03T16:26:25.419-0530][gc,phases     ] GC(29)   Evacuate Collection Set: 3.5ms
[2019-08-03T16:26:25.419-0530][gc,phases     ] GC(29)   Post Evacuate Collection Set: 0.3ms
[2019-08-03T16:26:25.419-0530][gc,phases     ] GC(29)   Other: 0.2ms
[2019-08-03T16:26:25.419-0530][gc,heap       ] GC(29) Eden regions: 607->0(607)
[2019-08-03T16:26:25.419-0530][gc,heap       ] GC(29) Survivor regions: 7->7(77)
[2019-08-03T16:26:25.419-0530][gc,heap       ] GC(29) Old regions: 96->96
[2019-08-03T16:26:25.419-0530][gc,heap       ] GC(29) Humongous regions: 129->129
[2019-08-03T16:26:25.419-0530][gc,metaspace  ] GC(29) Metaspace: 43510K->43510K(1089536K)
[2019-08-03T16:26:25.419-0530][gc            ] GC(29) Pause Young (Normal) (G1 Evacuation Pause) 837M->230M(1024M) 4.145ms
[2019-08-03T16:26:25.419-0530][gc,cpu        ] GC(29) User=0.03s Sys=0.00s Real=0.00s
[2019-08-03T16:51:07.204-0530][gc,start      ] GC(30) Pause Young (Normal) (G1 Evacuation Pause)
[2019-08-03T16:51:07.205-0530][gc,task       ] GC(30) Using 10 workers of 10 for evacuation
[2019-08-03T16:51:07.209-0530][gc,phases     ] GC(30)   Pre Evacuate Collection Set: 0.0ms
[2019-08-03T16:51:07.209-0530][gc,phases     ] GC(30)   Evacuate Collection Set: 3.7ms
[2019-08-03T16:51:07.209-0530][gc,phases     ] GC(30)   Post Evacuate Collection Set: 0.3ms
[2019-08-03T16:51:07.209-0530][gc,phases     ] GC(30)   Other: 1.0ms
[2019-08-03T16:51:07.209-0530][gc,heap       ] GC(30) Eden regions: 607->0(608)
[2019-08-03T16:51:07.210-0530][gc,heap       ] GC(30) Survivor regions: 7->6(77)
[2019-08-03T16:51:07.210-0530][gc,heap       ] GC(30) Old regions: 96->96
[2019-08-03T16:51:07.210-0530][gc,heap       ] GC(30) Humongous regions: 129->129
[2019-08-03T16:51:07.210-0530][gc,metaspace  ] GC(30) Metaspace: 43533K->43533K(1089536K)
[2019-08-03T16:51:07.210-0530][gc            ] GC(30) Pause Young (Normal) (G1 Evacuation Pause) 837M->230M(1024M) 5.479ms
[2019-08-03T16:51:07.210-0530][gc,cpu        ] GC(30) User=0.03s Sys=0.01s Real=0.01s
[2019-08-03T17:14:41.174-0530][gc,start      ] GC(31) Pause Young (Normal) (G1 Evacuation Pause)
[2019-08-03T17:14:41.175-0530][gc,task       ] GC(31) Using 10 workers of 10 for evacuation
[2019-08-03T17:14:41.182-0530][gc,phases     ] GC(31)   Pre Evacuate Collection Set: 0.0ms
[2019-08-03T17:14:41.182-0530][gc,phases     ] GC(31)   Evacuate Collection Set: 6.1ms
[2019-08-03T17:14:41.182-0530][gc,phases     ] GC(31)   Post Evacuate Collection Set: 0.4ms
[2019-08-03T17:14:41.182-0530][gc,phases     ] GC(31)   Other: 1.4ms
[2019-08-03T17:14:41.182-0530][gc,heap       ] GC(31) Eden regions: 608->0(608)
[2019-08-03T17:14:41.182-0530][gc,heap       ] GC(31) Survivor regions: 6->6(77)
[2019-08-03T17:14:41.182-0530][gc,heap       ] GC(31) Old regions: 96->96
[2019-08-03T17:14:41.182-0530][gc,heap       ] GC(31) Humongous regions: 129->129
[2019-08-03T17:14:41.182-0530][gc,metaspace  ] GC(31) Metaspace: 43574K->43574K(1089536K)
[2019-08-03T17:14:41.182-0530][gc            ] GC(31) Pause Young (Normal) (G1 Evacuation Pause) 838M->230M(1024M) 8.045ms
[2019-08-03T17:14:41.182-0530][gc,cpu        ] GC(31) User=0.06s Sys=0.00s Real=0.01s
[2019-08-03T17:38:29.808-0530][gc,start      ] GC(32) Pause Young (Normal) (G1 Evacuation Pause)
[2019-08-03T17:38:29.809-0530][gc,task       ] GC(32) Using 10 workers of 10 for evacuation
[2019-08-03T17:38:29.817-0530][gc,phases     ] GC(32)   Pre Evacuate Collection Set: 0.0ms
[2019-08-03T17:38:29.817-0530][gc,phases     ] GC(32)   Evacuate Collection Set: 6.5ms
[2019-08-03T17:38:29.817-0530][gc,phases     ] GC(32)   Post Evacuate Collection Set: 0.5ms
[2019-08-03T17:38:29.817-0530][gc,phases     ] GC(32)   Other: 1.4ms
[2019-08-03T17:38:29.817-0530][gc,heap       ] GC(32) Eden regions: 608->0(607)
[2019-08-03T17:38:29.817-0530][gc,heap       ] GC(32) Survivor regions: 6->7(77)
[2019-08-03T17:38:29.817-0530][gc,heap       ] GC(32) Old regions: 96->96
[2019-08-03T17:38:29.817-0530][gc,heap       ] GC(32) Humongous regions: 129->129
[2019-08-03T17:38:29.817-0530][gc,metaspace  ] GC(32) Metaspace: 43602K->43602K(1089536K)
[2019-08-03T17:38:29.817-0530][gc            ] GC(32) Pause Young (Normal) (G1 Evacuation Pause) 838M->230M(1024M) 8.620ms
[2019-08-03T17:38:29.817-0530][gc,cpu        ] GC(32) User=0.07s Sys=0.01s Real=0.01s
