[2019-08-03T12:21:19.226-0530][gc,heap] Heap region size: 1M
[2019-08-03T12:21:19.230-0530][gc     ] Using G1
[2019-08-03T12:21:19.230-0530][gc,heap,coops] Heap address: 0x00000007e0000000, size: 512 MB, Compressed Oops mode: Zero based, Oop shift amount: 3
[2019-08-03T12:39:54.531-0530][gc,start     ] GC(0) Pause Young (Normal) (G1 Evacuation Pause)
[2019-08-03T12:39:54.532-0530][gc,task      ] GC(0) Using 10 workers of 10 for evacuation
[2019-08-03T12:39:54.536-0530][gc,phases    ] GC(0)   Pre Evacuate Collection Set: 0.0ms
[2019-08-03T12:39:54.536-0530][gc,phases    ] GC(0)   Evacuate Collection Set: 3.9ms
[2019-08-03T12:39:54.536-0530][gc,phases    ] GC(0)   Post Evacuate Collection Set: 0.3ms
[2019-08-03T12:39:54.536-0530][gc,phases    ] GC(0)   Other: 1.6ms
[2019-08-03T12:39:54.536-0530][gc,heap      ] GC(0) Eden regions: 25->0(21)
[2019-08-03T12:39:54.536-0530][gc,heap      ] GC(0) Survivor regions: 0->4(4)
[2019-08-03T12:39:54.536-0530][gc,heap      ] GC(0) Old regions: 0->2
[2019-08-03T12:39:54.536-0530][gc,heap      ] GC(0) Humongous regions: 0->0
[2019-08-03T12:39:54.536-0530][gc,metaspace ] GC(0) Metaspace: 15185K->15185K(1062912K)
[2019-08-03T12:39:54.536-0530][gc           ] GC(0) Pause Young (Normal) (G1 Evacuation Pause) 25M->5M(512M) 5.911ms
[2019-08-03T12:39:54.537-0530][gc,cpu       ] GC(0) User=0.03s Sys=0.01s Real=0.00s
[2019-08-03T14:11:45.631-0530][gc,start     ] GC(1) Pause Young (Normal) (G1 Evacuation Pause)
[2019-08-03T14:11:45.631-0530][gc,task      ] GC(1) Using 10 workers of 10 for evacuation
[2019-08-03T14:11:45.636-0530][gc,phases    ] GC(1)   Pre Evacuate Collection Set: 0.0ms
[2019-08-03T14:11:45.636-0530][gc,phases    ] GC(1)   Evacuate Collection Set: 4.5ms
[2019-08-03T14:11:45.636-0530][gc,phases    ] GC(1)   Post Evacuate Collection Set: 0.2ms
[2019-08-03T14:11:45.636-0530][gc,phases    ] GC(1)   Other: 0.9ms
[2019-08-03T14:11:45.636-0530][gc,heap      ] GC(1) Eden regions: 21->0(24)
[2019-08-03T14:11:45.636-0530][gc,heap      ] GC(1) Survivor regions: 4->1(4)
[2019-08-03T14:11:45.636-0530][gc,heap      ] GC(1) Old regions: 2->6
[2019-08-03T14:11:45.636-0530][gc,heap      ] GC(1) Humongous regions: 0->0
[2019-08-03T14:11:45.636-0530][gc,metaspace ] GC(1) Metaspace: 15283K->15283K(1062912K)
[2019-08-03T14:11:45.636-0530][gc           ] GC(1) Pause Young (Normal) (G1 Evacuation Pause) 26M->5M(512M) 5.809ms
[2019-08-03T14:11:45.636-0530][gc,cpu       ] GC(1) User=0.03s Sys=0.01s Real=0.00s
[2019-08-03T15:00:56.339-0530][gc,start     ] GC(2) Pause Young (Normal) (G1 Evacuation Pause)
[2019-08-03T15:00:56.340-0530][gc,task      ] GC(2) Using 10 workers of 10 for evacuation
[2019-08-03T15:00:56.342-0530][gc,phases    ] GC(2)   Pre Evacuate Collection Set: 0.1ms
[2019-08-03T15:00:56.342-0530][gc,phases    ] GC(2)   Evacuate Collection Set: 0.8ms
[2019-08-03T15:00:56.342-0530][gc,phases    ] GC(2)   Post Evacuate Collection Set: 0.2ms
[2019-08-03T15:00:56.342-0530][gc,phases    ] GC(2)   Other: 2.1ms
[2019-08-03T15:00:56.342-0530][gc,heap      ] GC(2) Eden regions: 24->0(24)
[2019-08-03T15:00:56.342-0530][gc,heap      ] GC(2) Survivor regions: 1->1(4)
[2019-08-03T15:00:56.342-0530][gc,heap      ] GC(2) Old regions: 6->6
[2019-08-03T15:00:56.342-0530][gc,heap      ] GC(2) Humongous regions: 0->0
[2019-08-03T15:00:56.342-0530][gc,metaspace ] GC(2) Metaspace: 15284K->15284K(1062912K)
[2019-08-03T15:00:56.342-0530][gc           ] GC(2) Pause Young (Normal) (G1 Evacuation Pause) 29M->5M(512M) 3.244ms
[2019-08-03T15:00:56.342-0530][gc,cpu       ] GC(2) User=0.00s Sys=0.00s Real=0.01s
[2019-08-03T15:52:37.374-0530][gc,start     ] GC(3) Pause Young (Normal) (G1 Evacuation Pause)
[2019-08-03T15:52:37.375-0530][gc,task      ] GC(3) Using 10 workers of 10 for evacuation
[2019-08-03T15:52:37.376-0530][gc,phases    ] GC(3)   Pre Evacuate Collection Set: 0.0ms
[2019-08-03T15:52:37.376-0530][gc,phases    ] GC(3)   Evacuate Collection Set: 0.8ms
[2019-08-03T15:52:37.376-0530][gc,phases    ] GC(3)   Post Evacuate Collection Set: 0.1ms
[2019-08-03T15:52:37.376-0530][gc,phases    ] GC(3)   Other: 0.1ms
[2019-08-03T15:52:37.376-0530][gc,heap      ] GC(3) Eden regions: 24->0(24)
[2019-08-03T15:52:37.376-0530][gc,heap      ] GC(3) Survivor regions: 1->1(4)
[2019-08-03T15:52:37.376-0530][gc,heap      ] GC(3) Old regions: 6->6
[2019-08-03T15:52:37.376-0530][gc,heap      ] GC(3) Humongous regions: 0->0
[2019-08-03T15:52:37.376-0530][gc,metaspace ] GC(3) Metaspace: 15286K->15286K(1062912K)
[2019-08-03T15:52:37.376-0530][gc           ] GC(3) Pause Young (Normal) (G1 Evacuation Pause) 29M->5M(512M) 1.164ms
[2019-08-03T15:52:37.376-0530][gc,cpu       ] GC(3) User=0.00s Sys=0.00s Real=0.00s
[2019-08-03T16:42:50.944-0530][gc,start     ] GC(4) Pause Young (Normal) (G1 Evacuation Pause)
[2019-08-03T16:42:50.945-0530][gc,task      ] GC(4) Using 10 workers of 10 for evacuation
[2019-08-03T16:42:50.946-0530][gc,phases    ] GC(4)   Pre Evacuate Collection Set: 0.0ms
[2019-08-03T16:42:50.946-0530][gc,phases    ] GC(4)   Evacuate Collection Set: 0.9ms
[2019-08-03T16:42:50.946-0530][gc,phases    ] GC(4)   Post Evacuate Collection Set: 0.1ms
[2019-08-03T16:42:50.946-0530][gc,phases    ] GC(4)   Other: 0.9ms
[2019-08-03T16:42:50.946-0530][gc,heap      ] GC(4) Eden regions: 24->0(30)
[2019-08-03T16:42:50.946-0530][gc,heap      ] GC(4) Survivor regions: 1->1(4)
[2019-08-03T16:42:50.946-0530][gc,heap      ] GC(4) Old regions: 6->6
[2019-08-03T16:42:50.946-0530][gc,heap      ] GC(4) Humongous regions: 0->0
[2019-08-03T16:42:50.946-0530][gc,metaspace ] GC(4) Metaspace: 15286K->15286K(1062912K)
[2019-08-03T16:42:50.946-0530][gc           ] GC(4) Pause Young (Normal) (G1 Evacuation Pause) 29M->5M(512M) 2.040ms
[2019-08-03T16:42:50.946-0530][gc,cpu       ] GC(4) User=0.00s Sys=0.00s Real=0.00s
[2019-08-03T17:47:32.132-0530][gc,start     ] GC(5) Pause Young (Normal) (G1 Evacuation Pause)
[2019-08-03T17:47:32.133-0530][gc,task      ] GC(5) Using 10 workers of 10 for evacuation
[2019-08-03T17:47:32.134-0530][gc,phases    ] GC(5)   Pre Evacuate Collection Set: 0.0ms
[2019-08-03T17:47:32.135-0530][gc,phases    ] GC(5)   Evacuate Collection Set: 1.5ms
[2019-08-03T17:47:32.135-0530][gc,phases    ] GC(5)   Post Evacuate Collection Set: 0.2ms
[2019-08-03T17:47:32.135-0530][gc,phases    ] GC(5)   Other: 1.3ms
[2019-08-03T17:47:32.135-0530][gc,heap      ] GC(5) Eden regions: 30->0(84)
[2019-08-03T17:47:32.135-0530][gc,heap      ] GC(5) Survivor regions: 1->1(4)
[2019-08-03T17:47:32.135-0530][gc,heap      ] GC(5) Old regions: 6->6
[2019-08-03T17:47:32.135-0530][gc,heap      ] GC(5) Humongous regions: 0->0
[2019-08-03T17:47:32.135-0530][gc,metaspace ] GC(5) Metaspace: 15302K->15302K(1062912K)
[2019-08-03T17:47:32.135-0530][gc           ] GC(5) Pause Young (Normal) (G1 Evacuation Pause) 35M->5M(512M) 3.217ms
[2019-08-03T17:47:32.135-0530][gc,cpu       ] GC(5) User=0.01s Sys=0.00s Real=0.00s
[2019-08-03T17:59:49.779-0530][gc,heap,exit ] Heap
[2019-08-03T17:59:49.779-0530][gc,heap,exit ]  garbage-first heap   total 524288K, used 12842K [0x00000007e0000000, 0x0000000800000000)
[2019-08-03T17:59:49.779-0530][gc,heap,exit ]   region size 1024K, 9 young (9216K), 1 survivors (1024K)
[2019-08-03T17:59:49.779-0530][gc,heap,exit ]  Metaspace       used 15313K, capacity 15673K, committed 15872K, reserved 1062912K
[2019-08-03T17:59:49.779-0530][gc,heap,exit ]   class space    used 1521K, capacity 1668K, committed 1792K, reserved 1048576K
