[2019-07-16T20:17:57.726-0530][gc,heap] Heap region size: 1M
[2019-07-16T20:17:57.730-0530][gc     ] Using G1
[2019-07-16T20:17:57.730-0530][gc,heap,coops] Heap address: 0x00000007e0000000, size: 512 MB, Compressed Oops mode: Zero based, Oop shift amount: 3
[2019-07-16T22:54:23.622-0530][gc,start     ] GC(0) Pause Young (Normal) (G1 Evacuation Pause)
[2019-07-16T22:54:23.623-0530][gc,task      ] GC(0) Using 10 workers of 10 for evacuation
[2019-07-16T22:54:23.628-0530][gc,phases    ] GC(0)   Pre Evacuate Collection Set: 0.0ms
[2019-07-16T22:54:23.628-0530][gc,phases    ] GC(0)   Evacuate Collection Set: 4.4ms
[2019-07-16T22:54:23.628-0530][gc,phases    ] GC(0)   Post Evacuate Collection Set: 0.3ms
[2019-07-16T22:54:23.628-0530][gc,phases    ] GC(0)   Other: 1.2ms
[2019-07-16T22:54:23.628-0530][gc,heap      ] GC(0) Eden regions: 25->0(21)
[2019-07-16T22:54:23.628-0530][gc,heap      ] GC(0) Survivor regions: 0->4(4)
[2019-07-16T22:54:23.628-0530][gc,heap      ] GC(0) Old regions: 0->2
[2019-07-16T22:54:23.628-0530][gc,heap      ] GC(0) Humongous regions: 0->0
[2019-07-16T22:54:23.628-0530][gc,metaspace ] GC(0) Metaspace: 15242K->15242K(1062912K)
[2019-07-16T22:54:23.628-0530][gc           ] GC(0) Pause Young (Normal) (G1 Evacuation Pause) 25M->5M(512M) 6.123ms
[2019-07-16T22:54:23.628-0530][gc,cpu       ] GC(0) User=0.03s Sys=0.01s Real=0.00s
[2019-07-16T23:07:18.042-0530][gc,heap,exit ] Heap
[2019-07-16T23:07:18.043-0530][gc,heap,exit ]  garbage-first heap   total 524288K, used 10490K [0x00000007e0000000, 0x0000000800000000)
[2019-07-16T23:07:18.043-0530][gc,heap,exit ]   region size 1024K, 10 young (10240K), 4 survivors (4096K)
[2019-07-16T23:07:18.043-0530][gc,heap,exit ]  Metaspace       used 15285K, capacity 15609K, committed 15872K, reserved 1062912K
[2019-07-16T23:07:18.043-0530][gc,heap,exit ]   class space    used 1520K, capacity 1668K, committed 1792K, reserved 1048576K
