[2019-08-03T21:27:01.057-0530][gc,heap] Heap region size: 1M
[2019-08-03T21:27:01.061-0530][gc     ] Using G1
[2019-08-03T21:27:01.061-0530][gc,heap,coops] Heap address: 0x00000007e0000000, size: 512 MB, Compressed Oops mode: Zero based, Oop shift amount: 3
[2019-08-03T21:54:47.866-0530][gc,start     ] GC(0) Pause Young (Normal) (G1 Evacuation Pause)
[2019-08-03T21:54:47.867-0530][gc,task      ] GC(0) Using 10 workers of 10 for evacuation
[2019-08-03T21:54:47.873-0530][gc,phases    ] GC(0)   Pre Evacuate Collection Set: 0.1ms
[2019-08-03T21:54:47.873-0530][gc,phases    ] GC(0)   Evacuate Collection Set: 5.7ms
[2019-08-03T21:54:47.873-0530][gc,phases    ] GC(0)   Post Evacuate Collection Set: 0.4ms
[2019-08-03T21:54:47.873-0530][gc,phases    ] GC(0)   Other: 0.9ms
[2019-08-03T21:54:47.873-0530][gc,heap      ] GC(0) Eden regions: 25->0(21)
[2019-08-03T21:54:47.873-0530][gc,heap      ] GC(0) Survivor regions: 0->4(4)
[2019-08-03T21:54:47.873-0530][gc,heap      ] GC(0) Old regions: 0->2
[2019-08-03T21:54:47.873-0530][gc,heap      ] GC(0) Humongous regions: 0->0
[2019-08-03T21:54:47.873-0530][gc,metaspace ] GC(0) Metaspace: 15159K->15159K(1062912K)
[2019-08-03T21:54:47.873-0530][gc           ] GC(0) Pause Young (Normal) (G1 Evacuation Pause) 25M->5M(512M) 7.138ms
[2019-08-03T21:54:47.873-0530][gc,cpu       ] GC(0) User=0.05s Sys=0.02s Real=0.01s
[2019-08-04T09:15:37.501-0530][gc,start     ] GC(1) Pause Young (Normal) (G1 Evacuation Pause)
[2019-08-04T09:15:37.501-0530][gc,task      ] GC(1) Using 10 workers of 10 for evacuation
[2019-08-04T09:15:37.510-0530][gc,phases    ] GC(1)   Pre Evacuate Collection Set: 0.0ms
[2019-08-04T09:15:37.510-0530][gc,phases    ] GC(1)   Evacuate Collection Set: 8.2ms
[2019-08-04T09:15:37.510-0530][gc,phases    ] GC(1)   Post Evacuate Collection Set: 0.3ms
[2019-08-04T09:15:37.510-0530][gc,phases    ] GC(1)   Other: 0.7ms
[2019-08-04T09:15:37.510-0530][gc,heap      ] GC(1) Eden regions: 21->0(24)
[2019-08-04T09:15:37.510-0530][gc,heap      ] GC(1) Survivor regions: 4->1(4)
[2019-08-04T09:15:37.510-0530][gc,heap      ] GC(1) Old regions: 2->6
[2019-08-04T09:15:37.510-0530][gc,heap      ] GC(1) Humongous regions: 0->0
[2019-08-04T09:15:37.510-0530][gc,metaspace ] GC(1) Metaspace: 15182K->15182K(1062912K)
[2019-08-04T09:15:37.510-0530][gc           ] GC(1) Pause Young (Normal) (G1 Evacuation Pause) 26M->5M(512M) 9.380ms
[2019-08-04T09:15:37.510-0530][gc,cpu       ] GC(1) User=0.03s Sys=0.04s Real=0.01s
[2019-08-04T12:37:32.668-0530][gc,start     ] GC(2) Pause Young (Normal) (G1 Evacuation Pause)
[2019-08-04T12:37:32.669-0530][gc,task      ] GC(2) Using 10 workers of 10 for evacuation
[2019-08-04T12:37:32.670-0530][gc,phases    ] GC(2)   Pre Evacuate Collection Set: 0.0ms
[2019-08-04T12:37:32.671-0530][gc,phases    ] GC(2)   Evacuate Collection Set: 1.0ms
[2019-08-04T12:37:32.671-0530][gc,phases    ] GC(2)   Post Evacuate Collection Set: 0.2ms
[2019-08-04T12:37:32.671-0530][gc,phases    ] GC(2)   Other: 1.5ms
[2019-08-04T12:37:32.671-0530][gc,heap      ] GC(2) Eden regions: 24->0(24)
[2019-08-04T12:37:32.671-0530][gc,heap      ] GC(2) Survivor regions: 1->1(4)
[2019-08-04T12:37:32.671-0530][gc,heap      ] GC(2) Old regions: 6->6
[2019-08-04T12:37:32.671-0530][gc,heap      ] GC(2) Humongous regions: 0->0
[2019-08-04T12:37:32.671-0530][gc,metaspace ] GC(2) Metaspace: 15292K->15292K(1062912K)
[2019-08-04T12:37:32.671-0530][gc           ] GC(2) Pause Young (Normal) (G1 Evacuation Pause) 29M->5M(512M) 2.978ms
[2019-08-04T12:37:32.671-0530][gc,cpu       ] GC(2) User=0.01s Sys=0.00s Real=0.01s
[2019-08-04T14:57:18.073-0530][gc,start     ] GC(3) Pause Young (Normal) (G1 Evacuation Pause)
[2019-08-04T14:57:18.074-0530][gc,task      ] GC(3) Using 10 workers of 10 for evacuation
[2019-08-04T14:57:18.075-0530][gc,phases    ] GC(3)   Pre Evacuate Collection Set: 0.0ms
[2019-08-04T14:57:18.075-0530][gc,phases    ] GC(3)   Evacuate Collection Set: 1.0ms
[2019-08-04T14:57:18.075-0530][gc,phases    ] GC(3)   Post Evacuate Collection Set: 0.1ms
[2019-08-04T14:57:18.075-0530][gc,phases    ] GC(3)   Other: 1.2ms
[2019-08-04T14:57:18.075-0530][gc,heap      ] GC(3) Eden regions: 24->0(24)
[2019-08-04T14:57:18.075-0530][gc,heap      ] GC(3) Survivor regions: 1->1(4)
[2019-08-04T14:57:18.075-0530][gc,heap      ] GC(3) Old regions: 6->6
[2019-08-04T14:57:18.075-0530][gc,heap      ] GC(3) Humongous regions: 0->0
[2019-08-04T14:57:18.075-0530][gc,metaspace ] GC(3) Metaspace: 15307K->15307K(1062912K)
[2019-08-04T14:57:18.075-0530][gc           ] GC(3) Pause Young (Normal) (G1 Evacuation Pause) 29M->5M(512M) 2.337ms
[2019-08-04T14:57:18.075-0530][gc,cpu       ] GC(3) User=0.01s Sys=0.00s Real=0.00s
[2019-08-04T16:09:14.742-0530][gc,start     ] GC(4) Pause Young (Normal) (G1 Evacuation Pause)
[2019-08-04T16:09:14.745-0530][gc,task      ] GC(4) Using 10 workers of 10 for evacuation
[2019-08-04T16:09:14.748-0530][gc,phases    ] GC(4)   Pre Evacuate Collection Set: 0.8ms
[2019-08-04T16:09:14.748-0530][gc,phases    ] GC(4)   Evacuate Collection Set: 1.4ms
[2019-08-04T16:09:14.748-0530][gc,phases    ] GC(4)   Post Evacuate Collection Set: 0.2ms
[2019-08-04T16:09:14.748-0530][gc,phases    ] GC(4)   Other: 3.5ms
[2019-08-04T16:09:14.748-0530][gc,heap      ] GC(4) Eden regions: 24->0(28)
[2019-08-04T16:09:14.748-0530][gc,heap      ] GC(4) Survivor regions: 1->1(4)
[2019-08-04T16:09:14.748-0530][gc,heap      ] GC(4) Old regions: 6->6
[2019-08-04T16:09:14.748-0530][gc,heap      ] GC(4) Humongous regions: 0->0
[2019-08-04T16:09:14.748-0530][gc,metaspace ] GC(4) Metaspace: 15307K->15307K(1062912K)
[2019-08-04T16:09:14.748-0530][gc           ] GC(4) Pause Young (Normal) (G1 Evacuation Pause) 29M->5M(512M) 5.881ms
[2019-08-04T16:09:14.748-0530][gc,cpu       ] GC(4) User=0.01s Sys=0.01s Real=0.00s
[2019-08-04T17:41:12.871-0530][gc,start     ] GC(5) Pause Young (Normal) (G1 Evacuation Pause)
[2019-08-04T17:41:12.872-0530][gc,task      ] GC(5) Using 10 workers of 10 for evacuation
[2019-08-04T17:41:12.872-0530][gc,phases    ] GC(5)   Pre Evacuate Collection Set: 0.0ms
[2019-08-04T17:41:12.872-0530][gc,phases    ] GC(5)   Evacuate Collection Set: 0.4ms
[2019-08-04T17:41:12.873-0530][gc,phases    ] GC(5)   Post Evacuate Collection Set: 0.1ms
[2019-08-04T17:41:12.873-0530][gc,phases    ] GC(5)   Other: 0.9ms
[2019-08-04T17:41:12.873-0530][gc,heap      ] GC(5) Eden regions: 28->0(64)
[2019-08-04T17:41:12.873-0530][gc,heap      ] GC(5) Survivor regions: 1->1(4)
[2019-08-04T17:41:12.873-0530][gc,heap      ] GC(5) Old regions: 6->6
[2019-08-04T17:41:12.873-0530][gc,heap      ] GC(5) Humongous regions: 0->0
[2019-08-04T17:41:12.873-0530][gc,metaspace ] GC(5) Metaspace: 15307K->15307K(1062912K)
[2019-08-04T17:41:12.873-0530][gc           ] GC(5) Pause Young (Normal) (G1 Evacuation Pause) 33M->5M(512M) 1.471ms
[2019-08-04T17:41:12.873-0530][gc,cpu       ] GC(5) User=0.00s Sys=0.00s Real=0.00s
[2019-08-04T23:15:55.857-0530][gc,heap,exit ] Heap
[2019-08-04T23:15:55.857-0530][gc,heap,exit ]  garbage-first heap   total 524288K, used 69101K [0x00000007e0000000, 0x0000000800000000)
[2019-08-04T23:15:55.857-0530][gc,heap,exit ]   region size 1024K, 64 young (65536K), 1 survivors (1024K)
[2019-08-04T23:15:55.857-0530][gc,heap,exit ]  Metaspace       used 15327K, capacity 15673K, committed 16128K, reserved 1062912K
[2019-08-04T23:15:55.857-0530][gc,heap,exit ]   class space    used 1522K, capacity 1668K, committed 1792K, reserved 1048576K
