[2019-08-03T18:05:05.773-0530][gc,heap] Heap region size: 1M
[2019-08-03T18:05:05.778-0530][gc     ] Using G1
[2019-08-03T18:05:05.778-0530][gc,heap,coops] Heap address: 0x00000007e0000000, size: 512 MB, Compressed Oops mode: Zero based, Oop shift amount: 3
[2019-08-03T18:30:22.350-0530][gc,start     ] GC(0) Pause Young (Normal) (G1 Evacuation Pause)
[2019-08-03T18:30:22.352-0530][gc,task      ] GC(0) Using 10 workers of 10 for evacuation
[2019-08-03T18:30:22.359-0530][gc,phases    ] GC(0)   Pre Evacuate Collection Set: 0.0ms
[2019-08-03T18:30:22.359-0530][gc,phases    ] GC(0)   Evacuate Collection Set: 6.4ms
[2019-08-03T18:30:22.359-0530][gc,phases    ] GC(0)   Post Evacuate Collection Set: 0.4ms
[2019-08-03T18:30:22.359-0530][gc,phases    ] GC(0)   Other: 2.3ms
[2019-08-03T18:30:22.359-0530][gc,heap      ] GC(0) Eden regions: 25->0(21)
[2019-08-03T18:30:22.359-0530][gc,heap      ] GC(0) Survivor regions: 0->4(4)
[2019-08-03T18:30:22.359-0530][gc,heap      ] GC(0) Old regions: 0->2
[2019-08-03T18:30:22.359-0530][gc,heap      ] GC(0) Humongous regions: 0->0
[2019-08-03T18:30:22.359-0530][gc,metaspace ] GC(0) Metaspace: 15184K->15184K(1062912K)
[2019-08-03T18:30:22.359-0530][gc           ] GC(0) Pause Young (Normal) (G1 Evacuation Pause) 25M->5M(512M) 9.240ms
[2019-08-03T18:30:22.359-0530][gc,cpu       ] GC(0) User=0.05s Sys=0.02s Real=0.00s
[2019-08-03T19:00:52.877-0530][gc,heap,exit ] Heap
[2019-08-03T19:00:52.877-0530][gc,heap,exit ]  garbage-first heap   total 524288K, used 14441K [0x00000007e0000000, 0x0000000800000000)
[2019-08-03T19:00:52.877-0530][gc,heap,exit ]   region size 1024K, 14 young (14336K), 4 survivors (4096K)
[2019-08-03T19:00:52.877-0530][gc,heap,exit ]  Metaspace       used 15306K, capacity 15673K, committed 16128K, reserved 1062912K
[2019-08-03T19:00:52.877-0530][gc,heap,exit ]   class space    used 1521K, capacity 1668K, committed 1792K, reserved 1048576K
