[2019-07-16T20:08:24.932-0530][gc,heap] Heap region size: 1M
[2019-07-16T20:08:24.938-0530][gc     ] Using G1
[2019-07-16T20:08:24.938-0530][gc,heap,coops] Heap address: 0x00000007e0000000, size: 512 MB, Compressed Oops mode: Zero based, Oop shift amount: 3
[2019-07-16T20:08:27.000-0530][gc,start     ] GC(0) Pause Young (Normal) (G1 Evacuation Pause)
[2019-07-16T20:08:27.000-0530][gc,task      ] GC(0) Using 10 workers of 10 for evacuation
[2019-07-16T20:08:27.005-0530][gc,phases    ] GC(0)   Pre Evacuate Collection Set: 0.0ms
[2019-07-16T20:08:27.005-0530][gc,phases    ] GC(0)   Evacuate Collection Set: 4.3ms
[2019-07-16T20:08:27.005-0530][gc,phases    ] GC(0)   Post Evacuate Collection Set: 0.3ms
[2019-07-16T20:08:27.005-0530][gc,phases    ] GC(0)   Other: 0.6ms
[2019-07-16T20:08:27.005-0530][gc,heap      ] GC(0) Eden regions: 25->0(21)
[2019-07-16T20:08:27.005-0530][gc,heap      ] GC(0) Survivor regions: 0->4(4)
[2019-07-16T20:08:27.005-0530][gc,heap      ] GC(0) Old regions: 0->2
[2019-07-16T20:08:27.005-0530][gc,heap      ] GC(0) Humongous regions: 0->0
[2019-07-16T20:08:27.005-0530][gc,metaspace ] GC(0) Metaspace: 14877K->14877K(1062912K)
[2019-07-16T20:08:27.005-0530][gc           ] GC(0) Pause Young (Normal) (G1 Evacuation Pause) 25M->5M(512M) 5.410ms
[2019-07-16T20:08:27.005-0530][gc,cpu       ] GC(0) User=0.03s Sys=0.01s Real=0.00s
[2019-07-16T20:08:49.822-0530][gc,heap,exit ] Heap
[2019-07-16T20:08:49.822-0530][gc,heap,exit ]  garbage-first heap   total 524288K, used 6443K [0x00000007e0000000, 0x0000000800000000)
[2019-07-16T20:08:49.822-0530][gc,heap,exit ]   region size 1024K, 6 young (6144K), 4 survivors (4096K)
[2019-07-16T20:08:49.822-0530][gc,heap,exit ]  Metaspace       used 15013K, capacity 15353K, committed 15616K, reserved 1062912K
[2019-07-16T20:08:49.822-0530][gc,heap,exit ]   class space    used 1521K, capacity 1668K, committed 1792K, reserved 1048576K
