[2019-07-16T13:57:57.533-0530][gc,heap] Heap region size: 1M
[2019-07-16T13:57:57.538-0530][gc     ] Using G1
[2019-07-16T13:57:57.538-0530][gc,heap,coops] Heap address: 0x00000007e0000000, size: 512 MB, Compressed Oops mode: Zero based, Oop shift amount: 3
[2019-07-16T14:13:17.788-0530][gc,start     ] GC(0) Pause Young (Normal) (G1 Evacuation Pause)
[2019-07-16T14:13:17.788-0530][gc,task      ] GC(0) Using 10 workers of 10 for evacuation
[2019-07-16T14:13:17.793-0530][gc,phases    ] GC(0)   Pre Evacuate Collection Set: 0.0ms
[2019-07-16T14:13:17.793-0530][gc,phases    ] GC(0)   Evacuate Collection Set: 4.2ms
[2019-07-16T14:13:17.793-0530][gc,phases    ] GC(0)   Post Evacuate Collection Set: 0.3ms
[2019-07-16T14:13:17.793-0530][gc,phases    ] GC(0)   Other: 0.5ms
[2019-07-16T14:13:17.793-0530][gc,heap      ] GC(0) Eden regions: 25->0(21)
[2019-07-16T14:13:17.793-0530][gc,heap      ] GC(0) Survivor regions: 0->4(4)
[2019-07-16T14:13:17.793-0530][gc,heap      ] GC(0) Old regions: 0->2
[2019-07-16T14:13:17.793-0530][gc,heap      ] GC(0) Humongous regions: 0->0
[2019-07-16T14:13:17.793-0530][gc,metaspace ] GC(0) Metaspace: 15240K->15240K(1062912K)
[2019-07-16T14:13:17.793-0530][gc           ] GC(0) Pause Young (Normal) (G1 Evacuation Pause) 25M->5M(512M) 5.242ms
[2019-07-16T14:13:17.793-0530][gc,cpu       ] GC(0) User=0.03s Sys=0.01s Real=0.01s
[2019-07-16T16:11:31.264-0530][gc,start     ] GC(1) Pause Young (Normal) (G1 Evacuation Pause)
[2019-07-16T16:11:31.264-0530][gc,task      ] GC(1) Using 10 workers of 10 for evacuation
[2019-07-16T16:11:31.278-0530][gc,phases    ] GC(1)   Pre Evacuate Collection Set: 0.0ms
[2019-07-16T16:11:31.278-0530][gc,phases    ] GC(1)   Evacuate Collection Set: 13.6ms
[2019-07-16T16:11:31.278-0530][gc,phases    ] GC(1)   Post Evacuate Collection Set: 0.2ms
[2019-07-16T16:11:31.278-0530][gc,phases    ] GC(1)   Other: 0.3ms
[2019-07-16T16:11:31.278-0530][gc,heap      ] GC(1) Eden regions: 21->0(24)
[2019-07-16T16:11:31.278-0530][gc,heap      ] GC(1) Survivor regions: 4->1(4)
[2019-07-16T16:11:31.278-0530][gc,heap      ] GC(1) Old regions: 2->6
[2019-07-16T16:11:31.278-0530][gc,heap      ] GC(1) Humongous regions: 0->0
[2019-07-16T16:11:31.278-0530][gc,metaspace ] GC(1) Metaspace: 15301K->15301K(1062912K)
[2019-07-16T16:11:31.278-0530][gc           ] GC(1) Pause Young (Normal) (G1 Evacuation Pause) 26M->5M(512M) 14.265ms
[2019-07-16T16:11:31.278-0530][gc,cpu       ] GC(1) User=0.03s Sys=0.05s Real=0.01s
[2019-07-16T19:31:47.077-0530][gc,start     ] GC(2) Pause Young (Normal) (G1 Evacuation Pause)
[2019-07-16T19:31:47.078-0530][gc,task      ] GC(2) Using 10 workers of 10 for evacuation
[2019-07-16T19:31:47.081-0530][gc,phases    ] GC(2)   Pre Evacuate Collection Set: 0.5ms
[2019-07-16T19:31:47.081-0530][gc,phases    ] GC(2)   Evacuate Collection Set: 2.6ms
[2019-07-16T19:31:47.081-0530][gc,phases    ] GC(2)   Post Evacuate Collection Set: 0.2ms
[2019-07-16T19:31:47.081-0530][gc,phases    ] GC(2)   Other: 0.7ms
[2019-07-16T19:31:47.081-0530][gc,heap      ] GC(2) Eden regions: 24->0(24)
[2019-07-16T19:31:47.081-0530][gc,heap      ] GC(2) Survivor regions: 1->1(4)
[2019-07-16T19:31:47.081-0530][gc,heap      ] GC(2) Old regions: 6->6
[2019-07-16T19:31:47.081-0530][gc,heap      ] GC(2) Humongous regions: 0->0
[2019-07-16T19:31:47.081-0530][gc,metaspace ] GC(2) Metaspace: 15301K->15301K(1062912K)
[2019-07-16T19:31:47.082-0530][gc           ] GC(2) Pause Young (Normal) (G1 Evacuation Pause) 29M->5M(512M) 4.068ms
[2019-07-16T19:31:47.082-0530][gc,cpu       ] GC(2) User=0.00s Sys=0.01s Real=0.01s
[2019-07-16T20:08:07.239-0530][gc,heap,exit ] Heap
[2019-07-16T20:08:07.240-0530][gc,heap,exit ]  garbage-first heap   total 524288K, used 16113K [0x00000007e0000000, 0x0000000800000000)
[2019-07-16T20:08:07.240-0530][gc,heap,exit ]   region size 1024K, 12 young (12288K), 1 survivors (1024K)
[2019-07-16T20:08:07.240-0530][gc,heap,exit ]  Metaspace       used 15315K, capacity 15673K, committed 16128K, reserved 1062912K
[2019-07-16T20:08:07.240-0530][gc,heap,exit ]   class space    used 1521K, capacity 1668K, committed 1792K, reserved 1048576K
