[2019-07-20T19:04:33.306-0530][gc,heap] Heap region size: 1M
[2019-07-20T19:04:33.311-0530][gc     ] Using G1
[2019-07-20T19:04:33.311-0530][gc,heap,coops] Heap address: 0x00000007e0000000, size: 512 MB, Compressed Oops mode: Zero based, Oop shift amount: 3
[2019-07-20T19:27:58.737-0530][gc,start     ] GC(0) Pause Young (Normal) (G1 Evacuation Pause)
[2019-07-20T19:27:58.738-0530][gc,task      ] GC(0) Using 10 workers of 10 for evacuation
[2019-07-20T19:27:58.743-0530][gc,phases    ] GC(0)   Pre Evacuate Collection Set: 0.0ms
[2019-07-20T19:27:58.743-0530][gc,phases    ] GC(0)   Evacuate Collection Set: 4.6ms
[2019-07-20T19:27:58.743-0530][gc,phases    ] GC(0)   Post Evacuate Collection Set: 0.4ms
[2019-07-20T19:27:58.743-0530][gc,phases    ] GC(0)   Other: 0.6ms
[2019-07-20T19:27:58.743-0530][gc,heap      ] GC(0) Eden regions: 25->0(21)
[2019-07-20T19:27:58.743-0530][gc,heap      ] GC(0) Survivor regions: 0->4(4)
[2019-07-20T19:27:58.743-0530][gc,heap      ] GC(0) Old regions: 0->2
[2019-07-20T19:27:58.743-0530][gc,heap      ] GC(0) Humongous regions: 0->0
[2019-07-20T19:27:58.743-0530][gc,metaspace ] GC(0) Metaspace: 15192K->15192K(1062912K)
[2019-07-20T19:27:58.743-0530][gc           ] GC(0) Pause Young (Normal) (G1 Evacuation Pause) 25M->5M(512M) 5.791ms
[2019-07-20T19:27:58.743-0530][gc,cpu       ] GC(0) User=0.03s Sys=0.01s Real=0.01s
[2019-07-20T20:19:56.333-0530][gc,start     ] GC(1) Pause Young (Normal) (G1 Evacuation Pause)
[2019-07-20T20:19:56.334-0530][gc,task      ] GC(1) Using 10 workers of 10 for evacuation
[2019-07-20T20:19:56.339-0530][gc,phases    ] GC(1)   Pre Evacuate Collection Set: 0.0ms
[2019-07-20T20:19:56.339-0530][gc,phases    ] GC(1)   Evacuate Collection Set: 4.0ms
[2019-07-20T20:19:56.339-0530][gc,phases    ] GC(1)   Post Evacuate Collection Set: 0.2ms
[2019-07-20T20:19:56.339-0530][gc,phases    ] GC(1)   Other: 1.3ms
[2019-07-20T20:19:56.339-0530][gc,heap      ] GC(1) Eden regions: 21->0(24)
[2019-07-20T20:19:56.339-0530][gc,heap      ] GC(1) Survivor regions: 4->1(4)
[2019-07-20T20:19:56.339-0530][gc,heap      ] GC(1) Old regions: 2->6
[2019-07-20T20:19:56.339-0530][gc,heap      ] GC(1) Humongous regions: 0->0
[2019-07-20T20:19:56.339-0530][gc,metaspace ] GC(1) Metaspace: 15328K->15328K(1062912K)
[2019-07-20T20:19:56.339-0530][gc           ] GC(1) Pause Young (Normal) (G1 Evacuation Pause) 26M->5M(512M) 5.754ms
[2019-07-20T20:19:56.339-0530][gc,cpu       ] GC(1) User=0.03s Sys=0.01s Real=0.00s
[2019-07-20T21:00:27.857-0530][gc,start     ] GC(2) Pause Young (Normal) (G1 Evacuation Pause)
[2019-07-20T21:00:27.857-0530][gc,task      ] GC(2) Using 10 workers of 10 for evacuation
[2019-07-20T21:00:27.858-0530][gc,phases    ] GC(2)   Pre Evacuate Collection Set: 0.0ms
[2019-07-20T21:00:27.858-0530][gc,phases    ] GC(2)   Evacuate Collection Set: 0.4ms
[2019-07-20T21:00:27.858-0530][gc,phases    ] GC(2)   Post Evacuate Collection Set: 0.2ms
[2019-07-20T21:00:27.858-0530][gc,phases    ] GC(2)   Other: 0.2ms
[2019-07-20T21:00:27.858-0530][gc,heap      ] GC(2) Eden regions: 24->0(24)
[2019-07-20T21:00:27.858-0530][gc,heap      ] GC(2) Survivor regions: 1->1(4)
[2019-07-20T21:00:27.858-0530][gc,heap      ] GC(2) Old regions: 6->6
[2019-07-20T21:00:27.858-0530][gc,heap      ] GC(2) Humongous regions: 0->0
[2019-07-20T21:00:27.858-0530][gc,metaspace ] GC(2) Metaspace: 15328K->15328K(1062912K)
[2019-07-20T21:00:27.858-0530][gc           ] GC(2) Pause Young (Normal) (G1 Evacuation Pause) 29M->5M(512M) 0.900ms
[2019-07-20T21:00:27.858-0530][gc,cpu       ] GC(2) User=0.01s Sys=0.00s Real=0.00s
[2019-07-20T22:13:55.420-0530][gc,start     ] GC(3) Pause Young (Normal) (G1 Evacuation Pause)
[2019-07-20T22:13:55.421-0530][gc,task      ] GC(3) Using 10 workers of 10 for evacuation
[2019-07-20T22:13:55.423-0530][gc,phases    ] GC(3)   Pre Evacuate Collection Set: 0.0ms
[2019-07-20T22:13:55.423-0530][gc,phases    ] GC(3)   Evacuate Collection Set: 1.6ms
[2019-07-20T22:13:55.423-0530][gc,phases    ] GC(3)   Post Evacuate Collection Set: 0.1ms
[2019-07-20T22:13:55.423-0530][gc,phases    ] GC(3)   Other: 0.8ms
[2019-07-20T22:13:55.423-0530][gc,heap      ] GC(3) Eden regions: 24->0(24)
[2019-07-20T22:13:55.423-0530][gc,heap      ] GC(3) Survivor regions: 1->1(4)
[2019-07-20T22:13:55.423-0530][gc,heap      ] GC(3) Old regions: 6->6
[2019-07-20T22:13:55.423-0530][gc,heap      ] GC(3) Humongous regions: 0->0
[2019-07-20T22:13:55.423-0530][gc,metaspace ] GC(3) Metaspace: 15330K->15330K(1062912K)
[2019-07-20T22:13:55.423-0530][gc           ] GC(3) Pause Young (Normal) (G1 Evacuation Pause) 29M->5M(512M) 2.813ms
[2019-07-20T22:13:55.423-0530][gc,cpu       ] GC(3) User=0.01s Sys=0.00s Real=0.00s
[2019-07-20T22:57:29.825-0530][gc,start     ] GC(4) Pause Young (Normal) (G1 Evacuation Pause)
[2019-07-20T22:57:29.826-0530][gc,task      ] GC(4) Using 10 workers of 10 for evacuation
[2019-07-20T22:57:29.828-0530][gc,phases    ] GC(4)   Pre Evacuate Collection Set: 0.0ms
[2019-07-20T22:57:29.828-0530][gc,phases    ] GC(4)   Evacuate Collection Set: 1.8ms
[2019-07-20T22:57:29.828-0530][gc,phases    ] GC(4)   Post Evacuate Collection Set: 0.1ms
[2019-07-20T22:57:29.828-0530][gc,phases    ] GC(4)   Other: 1.1ms
[2019-07-20T22:57:29.828-0530][gc,heap      ] GC(4) Eden regions: 24->0(29)
[2019-07-20T22:57:29.828-0530][gc,heap      ] GC(4) Survivor regions: 1->1(4)
[2019-07-20T22:57:29.828-0530][gc,heap      ] GC(4) Old regions: 6->6
[2019-07-20T22:57:29.828-0530][gc,heap      ] GC(4) Humongous regions: 0->0
[2019-07-20T22:57:29.828-0530][gc,metaspace ] GC(4) Metaspace: 15332K->15332K(1062912K)
[2019-07-20T22:57:29.828-0530][gc           ] GC(4) Pause Young (Normal) (G1 Evacuation Pause) 29M->5M(512M) 3.198ms
[2019-07-20T22:57:29.828-0530][gc,cpu       ] GC(4) User=0.02s Sys=0.00s Real=0.00s
[2019-07-21T10:27:42.782-0530][gc,start     ] GC(5) Pause Young (Normal) (G1 Evacuation Pause)
[2019-07-21T10:27:42.783-0530][gc,task      ] GC(5) Using 10 workers of 10 for evacuation
[2019-07-21T10:27:42.785-0530][gc,phases    ] GC(5)   Pre Evacuate Collection Set: 0.4ms
[2019-07-21T10:27:42.785-0530][gc,phases    ] GC(5)   Evacuate Collection Set: 1.3ms
[2019-07-21T10:27:42.785-0530][gc,phases    ] GC(5)   Post Evacuate Collection Set: 0.2ms
[2019-07-21T10:27:42.785-0530][gc,phases    ] GC(5)   Other: 0.8ms
[2019-07-21T10:27:42.785-0530][gc,heap      ] GC(5) Eden regions: 29->0(81)
[2019-07-21T10:27:42.785-0530][gc,heap      ] GC(5) Survivor regions: 1->1(4)
[2019-07-21T10:27:42.785-0530][gc,heap      ] GC(5) Old regions: 6->6
[2019-07-21T10:27:42.785-0530][gc,heap      ] GC(5) Humongous regions: 0->0
[2019-07-21T10:27:42.785-0530][gc,metaspace ] GC(5) Metaspace: 15625K->15625K(1062912K)
[2019-07-21T10:27:42.785-0530][gc           ] GC(5) Pause Young (Normal) (G1 Evacuation Pause) 34M->5M(512M) 2.798ms
[2019-07-21T10:27:42.785-0530][gc,cpu       ] GC(5) User=0.01s Sys=0.00s Real=0.00s
[2019-07-21T13:19:37.648-0530][gc,start     ] GC(6) Pause Young (Normal) (G1 Evacuation Pause)
[2019-07-21T13:19:37.649-0530][gc,task      ] GC(6) Using 10 workers of 10 for evacuation
[2019-07-21T13:19:37.651-0530][gc,phases    ] GC(6)   Pre Evacuate Collection Set: 0.0ms
[2019-07-21T13:19:37.651-0530][gc,phases    ] GC(6)   Evacuate Collection Set: 1.0ms
[2019-07-21T13:19:37.651-0530][gc,phases    ] GC(6)   Post Evacuate Collection Set: 0.4ms
[2019-07-21T13:19:37.651-0530][gc,phases    ] GC(6)   Other: 1.2ms
[2019-07-21T13:19:37.651-0530][gc,heap      ] GC(6) Eden regions: 81->0(108)
[2019-07-21T13:19:37.651-0530][gc,heap      ] GC(6) Survivor regions: 1->1(11)
[2019-07-21T13:19:37.651-0530][gc,heap      ] GC(6) Old regions: 6->6
[2019-07-21T13:19:37.651-0530][gc,heap      ] GC(6) Humongous regions: 0->0
[2019-07-21T13:19:37.651-0530][gc,metaspace ] GC(6) Metaspace: 15627K->15627K(1062912K)
[2019-07-21T13:19:37.651-0530][gc           ] GC(6) Pause Young (Normal) (G1 Evacuation Pause) 86M->5M(512M) 2.831ms
[2019-07-21T13:19:37.651-0530][gc,cpu       ] GC(6) User=0.00s Sys=0.01s Real=0.01s
[2019-07-21T16:39:39.127-0530][gc,heap,exit ] Heap
[2019-07-21T16:39:39.127-0530][gc,heap,exit ]  garbage-first heap   total 524288K, used 40489K [0x00000007e0000000, 0x0000000800000000)
[2019-07-21T16:39:39.127-0530][gc,heap,exit ]   region size 1024K, 36 young (36864K), 1 survivors (1024K)
[2019-07-21T16:39:39.127-0530][gc,heap,exit ]  Metaspace       used 15644K, capacity 15951K, committed 16128K, reserved 1062912K
[2019-07-21T16:39:39.127-0530][gc,heap,exit ]   class space    used 1547K, capacity 1674K, committed 1792K, reserved 1048576K
