[2019-08-04T23:16:16.018-0530][gc,heap] Heap region size: 1M
[2019-08-04T23:16:16.023-0530][gc     ] Using G1
[2019-08-04T23:16:16.023-0530][gc,heap,coops] Heap address: 0x00000007e0000000, size: 512 MB, Compressed Oops mode: Zero based, Oop shift amount: 3
[2019-08-04T23:16:16.750-0530][gc,start     ] GC(0) Pause Young (Normal) (G1 Evacuation Pause)
[2019-08-04T23:16:16.751-0530][gc,task      ] GC(0) Using 10 workers of 10 for evacuation
[2019-08-04T23:16:16.756-0530][gc,phases    ] GC(0)   Pre Evacuate Collection Set: 0.0ms
[2019-08-04T23:16:16.756-0530][gc,phases    ] GC(0)   Evacuate Collection Set: 4.5ms
[2019-08-04T23:16:16.756-0530][gc,phases    ] GC(0)   Post Evacuate Collection Set: 0.3ms
[2019-08-04T23:16:16.756-0530][gc,phases    ] GC(0)   Other: 0.5ms
[2019-08-04T23:16:16.756-0530][gc,heap      ] GC(0) Eden regions: 25->0(21)
[2019-08-04T23:16:16.756-0530][gc,heap      ] GC(0) Survivor regions: 0->4(4)
[2019-08-04T23:16:16.756-0530][gc,heap      ] GC(0) Old regions: 0->2
[2019-08-04T23:16:16.756-0530][gc,heap      ] GC(0) Humongous regions: 0->0
[2019-08-04T23:16:16.756-0530][gc,metaspace ] GC(0) Metaspace: 14425K->14425K(1062912K)
[2019-08-04T23:16:16.756-0530][gc           ] GC(0) Pause Young (Normal) (G1 Evacuation Pause) 25M->5M(512M) 5.483ms
[2019-08-04T23:16:16.756-0530][gc,cpu       ] GC(0) User=0.04s Sys=0.02s Real=0.00s
[2019-08-04T23:16:16.785-0530][gc,start     ] GC(1) Pause Young (Normal) (G1 Evacuation Pause)
[2019-08-04T23:16:16.785-0530][gc,task      ] GC(1) Using 10 workers of 10 for evacuation
[2019-08-04T23:16:16.787-0530][gc,phases    ] GC(1)   Pre Evacuate Collection Set: 0.0ms
[2019-08-04T23:16:16.787-0530][gc,phases    ] GC(1)   Evacuate Collection Set: 2.3ms
[2019-08-04T23:16:16.787-0530][gc,phases    ] GC(1)   Post Evacuate Collection Set: 0.2ms
[2019-08-04T23:16:16.787-0530][gc,phases    ] GC(1)   Other: 0.1ms
[2019-08-04T23:16:16.787-0530][gc,heap      ] GC(1) Eden regions: 21->0(24)
[2019-08-04T23:16:16.787-0530][gc,heap      ] GC(1) Survivor regions: 4->1(4)
[2019-08-04T23:16:16.787-0530][gc,heap      ] GC(1) Old regions: 2->5
[2019-08-04T23:16:16.787-0530][gc,heap      ] GC(1) Humongous regions: 0->0
[2019-08-04T23:16:16.787-0530][gc,metaspace ] GC(1) Metaspace: 14427K->14427K(1062912K)
[2019-08-04T23:16:16.787-0530][gc           ] GC(1) Pause Young (Normal) (G1 Evacuation Pause) 26M->5M(512M) 2.728ms
[2019-08-04T23:16:16.787-0530][gc,cpu       ] GC(1) User=0.02s Sys=0.01s Real=0.00s
[2019-08-04T23:16:39.830-0530][gc,heap,exit ] Heap
[2019-08-04T23:16:39.830-0530][gc,heap,exit ]  garbage-first heap   total 524288K, used 15705K [0x00000007e0000000, 0x0000000800000000)
[2019-08-04T23:16:39.830-0530][gc,heap,exit ]   region size 1024K, 12 young (12288K), 1 survivors (1024K)
[2019-08-04T23:16:39.830-0530][gc,heap,exit ]  Metaspace       used 14853K, capacity 15129K, committed 15488K, reserved 1062912K
[2019-08-04T23:16:39.830-0530][gc,heap,exit ]   class space    used 1500K, capacity 1636K, committed 1664K, reserved 1048576K
